<html>
<body>
<pre>
<h1>µVision Build Log</h1>
<h2>Project:</h2>
H:\kaihua\os»ã×Ü\os-ucos-stm32f10x-ucos\src\proj\OS.uvproj
Project File Date:  02/16/2019

<h2>Output:</h2>
Build target 'app'
creating preprocessor file for ucos-main.c...
creating preprocessor file for stm32f10x_it.c...
creating preprocessor file for system_stm32f10x.c...
creating preprocessor file for app.c...
compiling app.c...
..\app\app\app.c(29): warning:  #223-D: function "SysTick_init" declared implicitly
    SysTick_init();
..\app\app\app.c(95): warning:  #177-D: variable "Ctr" was declared but never referenced
    OS_SEM_CTR  Ctr;
..\app\app\app.c(96): warning:  #177-D: variable "ts" was declared but never referenced
         CPU_TS      ts;
..\app\app\app.c(168): warning:  #550-D: variable "Ctr" was set but never used
    OS_SEM_CTR  Ctr;
..\app\app\app.c: 4 warnings, 0 errors
linking...
Program Size: Code=11816 RO-data=476 RW-data=264 ZI-data=19048  
FromELF: creating hex file...
".\obj\OS.axf" - 0 Error(s), 4 Warning(s).
Load "H:\\kaihua\\os»ã×Ü\\os-ucos-stm32f10x-ucos\\src\\proj\\obj\\OS.axf" 
Set JLink Project File to "H:\kaihua\os»ã×Ü\os-ucos-stm32f10x-ucos\src\proj\JLinkSettings.ini"
* JLink Info: Device "STM32F103ZE" selected (512 KB flash, 64 KB RAM).
 
JLink info:
------------
DLL: V4.80g, compiled Feb 13 2014 20:50:02
Firmware: J-Link V9 compiled Jun  2 2222 22:22:22
Hardware: V9.00
S/N : 30000299 
Feature(s) : GDB, RDI, FlashBP, FlashDL, JFlash, RDDI 
 
* JLink Info: Found SWD-DP with ID 0x1BA01477
* JLink Info: Found SWD-DP with ID 0x1BA01477
* JLink Info: Found Cortex-M3 r1p1, Little endian.
* JLink Info: FPUnit: 6 code (BP) slots and 2 literal slots
* JLink Info: TPIU fitted.
* JLink Info: ETM fitted.
ROMTableAddr = 0xE00FF003
 
Target info:
------------
Device: STM32F103ZE
VTarget = 3.298V
State of Pins: 
TCK: 0, TDI: 0, TDO: 0, TMS: 1, TRES: 1, TRST: 1
Hardware-Breakpoints: 6
Software-Breakpoints: 8192
Watchpoints:          4
JTAG speed: 6000 kHz
 
Erase Done.
Programming Done.
Verify OK.
</pre>
</body>
</html>
ints:          4
JTAG speed: 6000 kHz
 
Erase Done.
Programming Done.
Verify OK.
