L 1 "..\ucos\cpu\cpu_core.c"
N/*
N*********************************************************************************************************
N*                                                uC/CPU
N*                                    CPU CONFIGURATION & PORT LAYER
N*
N*                          (c) Copyright 2004-2011; Micrium, Inc.; Weston, FL
N*
N*               All rights reserved.  Protected by international copyright laws.
N*
N*               uC/CPU is provided in source form to registered licensees ONLY.  It is
N*               illegal to distribute this source code to any third party unless you receive
N*               written permission by an authorized Micrium representative.  Knowledge of
N*               the source code may NOT be used to develop a similar product.
N*
N*               Please help us continue to provide the Embedded community with the finest
N*               software available.  Your honesty is greatly appreciated.
N*
N*               You can contact us at www.micrium.com.
N*********************************************************************************************************
N*/
N
N/*
N*********************************************************************************************************
N*
N*                                           CORE CPU MODULE
N*
N* Filename      : cpu_core.c
N* Version       : V1.28.01
N* Programmer(s) : SR
N*                 ITJ
N*********************************************************************************************************
N*/
N
N
N/*
N*********************************************************************************************************
N*                                            INCLUDE FILES
N*********************************************************************************************************
N*/
N
N#define    CPU_CORE_MODULE
C "..\ucos\cpu\cpu_core.c" 42 23 cannot open source input file "cpu_core.h": No such file or directory
N#include  <cpu_core.h>
