ARM Linker, 5.03 [Build 76] [MDK-ARM Standard][RL-ARM]

==============================================================================

Section Cross References

    main.o(i.main) refers to sys_call_rtx.o(i.gt_task_create) for gt_task_create
    main.o(i.main) refers to main.o(.bss) for stk_init
    main.o(i.main) refers to main.o(i.task_init) for task_init
    main.o(i.task_init) refers to sys_call_rtx.o(i.gt_task_createx) for gt_task_createx
    main.o(i.task_init) refers to sys_call_rtx.o(i.gt_msleep) for gt_msleep
    main.o(i.task_init) refers to main.o(.bss) for stk_A
    main.o(i.task_init) refers to t_mutex.o(i.gt_task_A) for gt_task_A
    main.o(i.task_init) refers to t_mutex.o(i.gt_task_B) for gt_task_B
    main.o(i.task_init) refers to t_mutex.o(i.gt_task_C) for gt_task_C
    main.o(i.task_init) refers to t_mutex.o(i.gt_task_D) for gt_task_D
    main.o(i.task_init) refers to t_mutex.o(i.gt_task_E) for gt_task_E
    main.o(i.task_init) refers to t_mutex.o(i.gt_task_F) for gt_task_F
    main.o(i.task_init) refers to t_mutex.o(i.gt_task_G) for gt_task_G
    main.o(i.task_init) refers to t_mutex.o(i.gt_task_H) for gt_task_H
    main.o(i.task_init) refers to t_mutex.o(i.gt_task_I) for gt_task_I
    t_mutex.o(i._para_lock) refers to sys_call_rtx.o(i.gt_mutex_lock) for gt_mutex_lock
    t_mutex.o(i._para_lock) refers to t_mutex.o(.data) for locktimes
    t_mutex.o(i._para_unlock) refers to sys_call_rtx.o(i.gt_mutex_unlock) for gt_mutex_unlock
    t_mutex.o(i._para_unlock) refers to t_mutex.o(.data) for unlocktimes
    t_mutex.o(i.gt_task_A) refers to t_mutex.o(i._para_lock) for _para_lock
    t_mutex.o(i.gt_task_A) refers to t_mutex.o(i._para_unlock) for _para_unlock
    t_mutex.o(i.gt_task_A) refers to sys_call_rtx.o(i.gt_msleep) for gt_msleep
    t_mutex.o(i.gt_task_A) refers to t_mutex.o(.bss) for this_mutex
    t_mutex.o(i.gt_task_A) refers to t_mutex.o(.data) for cca
    t_mutex.o(i.gt_task_B) refers to t_mutex.o(i._para_lock) for _para_lock
    t_mutex.o(i.gt_task_B) refers to t_mutex.o(i._para_unlock) for _para_unlock
    t_mutex.o(i.gt_task_B) refers to sys_call_rtx.o(i.gt_msleep) for gt_msleep
    t_mutex.o(i.gt_task_B) refers to t_mutex.o(.bss) for this_mutex
    t_mutex.o(i.gt_task_B) refers to t_mutex.o(.data) for ccb
    t_mutex.o(i.gt_task_C) refers to t_mutex.o(i._para_lock) for _para_lock
    t_mutex.o(i.gt_task_C) refers to t_mutex.o(i._para_unlock) for _para_unlock
    t_mutex.o(i.gt_task_C) refers to sys_call_rtx.o(i.gt_msleep) for gt_msleep
    t_mutex.o(i.gt_task_C) refers to t_mutex.o(.bss) for this_mutex
    t_mutex.o(i.gt_task_C) refers to t_mutex.o(.data) for ccc
    t_mutex.o(i.gt_task_D) refers to t_mutex.o(i._para_lock) for _para_lock
    t_mutex.o(i.gt_task_D) refers to t_mutex.o(i._para_unlock) for _para_unlock
    t_mutex.o(i.gt_task_D) refers to sys_call_rtx.o(i.gt_msleep) for gt_msleep
    t_mutex.o(i.gt_task_D) refers to t_mutex.o(.bss) for this_mutex
    t_mutex.o(i.gt_task_D) refers to t_mutex.o(.data) for ccd
    t_mutex.o(i.gt_task_E) refers to t_mutex.o(i._para_lock) for _para_lock
    t_mutex.o(i.gt_task_E) refers to t_mutex.o(i._para_unlock) for _para_unlock
    t_mutex.o(i.gt_task_E) refers to sys_call_rtx.o(i.gt_msleep) for gt_msleep
    t_mutex.o(i.gt_task_E) refers to t_mutex.o(.bss) for this_mutex
    t_mutex.o(i.gt_task_E) refers to t_mutex.o(.data) for cce
    t_mutex.o(i.gt_task_F) refers to t_mutex.o(i._para_lock) for _para_lock
    t_mutex.o(i.gt_task_F) refers to t_mutex.o(i._para_unlock) for _para_unlock
    t_mutex.o(i.gt_task_F) refers to sys_call_rtx.o(i.gt_msleep) for gt_msleep
    t_mutex.o(i.gt_task_F) refers to t_mutex.o(.bss) for this_mutex
    t_mutex.o(i.gt_task_F) refers to t_mutex.o(.data) for ccf
    t_mutex.o(i.gt_task_G) refers to t_mutex.o(i._para_lock) for _para_lock
    t_mutex.o(i.gt_task_G) refers to t_mutex.o(i._para_unlock) for _para_unlock
    t_mutex.o(i.gt_task_G) refers to sys_call_rtx.o(i.gt_msleep) for gt_msleep
    t_mutex.o(i.gt_task_G) refers to t_mutex.o(.bss) for this_mutex
    t_mutex.o(i.gt_task_G) refers to t_mutex.o(.data) for ccg
    t_mutex.o(i.gt_task_H) refers to t_mutex.o(i._para_lock) for _para_lock
    t_mutex.o(i.gt_task_H) refers to t_mutex.o(i._para_unlock) for _para_unlock
    t_mutex.o(i.gt_task_H) refers to sys_call_rtx.o(i.gt_msleep) for gt_msleep
    t_mutex.o(i.gt_task_H) refers to t_mutex.o(.bss) for this_mutex
    t_mutex.o(i.gt_task_H) refers to t_mutex.o(.data) for cch
    t_mutex.o(i.gt_task_I) refers to t_mutex.o(i._para_lock) for _para_lock
    t_mutex.o(i.gt_task_I) refers to t_mutex.o(i._para_unlock) for _para_unlock
    t_mutex.o(i.gt_task_I) refers to sys_call_rtx.o(i.gt_msleep) for gt_msleep
    t_mutex.o(i.gt_task_I) refers to t_mutex.o(.bss) for this_mutex
    t_mutex.o(i.gt_task_I) refers to t_mutex.o(.data) for cci
    rtx_conf_cm.o(i.__user_perthread_libspace) refers to rt_task.o(i.rt_tsk_self) for rt_tsk_self
[...]
    heap2.o(i._malloc$realtime) refers to init_alloc.o(.text) for __Heap_Full
    heap2.o(i._malloc$realtime) refers to fdtree.o(i._FDTree_RemoveNode) for _FDTree_RemoveNode
    heap2.o(i._malloc$realtime) refers to fdtree.o(i._FDTree_Insert) for _FDTree_Insert
    heap2.o(i._posix_memalign$realtime) refers to rt_heap_descriptor_twolibspace.o(.text) for __rt_heap_descriptor
    heap2.o(i._posix_memalign$realtime) refers to fdtree.o(i._FDTree_FindFirst) for _FDTree_FindFirst
    heap2.o(i._posix_memalign$realtime) refers to init_alloc.o(.text) for __Heap_Full
    heap2.o(i._posix_memalign$realtime) refers to fdtree.o(i._FDTree_RemoveNode) for _FDTree_RemoveNode
    heap2.o(i._posix_memalign$realtime) refers to fdtree.o(i._FDTree_Insert) for _FDTree_Insert
    heap2.o(i._realloc$realtime) refers to rt_heap_descriptor_twolibspace.o(.text) for __rt_heap_descriptor
    heap2.o(i._realloc$realtime) refers to fdtree.o(i._FDTree_Insert) for _FDTree_Insert
    heap2.o(i._realloc$realtime) refers to h1_free_mt.o(.text) for free
    heap2.o(i._realloc$realtime) refers to h1_alloc_mt.o(.text) for malloc
    heap2.o(i._realloc$realtime) refers to fdtree.o(i._FDTree_Delete) for _FDTree_Delete
    heap2.o(i._realloc$realtime) refers to rt_memcpy_w.o(.text) for __aeabi_memcpy4
    heap2mt.o(i._FDIterate) refers to heap2mt.o(.constdata) for .constdata
    heap2mt.o(i.___Heap_Initialize$realtime$concurrent) refers to rtx_conf_cm.o(i._mutex_initialize) for _mutex_initialize
    heap2mt.o(i.___Heap_ProvideMemory$realtime$concurrent) refers to fdtree.o(i._FDTree_Delete) for _FDTree_Delete
    heap2mt.o(i.___Heap_ProvideMemory$realtime$concurrent) refers to fdtree.o(i._FDTree_Insert) for _FDTree_Insert
    heap2mt.o(i.___Heap_Stats$realtime$concurrent) refers (Weak) to rtx_conf_cm.o(i._mutex_acquire) for _mutex_acquire
    heap2mt.o(i.___Heap_Stats$realtime$concurrent) refers to heap2mt.o(i._Heap2_StatsIterate) for _Heap2_StatsIterate
    heap2mt.o(i.___Heap_Stats$realtime$concurrent) refers (Weak) to rtx_conf_cm.o(i._mutex_release) for _mutex_release
    heap2mt.o(i.___Heap_Valid$realtime$concurrent) refers (Weak) to rtx_conf_cm.o(i._mutex_acquire) for _mutex_acquire
    heap2mt.o(i.___Heap_Valid$realtime$concurrent) refers to heap2mt.o(i._FDIterate) for _FDIterate
    heap2mt.o(i.___Heap_Valid$realtime$concurrent) refers (Weak) to rtx_conf_cm.o(i._mutex_release) for _mutex_release
    heap2mt.o(i.___Heap_Valid$realtime$concurrent) refers to heap2mt.o(.constdata) for .constdata
    heap2mt.o(i._free$realtime$concurrent) refers to rt_heap_descriptor_twolibspace.o(.text) for __rt_heap_descriptor
    heap2mt.o(i._free$realtime$concurrent) refers (Weak) to rtx_conf_cm.o(i._mutex_acquire) for _mutex_acquire
    heap2mt.o(i._free$realtime$concurrent) refers to fdtree.o(i._FDTree_Delete) for _FDTree_Delete
    heap2mt.o(i._free$realtime$concurrent) refers to fdtree.o(i._FDTree_Insert) for _FDTree_Insert
    heap2mt.o(i._free$realtime$concurrent) refers (Weak) to rtx_conf_cm.o(i._mutex_release) for _mutex_release
    heap2mt.o(i._malloc$realtime$concurrent) refers to rt_heap_descriptor_twolibspace.o(.text) for __rt_heap_descriptor
    heap2mt.o(i._malloc$realtime$concurrent) refers (Weak) to rtx_conf_cm.o(i._mutex_acquire) for _mutex_acquire
    heap2mt.o(i._malloc$realtime$concurrent) refers to fdtree.o(i._FDTree_FindFirst) for _FDTree_FindFirst
    heap2mt.o(i._malloc$realtime$concurrent) refers to init_alloc.o(.text) for __Heap_Full
    heap2mt.o(i._malloc$realtime$concurrent) refers to fdtree.o(i._FDTree_RemoveNode) for _FDTree_RemoveNode
    heap2mt.o(i._malloc$realtime$concurrent) refers to fdtree.o(i._FDTree_Insert) for _FDTree_Insert
    heap2mt.o(i._malloc$realtime$concurrent) refers (Weak) to rtx_conf_cm.o(i._mutex_release) for _mutex_release
    heap2mt.o(i._malloc$realtime$concurrent) refers (Weak) to rtx_conf_cm.o(i._mutex_release) for _mutex_release
    heap2mt.o(i._posix_memalign$realtime$concurrent) refers to rt_heap_descriptor_twolibspace.o(.text) for __rt_heap_descriptor
    heap2mt.o(i._posix_memalign$realtime$concurrent) refers (Weak) to rtx_conf_cm.o(i._mutex_acquire) for _mutex_acquire
    heap2mt.o(i._posix_memalign$realtime$concurrent) refers to fdtree.o(i._FDTree_FindFirst) for _FDTree_FindFirst
    heap2mt.o(i._posix_memalign$realtime$concurrent) refers to init_alloc.o(.text) for __Heap_Full
    heap2mt.o(i._posix_memalign$realtime$concurrent) refers to fdtree.o(i._FDTree_RemoveNode) for _FDTree_RemoveNode
    heap2mt.o(i._posix_memalign$realtime$concurrent) refers to fdtree.o(i._FDTree_Insert) for _FDTree_Insert
    heap2mt.o(i._posix_memalign$realtime$concurrent) refers (Weak) to rtx_conf_cm.o(i._mutex_release) for _mutex_release
    heap2mt.o(i._realloc$realtime$concurrent) refers to rt_heap_descriptor_twolibspace.o(.text) for __rt_heap_descriptor
    heap2mt.o(i._realloc$realtime$concurrent) refers (Weak) to rtx_conf_cm.o(i._mutex_acquire) for _mutex_acquire
    heap2mt.o(i._realloc$realtime$concurrent) refers to fdtree.o(i._FDTree_Insert) for _FDTree_Insert
    heap2mt.o(i._realloc$realtime$concurrent) refers to h1_free_mt.o(.text) for free
    heap2mt.o(i._realloc$realtime$concurrent) refers to h1_alloc_mt.o(.text) for malloc
    heap2mt.o(i._realloc$realtime$concurrent) refers to fdtree.o(i._FDTree_Delete) for _FDTree_Delete
    heap2mt.o(i._realloc$realtime$concurrent) refers (Weak) to rtx_conf_cm.o(i._mutex_release) for _mutex_release
    heap2mt.o(i._realloc$realtime$concurrent) refers to rt_memcpy_w.o(.text) for __aeabi_memcpy4
    heap2mt.o(i._realloc$realtime$concurrent) refers (Weak) to rtx_conf_cm.o(i._mutex_release) for _mutex_release
    heap2mt.o(i._realloc$realtime$concurrent) refers (Weak) to rtx_conf_cm.o(i._mutex_release) for _mutex_release
    __main.o(!!!main) refers to rtentry.o(.ARM.Collect$$rtentry$$00000000) for __rt_entry
    rtentry.o(.ARM.Collect$$rtentry$$00000000) refers (Special) to rtentry2.o(.ARM.Collect$$rtentry$$0000000A) for __rt_entry_li
    rtentry.o(.ARM.Collect$$rtentry$$00000000) refers (Special) to rtentry2.o(.ARM.Collect$$rtentry$$0000000D) for __rt_entry_main
    rtentry.o(.ARM.Collect$$rtentry$$00000000) refers (Special) to rtentry2.o(.ARM.Collect$$rtentry$$0000000C) for __rt_entry_postli_1
    rtentry.o(.ARM.Collect$$rtentry$$00000000) refers (Special) to rtentry2.o(.ARM.Collect$$rtentry$$00000009) for __rt_entry_postsh_1
    rtentry.o(.ARM.Collect$$rtentry$$00000000) refers (Special) to rtentry2.o(.ARM.Collect$$rtentry$$00000002) for __rt_entry_presh_1
    rtentry.o(.ARM.Collect$$rtentry$$00000000) refers (Special) to rtentry4.o(.ARM.Collect$$rtentry$$00000004) for __rt_entry_sh
    rt_heap_descriptor.o(.text) refers to rt_heap_descriptor.o(.bss) for __rt_heap_descriptor_data
    rt_heap_descriptor_intlibspace.o(.text) refers to libspace.o(.bss) for __libspace_start
    rt_heap_descriptor_twolibspace.o(.text) refers to libspace.o(.text) for __user_perproc_libspace
    init_alloc.o(.text) refers (Special) to hguard.o(.text) for __heap$guard
    init_alloc.o(.text) refers (Special) to libinit2.o(.ARM.Collect$$libinit$$00000003) for __rt_lib_init_heap_2
    init_alloc.o(.text) refers (Special) to maybetermalloc1.o(.emb_text) for _maybe_terminate_alloc
    init_alloc.o(.text) refers to h1_extend_mt.o(.text) for __Heap_ProvideMemory
    init_alloc.o(.text) refers to defsig_rtmem_outer.o(.text) for __rt_SIGRTMEM
    init_alloc.o(.text) refers to rt_heap_descriptor_twolibspace.o(.text) for __rt_heap_descriptor
    init_alloc.o(.text) refers to h1_init_mt.o(.text) for __Heap_Initialize
    h1_init_mt.o(.text) refers to rtx_conf_cm.o(i._mutex_initialize) for _mutex_initialize
    _get_argv.o(.text) refers (Special) to hrguard.o(.text) for __heap_region$guard
    _get_argv.o(.text) refers to h1_alloc_mt.o(.text) for malloc
    _get_argv.o(.text) refers to defsig_rtmem_outer.o(.text) for __rt_SIGRTMEM
    _get_argv.o(.text) refers to sys_command.o(.text) for _sys_command_string
    libinit2.o(.ARM.Collect$$libinit$$00000003) refers (Weak) to init_alloc.o(.text) for _init_alloc
    libinit2.o(.ARM.Collect$$libinit$$0000000E) refers to libinit2.o(.ARM.Collect$$libinit$$0000000D) for .ARM.Collect$$libinit$$0000000D
    libinit2.o(.ARM.Collect$$libinit$$00000010) refers to libinit2.o(.ARM.Collect$$libinit$$0000000D) for .ARM.Collect$$libinit$$0000000D
    libinit2.o(.ARM.Collect$$libinit$$00000012) refers to libinit2.o(.ARM.Collect$$libinit$$0000000D) for .ARM.Collect$$libinit$$0000000D
    libinit2.o(.ARM.Collect$$libinit$$00000014) refers to libinit2.o(.ARM.Collect$$libinit$$0000000D) for .ARM.Collect$$libinit$$0000000D
    libinit2.o(.ARM.Collect$$libinit$$00000016) refers to libinit2.o(.ARM.Collect$$libinit$$0000000D) for .ARM.Collect$$libinit$$0000000D
    libinit2.o(.ARM.Collect$$libinit$$00000024) refers to argv_veneer.o(.emb_text) for __ARM_argv_veneer
    libinit2.o(.ARM.Collect$$libinit$$00000025) refers to argv_veneer.o(.emb_text) for __ARM_argv_veneer
    sys_command.o(.text) refers (Special) to use_no_semi.o(.text) for __I$use$semihosting
    sys_command.o(.text) refers (Special) to indicate_semi.o(.text) for __semihosting_library_function
    rtentry2.o(.ARM.Collect$$rtentry$$00000008) refers to boardinit2.o(.text) for _platform_post_stackheap_init
    rtentry2.o(.ARM.Collect$$rtentry$$0000000A) refers to libinit.o(.ARM.Collect$$libinit$$00000000) for __rt_lib_init
    rtentry2.o(.ARM.Collect$$rtentry$$0000000B) refers to boardinit3.o(.text) for _platform_post_lib_init
    rtentry2.o(.ARM.Collect$$rtentry$$0000000D) refers to main.o(i.main) for main
    rtentry2.o(.ARM.Collect$$rtentry$$0000000D) refers to exit.o(.text) for exit
    rtentry2.o(.ARM.exidx) refers to rtentry2.o(.ARM.Collect$$rtentry$$00000001) for .ARM.Collect$$rtentry$$00000001
    rtentry2.o(.ARM.exidx) refers to rtentry2.o(.ARM.Collect$$rtentry$$00000008) for .ARM.Collect$$rtentry$$00000008
    rtentry2.o(.ARM.exidx) refers to rtentry2.o(.ARM.Collect$$rtentry$$0000000A) for .ARM.Collect$$rtentry$$0000000A
    rtentry2.o(.ARM.exidx) refers to rtentry2.o(.ARM.Collect$$rtentry$$0000000B) for .ARM.Collect$$rtentry$$0000000B
    rtentry2.o(.ARM.exidx) refers to rtentry2.o(.ARM.Collect$$rtentry$$0000000D) for .ARM.Collect$$rtentry$$0000000D
    rtentry4.o(.ARM.Collect$$rtentry$$00000004) refers to sys_stackheap_outer.o(.text) for __user_setup_stackheap
    rtentry4.o(.ARM.exidx) refers to rtentry4.o(.ARM.Collect$$rtentry$$00000004) for .ARM.Collect$$rtentry$$00000004
    maybetermalloc2.o(.emb_text) refers (Special) to term_alloc.o(.text) for _terminate_alloc
    h1_extend.o(.text) refers to h1_free_mt.o(.text) for free
    h1_extend_mt.o(.text) refers to h1_free_mt.o(.text) for _free_internal
    defsig_rtmem_outer.o(.text) refers to defsig_rtmem_inner.o(.text) for __rt_SIGRTMEM_inner
    defsig_rtmem_outer.o(.text) refers to defsig_exit.o(.text) for __sig_exit
    defsig_rtmem_formal.o(.text) refers to rt_raise.o(.text) for __rt_raise
    heapauxa.o(.text) refers to heapauxa.o(.data) for .data
    argv_veneer.o(.emb_text) refers to no_argv.o(.text) for __ARM_get_argv
    sys_stackheap_outer.o(.text) refers to libspace.o(.text) for __user_perproc_libspace
    sys_stackheap_outer.o(.text) refers to startup_stm32f10x_md.o(.text) for __user_initial_stackheap
    rt_raise.o(.text) refers to __raise.o(.text) for __raise
    rt_raise.o(.text) refers to sys_exit.o(.text) for _sys_exit
    term_alloc.o(.text) refers (Special) to libshutdown2.o(.ARM.Collect$$libshutdown$$0000000D) for __rt_lib_shutdown_heap_2
    term_alloc.o(.text) refers to rt_heap_descriptor_twolibspace.o(.text) for __rt_heap_descriptor
    term_alloc.o(.text) refers to h1_final_mt.o(.text) for __Heap_Finalize
    exit.o(.text) refers to rtexit.o(.ARM.Collect$$rtexit$$00000000) for __rt_exit
    defsig_exit.o(.text) refers to sys_exit.o(.text) for _sys_exit
    defsig_rtmem_inner.o(.text) refers to defsig_general.o(.text) for __default_signal_display
    _get_argv_nomalloc.o(.text) refers (Special) to hrguard.o(.text) for __heap_region$guard
    _get_argv_nomalloc.o(.text) refers to defsig_rtmem_outer.o(.text) for __rt_SIGRTMEM
    _get_argv_nomalloc.o(.text) refers to sys_command.o(.text) for _sys_command_string
    libinit.o(.ARM.Collect$$libinit$$00000000) refers (Special) to libinit2.o(.ARM.Collect$$libinit$$0000002C) for __rt_lib_init_alloca_1
    libinit.o(.ARM.Collect$$libinit$$00000000) refers (Special) to libinit2.o(.ARM.Collect$$libinit$$0000002A) for __rt_lib_init_argv_1
    libinit.o(.ARM.Collect$$libinit$$00000000) refers (Special) to libinit2.o(.ARM.Collect$$libinit$$00000019) for __rt_lib_init_atexit_1
    libinit.o(.ARM.Collect$$libinit$$00000000) refers (Special) to libinit2.o(.ARM.Collect$$libinit$$0000001F) for __rt_lib_init_clock_1
    libinit.o(.ARM.Collect$$libinit$$00000000) refers (Special) to libinit2.o(.ARM.Collect$$libinit$$00000030) for __rt_lib_init_cpp_1
    libinit.o(.ARM.Collect$$libinit$$00000000) refers (Special) to libinit2.o(.ARM.Collect$$libinit$$0000002E) for __rt_lib_init_exceptions_1
    libinit.o(.ARM.Collect$$libinit$$00000000) refers (Special) to libinit2.o(.ARM.Collect$$libinit$$00000002) for __rt_lib_init_fp_1
    libinit.o(.ARM.Collect$$libinit$$00000000) refers (Special) to libinit2.o(.ARM.Collect$$libinit$$0000001D) for __rt_lib_init_fp_trap_1
    libinit.o(.ARM.Collect$$libinit$$00000000) refers (Special) to libinit2.o(.ARM.Collect$$libinit$$00000021) for __rt_lib_init_getenv_1
    libinit.o(.ARM.Collect$$libinit$$00000000) refers (Special) to libinit2.o(.ARM.Collect$$libinit$$00000008) for __rt_lib_init_heap_1
    libinit.o(.ARM.Collect$$libinit$$00000000) refers (Special) to libinit2.o(.ARM.Collect$$libinit$$0000000F) for __rt_lib_init_lc_collate_1
    libinit.o(.ARM.Collect$$libinit$$00000000) refers (Special) to libinit2.o(.ARM.Collect$$libinit$$00000011) for __rt_lib_init_lc_ctype_1
    libinit.o(.ARM.Collect$$libinit$$00000000) refers (Special) to libinit2.o(.ARM.Collect$$libinit$$00000013) for __rt_lib_init_lc_monetary_1
    libinit.o(.ARM.Collect$$libinit$$00000000) refers (Special) to libinit2.o(.ARM.Collect$$libinit$$00000015) for __rt_lib_init_lc_numeric_1
    libinit.o(.ARM.Collect$$libinit$$00000000) refers (Special) to libinit2.o(.ARM.Collect$$libinit$$00000017) for __rt_lib_init_lc_time_1
    libinit.o(.ARM.Collect$$libinit$$00000000) refers (Special) to libinit2.o(.ARM.Collect$$libinit$$0000000C) for __rt_lib_init_rand_1
    libinit.o(.ARM.Collect$$libinit$$00000000) refers (Special) to libinit2.o(.ARM.Collect$$libinit$$00000031) for __rt_lib_init_return
    libinit.o(.ARM.Collect$$libinit$$00000000) refers (Special) to libinit2.o(.ARM.Collect$$libinit$$0000001B) for __rt_lib_init_signal_1
    libinit.o(.ARM.Collect$$libinit$$00000000) refers (Special) to libinit2.o(.ARM.Collect$$libinit$$00000023) for __rt_lib_init_stdio_1
    libinit.o(.ARM.Collect$$libinit$$00000000) refers (Special) to libinit2.o(.ARM.Collect$$libinit$$0000000A) for __rt_lib_init_user_alloc_1
    sys_exit.o(.text) refers (Special) to use_no_semi.o(.text) for __I$use$semihosting
    sys_exit.o(.text) refers (Special) to indicate_semi.o(.text) for __semihosting_library_function
    rtexit.o(.ARM.Collect$$rtexit$$00000000) refers (Special) to rtexit2.o(.ARM.Collect$$rtexit$$00000004) for __rt_exit_exit
    rtexit.o(.ARM.Collect$$rtexit$$00000000) refers (Special) to rtexit2.o(.ARM.Collect$$rtexit$$00000003) for __rt_exit_ls
    rtexit.o(.ARM.Collect$$rtexit$$00000000) refers (Special) to rtexit2.o(.ARM.Collect$$rtexit$$00000002) for __rt_exit_prels_1
    rtexit.o(.ARM.exidx) refers (Special) to rtexit2.o(.ARM.Collect$$rtexit$$00000004) for __rt_exit_exit
    rtexit.o(.ARM.exidx) refers (Special) to rtexit2.o(.ARM.Collect$$rtexit$$00000003) for __rt_exit_ls
    rtexit.o(.ARM.exidx) refers (Special) to rtexit2.o(.ARM.Collect$$rtexit$$00000002) for __rt_exit_prels_1
    rtexit.o(.ARM.exidx) refers to rtexit.o(.ARM.Collect$$rtexit$$00000000) for .ARM.Collect$$rtexit$$00000000
    __raise.o(.text) refers to defsig.o(CL$$defsig) for __default_signal_handler
    defsig_general.o(.text) refers to sys_wrch.o(.text) for _ttywrch
    libshutdown2.o(.ARM.Collect$$libshutdown$$0000000C) refers (Weak) to term_alloc.o(.text) for _terminate_alloc
    sys_wrch.o(.text) refers (Special) to use_no_semi.o(.text) for __I$use$semihosting
    sys_wrch.o(.text) refers (Special) to indicate_semi.o(.text) for __semihosting_library_function
    rtexit2.o(.ARM.Collect$$rtexit$$00000003) refers to libshutdown.o(.ARM.Collect$$libshutdown$$00000000) for __rt_lib_shutdown
    rtexit2.o(.ARM.Collect$$rtexit$$00000004) refers to sys_exit.o(.text) for _sys_exit
    rtexit2.o(.ARM.exidx) refers to rtexit2.o(.ARM.Collect$$rtexit$$00000001) for .ARM.Collect$$rtexit$$00000001
    rtexit2.o(.ARM.exidx) refers to rtexit2.o(.ARM.Collect$$rtexit$$00000003) for .ARM.Collect$$rtexit$$00000003
    rtexit2.o(.ARM.exidx) refers to rtexit2.o(.ARM.Collect$$rtexit$$00000004) for .ARM.Collect$$rtexit$$00000004
    defsig.o(CL$$defsig) refers to defsig_rtmem_inner.o(.text) for __rt_SIGRTMEM_inner
    defsig_abrt_inner.o(.text) refers to defsig_general.o(.text) for __default_signal_display
    defsig_fpe_inner.o(.text) refers to defsig_general.o(.text) for __default_signal_display
    defsig_rtred_inner.o(.text) refers to defsig_general.o(.text) for __default_signal_display
    defsig_stak_inner.o(.text) refers to defsig_general.o(.text) for __default_signal_display
    defsig_pvfn_inner.o(.text) refers to defsig_general.o(.text) for __default_signal_display
    defsig_cppl_inner.o(.text) refers to defsig_general.o(.text) for __default_signal_display
    defsig_segv_inner.o(.text) refers to defsig_general.o(.text) for __default_signal_display
    defsig_other.o(.text) refers to defsig_general.o(.text) for __default_signal_display
    libshutdown.o(.ARM.Collect$$libshutdown$$00000000) refers (Special) to libshutdown2.o(.ARM.Collect$$libshutdown$$00000006) for __rt_lib_shutdown_fp_trap_1
    libshutdown.o(.ARM.Collect$$libshutdown$$00000000) refers (Special) to libshutdown2.o(.ARM.Collect$$libshutdown$$0000000E) for __rt_lib_shutdown_heap_1
    libshutdown.o(.ARM.Collect$$libshutdown$$00000000) refers (Special) to libshutdown2.o(.ARM.Collect$$libshutdown$$0000000F) for __rt_lib_shutdown_return
    libshutdown.o(.ARM.Collect$$libshutdown$$00000000) refers (Special) to libshutdown2.o(.ARM.Collect$$libshutdown$$00000009) for __rt_lib_shutdown_signal_1
    libshutdown.o(.ARM.Collect$$libshutdown$$00000000) refers (Special) to libshutdown2.o(.ARM.Collect$$libshutdown$$00000003) for __rt_lib_shutdown_stdio_1
    libshutdown.o(.ARM.Collect$$libshutdown$$00000000) refers (Special) to libshutdown2.o(.ARM.Collect$$libshutdown$$0000000B) for __rt_lib_shutdown_user_alloc_1


==============================================================================

Removing Unused input sections from the image.

    Removing rtx_conf_cm.o(i.__user_perthread_libspace), (36 bytes).
    Removing rtx_conf_cm.o(i._mutex_initialize), (44 bytes).
    Removing system_stm32f10x.o(.rev16_text), (4 bytes).
    Removing system_stm32f10x.o(.revsh_text), (4 bytes).
    Removing system_stm32f10x.o(.rrx_text), (6 bytes).
    Removing system_stm32f10x.o(i.SystemCoreClockUpdate), (164 bytes).
    Removing system_stm32f10x.o(.data), (20 bytes).
    Removing rt_mutex.o(i.rt_mut_init), (16 bytes).
    Removing rt_task.o(i.rt_tsk_delete), (152 bytes).
    Removing rt_task.o(i.rt_tsk_pass), (48 bytes).
    Removing rt_task.o(i.rt_tsk_prio), (128 bytes).
    Removing sys_call_rtx.o(i.gt_mbox_check), (12 bytes).
    Removing sys_call_rtx.o(i.gt_mbox_check_isr), (4 bytes).
    Removing sys_call_rtx.o(i.gt_mbox_create), (40 bytes).
    Removing sys_call_rtx.o(i.gt_mbox_fetch), (40 bytes).
    Removing sys_call_rtx.o(i.gt_mbox_fetch_isr), (28 bytes).
    Removing sys_call_rtx.o(i.gt_mbox_free), (4 bytes).
    Removing sys_call_rtx.o(i.gt_mbox_post), (32 bytes).
    Removing sys_call_rtx.o(i.gt_mbox_post_isr), (10 bytes).
    Removing sys_call_rtx.o(i.gt_mbox_tryfetch), (40 bytes).
    Removing sys_call_rtx.o(i.gt_mbox_trypost), (32 bytes).
    Removing sys_call_rtx.o(i.gt_mutex_close), (12 bytes).
    Removing sys_call_rtx.o(i.gt_mutex_init), (32 bytes).
    Removing sys_call_rtx.o(i.gt_osversion), (28 bytes).
    Removing sys_call_rtx.o(i.gt_runtick), (12 bytes).
    Removing sys_call_rtx.o(i.gt_runtime), (28 bytes).
    Removing sys_call_rtx.o(i.gt_sem_create), (36 bytes).
    Removing sys_call_rtx.o(i.gt_sem_free), (24 bytes).
    Removing sys_call_rtx.o(i.gt_sem_send), (12 bytes).
    Removing sys_call_rtx.o(i.gt_sem_wait), (40 bytes).
    Removing sys_call_rtx.o(i.gt_ssleep), (52 bytes).
    Removing sys_call_rtx.o(i.gt_task_delete), (32 bytes).
    Removing sys_call_rtx.o(i.gt_task_lock), (12 bytes).
    Removing sys_call_rtx.o(i.gt_task_self), (4 bytes).
    Removing sys_call_rtx.o(i.gt_task_unlock), (12 bytes).
    Removing sys_call_rtx.o(i.gt_tsleep), (16 bytes).
    Removing rt_list.o(i.rt_get_same_rdy_prio), (36 bytes).
    Removing rt_list.o(i.rt_psq_enq), (88 bytes).
    Removing rt_mailbox.o(i.isr_mbx_receive), (84 bytes).
    Removing rt_mailbox.o(i.isr_mbx_send), (14 bytes).
    Removing rt_mailbox.o(i.rt_mbx_check), (8 bytes).
    Removing rt_mailbox.o(i.rt_mbx_init), (26 bytes).
    Removing rt_mailbox.o(i.rt_mbx_send), (164 bytes).
    Removing rt_mailbox.o(i.rt_mbx_wait), (184 bytes).
    Removing rt_membox.o(i._calloc_box), (30 bytes).
    Removing rt_semaphore.o(i.isr_sem_send), (16 bytes).
    Removing rt_semaphore.o(i.rt_sem_init), (12 bytes).
    Removing rt_semaphore.o(i.rt_sem_send), (56 bytes).
    Removing rt_semaphore.o(i.rt_sem_wait), (64 bytes).
    Removing rt_system.o(.emb_text), (0 bytes).
    Removing rt_system.o(i.rt_psh_req), (32 bytes).
    Removing rt_system.o(i.rt_resume), (176 bytes).
    Removing rt_system.o(i.rt_suspend), (44 bytes).
    Removing rt_system.o(i.rt_tsk_lock), (80 bytes).
    Removing rt_system.o(i.rt_tsk_unlock), (80 bytes).
    Removing rt_time.o(i.rt_itv_set), (24 bytes).
    Removing rt_time.o(i.rt_itv_wait), (44 bytes).
    Removing rt_time.o(i.rt_time_get), (12 bytes).
    Removing hal_cm3.o(i.dbg_init), (48 bytes).
    Removing hal_cm3.o(i.dbg_task_notify), (32 bytes).
    Removing hal_cm3.o(i.dbg_task_switch), (16 bytes).
    Removing hal_cm3.o(.data), (1 bytes).
    Removing rt_event.o(i.isr_evt_set), (40 bytes).
    Removing rt_event.o(i.rt_evt_clr), (28 bytes).
    Removing rt_event.o(i.rt_evt_get), (12 bytes).
    Removing rt_event.o(i.rt_evt_set), (96 bytes).
    Removing rt_event.o(i.rt_evt_wait), (60 bytes).
    Removing rt_robin.o(i.rt_chk_robin), (72 bytes).
    Removing rt_robin.o(i.rt_init_robin), (24 bytes).
    Removing rt_robin.o(.data), (8 bytes).
    Removing rt_timer.o(i.rt_tmr_create), (80 bytes).
    Removing rt_timer.o(i.rt_tmr_kill), (52 bytes).

72 unused section(s) (total 3059 bytes) removed from the image.

==============================================================================

Image Symbol Table

    Local Symbols

    Symbol Name                              Value     Ov Type        Size  Object(Section)

    ../clib/angel/boardlib.s                 0x00000000   Number         0  boardinit1.o ABSOLUTE
    ../clib/angel/boardlib.s                 0x00000000   Number         0  boardinit2.o ABSOLUTE
    ../clib/angel/boardlib.s                 0x00000000   Number         0  boardinit3.o ABSOLUTE
    ../clib/angel/boardlib.s                 0x00000000   Number         0  boardshut.o ABSOLUTE
    ../clib/angel/handlers.s                 0x00000000   Number         0  __scatter_zi.o ABSOLUTE
    ../clib/angel/handlers.s                 0x00000000   Number         0  __scatter_copy.o ABSOLUTE
    ../clib/angel/kernel.s                   0x00000000   Number         0  rtexit.o ABSOLUTE
    ../clib/angel/kernel.s                   0x00000000   Number         0  rtexit2.o ABSOLUTE
    ../clib/angel/kernel.s                   0x00000000   Number         0  rtentry.o ABSOLUTE
    ../clib/angel/kernel.s                   0x00000000   Number         0  rtentry4.o ABSOLUTE
    ../clib/angel/kernel.s                   0x00000000   Number         0  rtentry2.o ABSOLUTE
    ../clib/angel/rt.s                       0x00000000   Number         0  rt_raise.o ABSOLUTE
    ../clib/angel/rt.s                       0x00000000   Number         0  rt_heap_descriptor_twolibspace.o ABSOLUTE
    ../clib/angel/rt.s                       0x00000000   Number         0  rt_heap_descriptor_intlibspace.o ABSOLUTE
    ../clib/angel/rt.s                       0x00000000   Number         0  rt_heap_descriptor.o ABSOLUTE
    ../clib/angel/scatter.s                  0x00000000   Number         0  __scatter.o ABSOLUTE
    ../clib/angel/startup.s                  0x00000000   Number         0  __main.o ABSOLUTE
    ../clib/angel/sys.s                      0x00000000   Number         0  indicate_semi.o ABSOLUTE
    ../clib/angel/sys.s                      0x00000000   Number         0  use_no_semi.o ABSOLUTE
    ../clib/angel/sys.s                      0x00000000   Number         0  sys_stackheap_outer.o ABSOLUTE
    ../clib/angel/sys.s                      0x00000000   Number         0  libspace.o ABSOLUTE
    ../clib/angel/sysapp.c                   0x00000000   Number         0  sys_exit.o ABSOLUTE
    ../clib/angel/sysapp.c                   0x00000000   Number         0  sys_command.o ABSOLUTE
    ../clib/angel/sysapp.c                   0x00000000   Number         0  sys_wrch.o ABSOLUTE
    ../clib/armsys.c                         0x00000000   Number         0  argv_veneer.o ABSOLUTE
    ../clib/armsys.c                         0x00000000   Number         0  argv_veneer.o ABSOLUTE
    ../clib/armsys.c                         0x00000000   Number         0  no_argv.o ABSOLUTE
    ../clib/armsys.c                         0x00000000   Number         0  _get_argv_nomalloc.o ABSOLUTE
    ../clib/armsys.c                         0x00000000   Number         0  _get_argv.o ABSOLUTE
    ../clib/heap1.c                          0x00000000   Number         0  h1_extend_mt.o ABSOLUTE
    ../clib/heap1.c                          0x00000000   Number         0  h1_final.o ABSOLUTE
    ../clib/heap1.c                          0x00000000   Number         0  h1_final_mt.o ABSOLUTE
    ../clib/heap1.c                          0x00000000   Number         0  h1_free_mt.o ABSOLUTE
    ../clib/heap1.c                          0x00000000   Number         0  h1_alloc_mt.o ABSOLUTE
    ../clib/heap1.c                          0x00000000   Number         0  h1_alloc.o ABSOLUTE
    ../clib/heap1.c                          0x00000000   Number         0  h1_init_mt.o ABSOLUTE
    ../clib/heap1.c                          0x00000000   Number         0  h1_extend.o ABSOLUTE
    ../clib/heap1.c                          0x00000000   Number         0  h1_init.o ABSOLUTE
    ../clib/heap1.c                          0x00000000   Number         0  h1_free.o ABSOLUTE
    ../clib/heap2.c                          0x00000000   Number         0  heap2.o ABSOLUTE
    ../clib/heap2.c                          0x00000000   Number         0  heap2mt.o ABSOLUTE
    ../clib/heap2.c                          0x00000000   Number         0  fdtree.o ABSOLUTE
    ../clib/heapalloc.c                      0x00000000   Number         0  init_alloc.o ABSOLUTE
    ../clib/heapalloc.c                      0x00000000   Number         0  heapstubs.o ABSOLUTE
    ../clib/heapalloc.c                      0x00000000   Number         0  term_alloc.o ABSOLUTE
    ../clib/heapalloc.c                      0x00000000   Number         0  maybetermalloc2.o ABSOLUTE
    ../clib/heapalloc.c                      0x00000000   Number         0  maybetermalloc2.o ABSOLUTE
    ../clib/heapalloc.c                      0x00000000   Number         0  maybetermalloc1.o ABSOLUTE
    ../clib/heapalloc.c                      0x00000000   Number         0  maybetermalloc1.o ABSOLUTE
    ../clib/heapalloc.c                      0x00000000   Number         0  malloc.o ABSOLUTE
    ../clib/heapalloc.c                      0x00000000   Number         0  free.o ABSOLUTE
    ../clib/heapalloc.c                      0x00000000   Number         0  hrguard.o ABSOLUTE
    ../clib/heapalloc.c                      0x00000000   Number         0  hguard.o ABSOLUTE
    ../clib/heapaux.c                        0x00000000   Number         0  heapauxa.o ABSOLUTE
    ../clib/heapaux.c                        0x00000000   Number         0  heapauxi.o ABSOLUTE
    ../clib/libinit.s                        0x00000000   Number         0  libshutdown2.o ABSOLUTE
    ../clib/libinit.s                        0x00000000   Number         0  libinit.o ABSOLUTE
    ../clib/libinit.s                        0x00000000   Number         0  libshutdown.o ABSOLUTE
    ../clib/libinit.s                        0x00000000   Number         0  libinit2.o ABSOLUTE
    ../clib/memcpset.s                       0x00000000   Number         0  rt_memcpy_w.o ABSOLUTE
    ../clib/signal.c                         0x00000000   Number         0  defsig_rtmem_formal.o ABSOLUTE
    ../clib/signal.c                         0x00000000   Number         0  defsig_rtmem_outer.o ABSOLUTE
    ../clib/signal.c                         0x00000000   Number         0  defsig_fpe_inner.o ABSOLUTE
    ../clib/signal.c                         0x00000000   Number         0  defsig_abrt_inner.o ABSOLUTE
    ../clib/signal.c                         0x00000000   Number         0  defsig_cppl_inner.o ABSOLUTE
    ../clib/signal.c                         0x00000000   Number         0  __raise.o ABSOLUTE
    ../clib/signal.c                         0x00000000   Number         0  defsig_other.o ABSOLUTE
    ../clib/signal.c                         0x00000000   Number         0  defsig_pvfn_inner.o ABSOLUTE
    ../clib/signal.c                         0x00000000   Number         0  defsig_general.o ABSOLUTE
    ../clib/signal.c                         0x00000000   Number         0  defsig_stak_inner.o ABSOLUTE
    ../clib/signal.c                         0x00000000   Number         0  defsig_segv_inner.o ABSOLUTE
    ../clib/signal.c                         0x00000000   Number         0  defsig_rtmem_inner.o ABSOLUTE
    ../clib/signal.c                         0x00000000   Number         0  defsig_exit.o ABSOLUTE
    ../clib/signal.c                         0x00000000   Number         0  defsig_rtred_inner.o ABSOLUTE
    ../clib/signal.s                         0x00000000   Number         0  defsig.o ABSOLUTE
    ../clib/stdlib.c                         0x00000000   Number         0  exit.o ABSOLUTE
    ../fplib/fpinit.s                        0x00000000   Number         0  fpinit.o ABSOLUTE
    ..\\cpu\\system_stm32f10x.c              0x00000000   Number         0  system_stm32f10x.o ABSOLUTE
    ..\\lib\\CM\\HAL_CM3.c                   0x00000000   Number         0  hal_cm3.o ABSOLUTE
    ..\\lib\\CM\\rt_System.c                 0x00000000   Number         0  rt_system.o ABSOLUTE
    ..\app\main.c                            0x00000000   Number         0  main.o ABSOLUTE
    ..\app\t_mutex.c                         0x00000000   Number         0  t_mutex.o ABSOLUTE
    ..\config\RTX_Conf_CM.c                  0x00000000   Number         0  rtx_conf_cm.o ABSOLUTE
    ..\cpu\system_stm32f10x.c                0x00000000   Number         0  system_stm32f10x.o ABSOLUTE
    ..\lib\CM\HAL_CM3.c                      0x00000000   Number         0  hal_cm3.o ABSOLUTE
    ..\lib\CM\SVC_Table.s                    0x00000000   Number         0  svc_table.o ABSOLUTE
    ..\lib\CM\rt_Event.c                     0x00000000   Number         0  rt_event.o ABSOLUTE
    ..\lib\CM\rt_List.c                      0x00000000   Number         0  rt_list.o ABSOLUTE
    ..\lib\CM\rt_Mailbox.c                   0x00000000   Number         0  rt_mailbox.o ABSOLUTE
    ..\lib\CM\rt_MemBox.c                    0x00000000   Number         0  rt_membox.o ABSOLUTE
    ..\lib\CM\rt_Mutex.c                     0x00000000   Number         0  rt_mutex.o ABSOLUTE
    ..\lib\CM\rt_Robin.c                     0x00000000   Number         0  rt_robin.o ABSOLUTE
    ..\lib\CM\rt_Semaphore.c                 0x00000000   Number         0  rt_semaphore.o ABSOLUTE
    ..\lib\CM\rt_System.c                    0x00000000   Number         0  rt_system.o ABSOLUTE
    ..\lib\CM\rt_Task.c                      0x00000000   Number         0  rt_task.o ABSOLUTE
    ..\lib\CM\rt_Time.c                      0x00000000   Number         0  rt_time.o ABSOLUTE
    ..\lib\CM\rt_Timer.c                     0x00000000   Number         0  rt_timer.o ABSOLUTE
    ..\outlib\startup_stm32f10x_md.s         0x00000000   Number         0  startup_stm32f10x_md.o ABSOLUTE
    ..\util\sys_call_RTX.c                   0x00000000   Number         0  sys_call_rtx.o ABSOLUTE
    dc.s                                     0x00000000   Number         0  dc.o ABSOLUTE
    RESET                                    0x08000000   Section      236  startup_stm32f10x_md.o(RESET)
    !!!main                                  0x080000ec   Section        8  __main.o(!!!main)
    !!!scatter                               0x080000f4   Section       52  __scatter.o(!!!scatter)
    !!handler_copy                           0x08000128   Section       26  __scatter_copy.o(!!handler_copy)
    !!handler_zi                             0x08000144   Section       28  __scatter_zi.o(!!handler_zi)
    .ARM.Collect$$libinit$$00000000          0x08000160   Section        2  libinit.o(.ARM.Collect$$libinit$$00000000)
    .ARM.Collect$$libinit$$00000002          0x08000162   Section        0  libinit2.o(.ARM.Collect$$libinit$$00000002)
    .ARM.Collect$$libinit$$00000008          0x08000162   Section        0  libinit2.o(.ARM.Collect$$libinit$$00000008)
    .ARM.Collect$$libinit$$0000000A          0x08000162   Section        0  libinit2.o(.ARM.Collect$$libinit$$0000000A)
    .ARM.Collect$$libinit$$0000000C          0x08000162   Section        0  libinit2.o(.ARM.Collect$$libinit$$0000000C)
    .ARM.Collect$$libinit$$0000000F          0x08000162   Section        0  libinit2.o(.ARM.Collect$$libinit$$0000000F)
    .ARM.Collect$$libinit$$00000011          0x08000162   Section        0  libinit2.o(.ARM.Collect$$libinit$$00000011)
    .ARM.Collect$$libinit$$00000013          0x08000162   Section        0  libinit2.o(.ARM.Collect$$libinit$$00000013)
    .ARM.Collect$$libinit$$00000015          0x08000162   Section        0  libinit2.o(.ARM.Collect$$libinit$$00000015)
    .ARM.Collect$$libinit$$00000017          0x08000162   Section        0  libinit2.o(.ARM.Collect$$libinit$$00000017)
    .ARM.Collect$$libinit$$00000019          0x08000162   Section        0  libinit2.o(.ARM.Collect$$libinit$$00000019)
    .ARM.Collect$$libinit$$0000001B          0x08000162   Section        0  libinit2.o(.ARM.Collect$$libinit$$0000001B)
    .ARM.Collect$$libinit$$0000001D          0x08000162   Section        0  libinit2.o(.ARM.Collect$$libinit$$0000001D)
    .ARM.Collect$$libinit$$0000001F          0x08000162   Section        0  libinit2.o(.ARM.Collect$$libinit$$0000001F)
    .ARM.Collect$$libinit$$00000021          0x08000162   Section        0  libinit2.o(.ARM.Collect$$libinit$$00000021)
    .ARM.Collect$$libinit$$00000023          0x08000162   Section        0  libinit2.o(.ARM.Collect$$libinit$$00000023)
    .ARM.Collect$$libinit$$0000002A          0x08000162   Section        0  libinit2.o(.ARM.Collect$$libinit$$0000002A)
    .ARM.Collect$$libinit$$0000002C          0x08000162   Section        0  libinit2.o(.ARM.Collect$$libinit$$0000002C)
    .ARM.Collect$$libinit$$0000002E          0x08000162   Section        0  libinit2.o(.ARM.Collect$$libinit$$0000002E)
    .ARM.Collect$$libinit$$00000030          0x08000162   Section        0  libinit2.o(.ARM.Collect$$libinit$$00000030)
    .ARM.Collect$$libinit$$00000031          0x08000162   Section        2  libinit2.o(.ARM.Collect$$libinit$$00000031)
    .ARM.Collect$$libshutdown$$00000000      0x08000164   Section        2  libshutdown.o(.ARM.Collect$$libshutdown$$00000000)
    .ARM.Collect$$libshutdown$$00000003      0x08000166   Section        0  libshutdown2.o(.ARM.Collect$$libshutdown$$00000003)
    .ARM.Collect$$libshutdown$$00000006      0x08000166   Section        0  libshutdown2.o(.ARM.Collect$$libshutdown$$00000006)
    .ARM.Collect$$libshutdown$$00000009      0x08000166   Section        0  libshutdown2.o(.ARM.Collect$$libshutdown$$00000009)
    .ARM.Collect$$libshutdown$$0000000B      0x08000166   Section        0  libshutdown2.o(.ARM.Collect$$libshutdown$$0000000B)
    .ARM.Collect$$libshutdown$$0000000E      0x08000166   Section        0  libshutdown2.o(.ARM.Collect$$libshutdown$$0000000E)
    .ARM.Collect$$libshutdown$$0000000F      0x08000166   Section        2  libshutdown2.o(.ARM.Collect$$libshutdown$$0000000F)
    .ARM.Collect$$rtentry$$00000000          0x08000168   Section        0  rtentry.o(.ARM.Collect$$rtentry$$00000000)
    .ARM.Collect$$rtentry$$00000002          0x08000168   Section        0  rtentry2.o(.ARM.Collect$$rtentry$$00000002)
    .ARM.Collect$$rtentry$$00000004          0x08000168   Section        6  rtentry4.o(.ARM.Collect$$rtentry$$00000004)
    .ARM.Collect$$rtentry$$00000009          0x0800016e   Section        0  rtentry2.o(.ARM.Collect$$rtentry$$00000009)
    .ARM.Collect$$rtentry$$0000000A          0x0800016e   Section        4  rtentry2.o(.ARM.Collect$$rtentry$$0000000A)
    .ARM.Collect$$rtentry$$0000000C          0x08000172   Section        0  rtentry2.o(.ARM.Collect$$rtentry$$0000000C)
    .ARM.Collect$$rtentry$$0000000D          0x08000172   Section        8  rtentry2.o(.ARM.Collect$$rtentry$$0000000D)
    .ARM.Collect$$rtexit$$00000000           0x0800017a   Section        2  rtexit.o(.ARM.Collect$$rtexit$$00000000)
    .ARM.Collect$$rtexit$$00000002           0x0800017c   Section        0  rtexit2.o(.ARM.Collect$$rtexit$$00000002)
    .ARM.Collect$$rtexit$$00000003           0x0800017c   Section        4  rtexit2.o(.ARM.Collect$$rtexit$$00000003)
    .ARM.Collect$$rtexit$$00000004           0x08000180   Section        6  rtexit2.o(.ARM.Collect$$rtexit$$00000004)
    .emb_text                                0x08000188   Section      340  hal_cm3.o(.emb_text)
    .text                                    0x080002dc   Section       64  startup_stm32f10x_md.o(.text)
    .text                                    0x0800031c   Section        8  libspace.o(.text)
    .text                                    0x08000324   Section        0  heapauxi.o(.text)
    .text                                    0x0800032a   Section        2  use_no_semi.o(.text)
    .text                                    0x0800032c   Section       74  sys_stackheap_outer.o(.text)
    .text                                    0x0800032c   Section        0  indicate_semi.o(.text)
    .text                                    0x08000376   Section        0  exit.o(.text)
    .text                                    0x08000384   Section        0  sys_exit.o(.text)
    SVC_TABLE                                0x08000390   Section        4  svc_table.o(SVC_TABLE)
    i.SetSysClock                            0x08000394   Section        0  system_stm32f10x.o(i.SetSysClock)
    SetSysClock                              0x08000395   Thumb Code     8  system_stm32f10x.o(i.SetSysClock)
    i.SetSysClockTo72                        0x0800039c   Section        0  system_stm32f10x.o(i.SetSysClockTo72)
    SetSysClockTo72                          0x0800039d   Thumb Code   212  system_stm32f10x.o(i.SetSysClockTo72)
    i.SystemInit                             0x08000478   Section        0  system_stm32f10x.o(i.SystemInit)
    i._init_box                              0x080004d8   Section        0  rt_membox.o(i._init_box)
    i._mutex_acquire                         0x08000520   Section        0  rtx_conf_cm.o(i._mutex_acquire)
    __tagsym$$used                           0x08000521   Number         0  rtx_conf_cm.o(i._mutex_acquire)
    i._mutex_release                         0x08000540   Section        0  rtx_conf_cm.o(i._mutex_release)
    __tagsym$$used                           0x08000541   Number         0  rtx_conf_cm.o(i._mutex_release)
    i._para_lock                             0x0800055c   Section        0  t_mutex.o(i._para_lock)
    i._para_unlock                           0x08000578   Section        0  t_mutex.o(i._para_unlock)
    i.gt_msleep                              0x08000594   Section        0  sys_call_rtx.o(i.gt_msleep)
    i.gt_mutex_lock                          0x080005c8   Section        0  sys_call_rtx.o(i.gt_mutex_lock)
    i.gt_mutex_unlock                        0x080005d8   Section        0  sys_call_rtx.o(i.gt_mutex_unlock)
    i.gt_task_A                              0x080005e4   Section        0  t_mutex.o(i.gt_task_A)
    i.gt_task_B                              0x0800061c   Section        0  t_mutex.o(i.gt_task_B)
    i.gt_task_C                              0x08000654   Section        0  t_mutex.o(i.gt_task_C)
    i.gt_task_D                              0x0800068c   Section        0  t_mutex.o(i.gt_task_D)
    i.gt_task_E                              0x080006c4   Section        0  t_mutex.o(i.gt_task_E)
    i.gt_task_F                              0x080006fc   Section        0  t_mutex.o(i.gt_task_F)
    i.gt_task_G                              0x08000734   Section        0  t_mutex.o(i.gt_task_G)
    i.gt_task_H                              0x0800076c   Section        0  t_mutex.o(i.gt_task_H)
    i.gt_task_I                              0x080007a4   Section        0  t_mutex.o(i.gt_task_I)
    i.gt_task_create                         0x080007dc   Section        0  sys_call_rtx.o(i.gt_task_create)
    i.gt_task_createx                        0x08000820   Section        0  sys_call_rtx.o(i.gt_task_createx)
    i.main                                   0x08000844   Section        0  main.o(i.main)
    i.os_error                               0x08000860   Section        0  rtx_conf_cm.o(i.os_error)
    i.os_idle_demon                          0x08000864   Section        0  rtx_conf_cm.o(i.os_idle_demon)
    i.os_tick_init                           0x08000868   Section        0  rt_system.o(i.os_tick_init)
    i.os_tick_irqack                         0x08000890   Section        0  rt_system.o(i.os_tick_irqack)
    i.os_tmr_call                            0x08000892   Section        0  rtx_conf_cm.o(i.os_tmr_call)
    i.rt_alloc_box                           0x08000894   Section        0  rt_membox.o(i.rt_alloc_box)
    i.rt_block                               0x080008b0   Section        0  rt_task.o(i.rt_block)
    i.rt_chk_robin                           0x080008e8   Section        0  rtx_conf_cm.o(i.rt_chk_robin)
    i.rt_dec_dly                             0x080008ec   Section        0  rt_list.o(i.rt_dec_dly)
    i.rt_dispatch                            0x08000960   Section        0  rt_task.o(i.rt_dispatch)
    i.rt_dly_wait                            0x080009a4   Section        0  rt_time.o(i.rt_dly_wait)
    i.rt_evt_psh                             0x080009ac   Section        0  rt_event.o(i.rt_evt_psh)
    i.rt_free_box                            0x080009f8   Section        0  rt_membox.o(i.rt_free_box)
    i.rt_get_first                           0x08000a18   Section        0  rt_list.o(i.rt_get_first)
    i.rt_init_context                        0x08000a40   Section        0  rt_task.o(i.rt_init_context)
    rt_init_context                          0x08000a41   Thumb Code    64  rt_task.o(i.rt_init_context)
    i.rt_init_robin                          0x08000a84   Section        0  rtx_conf_cm.o(i.rt_init_robin)
    i.rt_init_stack                          0x08000a88   Section        0  hal_cm3.o(i.rt_init_stack)
    i.rt_mbx_psh                             0x08000ad8   Section        0  rt_mailbox.o(i.rt_mbx_psh)
    i.rt_mut_release                         0x08000b98   Section        0  rt_mutex.o(i.rt_mut_release)
    i.rt_mut_wait                            0x08000c48   Section        0  rt_mutex.o(i.rt_mut_wait)
    i.rt_pop_req                             0x08000cb0   Section        0  rt_system.o(i.rt_pop_req)
    i.rt_put_dly                             0x08000d2c   Section        0  rt_list.o(i.rt_put_dly)
    i.rt_put_prio                            0x08000d74   Section        0  rt_list.o(i.rt_put_prio)
    i.rt_put_rdy_first                       0x08000dac   Section        0  rt_list.o(i.rt_put_rdy_first)
    i.rt_resort_prio                         0x08000dc0   Section        0  rt_list.o(i.rt_resort_prio)
    i.rt_rmv_dly                             0x08000df4   Section        0  rt_list.o(i.rt_rmv_dly)
    i.rt_rmv_list                            0x08000e1c   Section        0  rt_list.o(i.rt_rmv_list)
    i.rt_sem_psh                             0x08000e4c   Section        0  rt_semaphore.o(i.rt_sem_psh)
    i.rt_stk_check                           0x08000e80   Section        0  rt_system.o(i.rt_stk_check)
    i.rt_switch_req                          0x08000eb8   Section        0  rt_task.o(i.rt_switch_req)
    i.rt_sys_init                            0x08000ec8   Section        0  rt_task.o(i.rt_sys_init)
    i.rt_systick                             0x0800101c   Section        0  rt_system.o(i.rt_systick)
    i.rt_tmr_tick                            0x0800105c   Section        0  rt_timer.o(i.rt_tmr_tick)
    i.rt_tsk_create                          0x0800109c   Section        0  rt_task.o(i.rt_tsk_create)
    i.rt_tsk_self                            0x0800111c   Section        0  rt_task.o(i.rt_tsk_self)
    i.task_init                              0x0800112c   Section        0  main.o(i.task_init)
    .constdata                               0x0800126c   Section       44  rtx_conf_cm.o(.constdata)
    __tagsym$$used                           0x08001284   Number         0  rtx_conf_cm.o(.constdata)
    __tagsym$$used                           0x08001288   Number         0  rtx_conf_cm.o(.constdata)
    .data                                    0x20000000   Section       80  t_mutex.o(.data)
    .data                                    0x20000050   Section        8  rtx_conf_cm.o(.data)
    nr_mutex                                 0x20000054   Data           4  rtx_conf_cm.o(.data)
    .data                                    0x20000058   Section        8  rt_task.o(.data)
    .data                                    0x20000060   Section        4  sys_call_rtx.o(.data)
    .data                                    0x20000064   Section        8  rt_system.o(.data)
    os_lock                                  0x20000064   Data           1  rt_system.o(.data)
    os_psh_flag                              0x20000065   Data           1  rt_system.o(.data)
    pend_flags                               0x20000066   Data           1  rt_system.o(.data)
    .data                                    0x2000006c   Section        4  rt_time.o(.data)
    .data                                    0x20000070   Section        8  rt_timer.o(.data)
    .bss                                     0x20000078   Section     6656  main.o(.bss)
    .bss                                     0x20001a78   Section       16  t_mutex.o(.bss)
    .bss                                     0x20001a88   Section     3032  rtx_conf_cm.o(.bss)
    std_libspace                             0x20002040   Data        1440  rtx_conf_cm.o(.bss)
    std_libmutex                             0x200025e0   Data         128  rtx_conf_cm.o(.bss)
    .bss                                     0x20002660   Section       52  rt_task.o(.bss)
    .bss                                     0x20002694   Section       48  rt_list.o(.bss)
    .bss                                     0x200026c4   Section       96  libspace.o(.bss)
    HEAP                                     0x20002728   Section      512  startup_stm32f10x_md.o(HEAP)
    Heap_Mem                                 0x20002728   Data         512  startup_stm32f10x_md.o(HEAP)
    STACK                                    0x20002928   Section     1024  startup_stm32f10x_md.o(STACK)
    Stack_Mem                                0x20002928   Data        1024  startup_stm32f10x_md.o(STACK)
    __initial_sp                             0x20002d28   Data           0  startup_stm32f10x_md.o(STACK)

    Global Symbols

    Symbol Name                              Value     Ov Type        Size  Object(Section)

    BuildAttributes$$THM_ISAv4$P$D$K$B$S$PE$A:L22UL41UL21$X:L11$S22US41US21$IEEE1$IW$USESV6$~STKCKD$USESV7$~SHL$OTIME$ROPI$EBA8$UX$STANDARDLIB$REQ8$PRES8$EABIv2 0x00000000   Number         0  anon$$obj.o ABSOLUTE
    __ARM_use_no_argv                        0x00000000   Number         0  main.o ABSOLUTE
    __ARM_exceptions_init                     - Undefined Weak Reference
    __alloca_initialize                       - Undefined Weak Reference
    __cpp_initialize__aeabi_                  - Undefined Weak Reference
    __cxa_finalize                            - Undefined Weak Reference
    __rt_locale                               - Undefined Weak Reference
    __sigvec_lookup                           - Undefined Weak Reference
    __user_heap_extent                        - Undefined Weak Reference
    _atexit_init                              - Undefined Weak Reference
    _call_atexit_fns                          - Undefined Weak Reference
    _clock_init                               - Undefined Weak Reference
    _fp_trap_init                             - Undefined Weak Reference
    _fp_trap_shutdown                         - Undefined Weak Reference
    _get_lc_collate                           - Undefined Weak Reference
    _get_lc_ctype                             - Undefined Weak Reference
    _get_lc_monetary                          - Undefined Weak Reference
    _get_lc_numeric                           - Undefined Weak Reference
    _get_lc_time                              - Undefined Weak Reference
    _getenv_init                              - Undefined Weak Reference
    _handle_redirection                       - Undefined Weak Reference
    _initio                                   - Undefined Weak Reference
    _mutex_free                               - Undefined Weak Reference
    _rand_init                                - Undefined Weak Reference
    _signal_finish                            - Undefined Weak Reference
    _signal_init                              - Undefined Weak Reference
    _terminateio                              - Undefined Weak Reference
    __Vectors_Size                           0x000000ec   Number         0  startup_stm32f10x_md.o ABSOLUTE
    __RL_RTX_VER                             0x00000470   Number         0  rt_system.o ABSOLUTE
    __Vectors                                0x08000000   Data           4  startup_stm32f10x_md.o(RESET)
    __Vectors_End                            0x080000ec   Data           0  startup_stm32f10x_md.o(RESET)
    __main                                   0x080000ed   Thumb Code     8  __main.o(!!!main)
    __scatterload                            0x080000f5   Thumb Code     0  __scatter.o(!!!scatter)
    __scatterload_rt2                        0x080000f5   Thumb Code    44  __scatter.o(!!!scatter)
    __scatterload_rt2_thumb_only             0x080000f5   Thumb Code     0  __scatter.o(!!!scatter)
    __scatterload_null                       0x08000103   Thumb Code     0  __scatter.o(!!!scatter)
    __scatterload_copy                       0x08000129   Thumb Code    26  __scatter_copy.o(!!handler_copy)
    __scatterload_zeroinit                   0x08000145   Thumb Code    28  __scatter_zi.o(!!handler_zi)
    __rt_lib_init                            0x08000161   Thumb Code     0  libinit.o(.ARM.Collect$$libinit$$00000000)
    __rt_lib_init_alloca_1                   0x08000163   Thumb Code     0  libinit2.o(.ARM.Collect$$libinit$$0000002C)
    __rt_lib_init_argv_1                     0x08000163   Thumb Code     0  libinit2.o(.ARM.Collect$$libinit$$0000002A)
    __rt_lib_init_atexit_1                   0x08000163   Thumb Code     0  libinit2.o(.ARM.Collect$$libinit$$00000019)
    __rt_lib_init_clock_1                    0x08000163   Thumb Code     0  libinit2.o(.ARM.Collect$$libinit$$0000001F)
    __rt_lib_init_cpp_1                      0x08000163   Thumb Code     0  libinit2.o(.ARM.Collect$$libinit$$00000030)
    __rt_lib_init_exceptions_1               0x08000163   Thumb Code     0  libinit2.o(.ARM.Collect$$libinit$$0000002E)
    __rt_lib_init_fp_1                       0x08000163   Thumb Code     0  libinit2.o(.ARM.Collect$$libinit$$00000002)
    __rt_lib_init_fp_trap_1                  0x08000163   Thumb Code     0  libinit2.o(.ARM.Collect$$libinit$$0000001D)
    __rt_lib_init_getenv_1                   0x08000163   Thumb Code     0  libinit2.o(.ARM.Collect$$libinit$$00000021)
    __rt_lib_init_heap_1                     0x08000163   Thumb Code     0  libinit2.o(.ARM.Collect$$libinit$$00000008)
    __rt_lib_init_lc_collate_1               0x08000163   Thumb Code     0  libinit2.o(.ARM.Collect$$libinit$$0000000F)
    __rt_lib_init_lc_ctype_1                 0x08000163   Thumb Code     0  libinit2.o(.ARM.Collect$$libinit$$00000011)
    __rt_lib_init_lc_monetary_1              0x08000163   Thumb Code     0  libinit2.o(.ARM.Collect$$libinit$$00000013)
    __rt_lib_init_lc_numeric_1               0x08000163   Thumb Code     0  libinit2.o(.ARM.Collect$$libinit$$00000015)
    __rt_lib_init_lc_time_1                  0x08000163   Thumb Code     0  libinit2.o(.ARM.Collect$$libinit$$00000017)
    __rt_lib_init_rand_1                     0x08000163   Thumb Code     0  libinit2.o(.ARM.Collect$$libinit$$0000000C)
    __rt_lib_init_return                     0x08000163   Thumb Code     0  libinit2.o(.ARM.Collect$$libinit$$00000031)
    __rt_lib_init_signal_1                   0x08000163   Thumb Code     0  libinit2.o(.ARM.Collect$$libinit$$0000001B)
    __rt_lib_init_stdio_1                    0x08000163   Thumb Code     0  libinit2.o(.ARM.Collect$$libinit$$00000023)
    __rt_lib_init_user_alloc_1               0x08000163   Thumb Code     0  libinit2.o(.ARM.Collect$$libinit$$0000000A)
    __rt_lib_shutdown                        0x08000165   Thumb Code     0  libshutdown.o(.ARM.Collect$$libshutdown$$00000000)
    __rt_lib_shutdown_fp_trap_1              0x08000167   Thumb Code     0  libshutdown2.o(.ARM.Collect$$libshutdown$$00000006)
    __rt_lib_shutdown_heap_1                 0x08000167   Thumb Code     0  libshutdown2.o(.ARM.Collect$$libshutdown$$0000000E)
    __rt_lib_shutdown_return                 0x08000167   Thumb Code     0  libshutdown2.o(.ARM.Collect$$libshutdown$$0000000F)
    __rt_lib_shutdown_signal_1               0x08000167   Thumb Code     0  libshutdown2.o(.ARM.Collect$$libshutdown$$00000009)
    __rt_lib_shutdown_stdio_1                0x08000167   Thumb Code     0  libshutdown2.o(.ARM.Collect$$libshutdown$$00000003)
    __rt_lib_shutdown_user_alloc_1           0x08000167   Thumb Code     0  libshutdown2.o(.ARM.Collect$$libshutdown$$0000000B)
    __rt_entry                               0x08000169   Thumb Code     0  rtentry.o(.ARM.Collect$$rtentry$$00000000)
    __rt_entry_presh_1                       0x08000169   Thumb Code     0  rtentry2.o(.ARM.Collect$$rtentry$$00000002)
    __rt_entry_sh                            0x08000169   Thumb Code     0  rtentry4.o(.ARM.Collect$$rtentry$$00000004)
    __rt_entry_li                            0x0800016f   Thumb Code     0  rtentry2.o(.ARM.Collect$$rtentry$$0000000A)
    __rt_entry_postsh_1                      0x0800016f   Thumb Code     0  rtentry2.o(.ARM.Collect$$rtentry$$00000009)
    __rt_entry_main                          0x08000173   Thumb Code     0  rtentry2.o(.ARM.Collect$$rtentry$$0000000D)
    __rt_entry_postli_1                      0x08000173   Thumb Code     0  rtentry2.o(.ARM.Collect$$rtentry$$0000000C)
    __rt_exit                                0x0800017b   Thumb Code     0  rtexit.o(.ARM.Collect$$rtexit$$00000000)
    __rt_exit_ls                             0x0800017d   Thumb Code     0  rtexit2.o(.ARM.Collect$$rtexit$$00000003)
    __rt_exit_prels_1                        0x0800017d   Thumb Code     0  rtexit2.o(.ARM.Collect$$rtexit$$00000002)
    __rt_exit_exit                           0x08000181   Thumb Code     0  rtexit2.o(.ARM.Collect$$rtexit$$00000004)
    rt_set_PSP                               0x08000189   Thumb Code     6  hal_cm3.o(.emb_text)
    rt_get_PSP                               0x0800018f   Thumb Code     6  hal_cm3.o(.emb_text)
    os_set_env                               0x08000195   Thumb Code    24  hal_cm3.o(.emb_text)
    _alloc_box                               0x080001b1   Thumb Code    28  hal_cm3.o(.emb_text)
    _free_box                                0x080001d1   Thumb Code    28  hal_cm3.o(.emb_text)
    SVC_Handler                              0x080001f1   Thumb Code   124  hal_cm3.o(.emb_text)
    PendSV_Handler                           0x08000279   Thumb Code    76  hal_cm3.o(.emb_text)
    SysTick_Handler                          0x080002c9   Thumb Code     8  hal_cm3.o(.emb_text)
    OS_Tick_Handler                          0x080002d1   Thumb Code    12  hal_cm3.o(.emb_text)
    Reset_Handler                            0x080002dd   Thumb Code     8  startup_stm32f10x_md.o(.text)
    NMI_Handler                              0x080002e5   Thumb Code     2  startup_stm32f10x_md.o(.text)
    HardFault_Handler                        0x080002e7   Thumb Code     2  startup_stm32f10x_md.o(.text)
    MemManage_Handler                        0x080002e9   Thumb Code     2  startup_stm32f10x_md.o(.text)
    BusFault_Handler                         0x080002eb   Thumb Code     2  startup_stm32f10x_md.o(.text)
    UsageFault_Handler                       0x080002ed   Thumb Code     2  startup_stm32f10x_md.o(.text)
    DebugMon_Handler                         0x080002f1   Thumb Code     2  startup_stm32f10x_md.o(.text)
    ADC1_2_IRQHandler                        0x080002f7   Thumb Code     0  startup_stm32f10x_md.o(.text)
    CAN1_RX1_IRQHandler                      0x080002f7   Thumb Code     0  startup_stm32f10x_md.o(.text)
    CAN1_SCE_IRQHandler                      0x080002f7   Thumb Code     0  startup_stm32f10x_md.o(.text)
    DMA1_Channel1_IRQHandler                 0x080002f7   Thumb Code     0  startup_stm32f10x_md.o(.text)
    DMA1_Channel2_IRQHandler                 0x080002f7   Thumb Code     0  startup_stm32f10x_md.o(.text)
    DMA1_Channel3_IRQHandler                 0x080002f7   Thumb Code     0  startup_stm32f10x_md.o(.text)
    DMA1_Channel4_IRQHandler                 0x080002f7   Thumb Code     0  startup_stm32f10x_md.o(.text)
    DMA1_Channel5_IRQHandler                 0x080002f7   Thumb Code     0  startup_stm32f10x_md.o(.text)
    DMA1_Channel6_IRQHandler                 0x080002f7   Thumb Code     0  startup_stm32f10x_md.o(.text)
    DMA1_Channel7_IRQHandler                 0x080002f7   Thumb Code     0  startup_stm32f10x_md.o(.text)
    EXTI0_IRQHandler                         0x080002f7   Thumb Code     0  startup_stm32f10x_md.o(.text)
    EXTI15_10_IRQHandler                     0x080002f7   Thumb Code     0  startup_stm32f10x_md.o(.text)
    EXTI1_IRQHandler                         0x080002f7   Thumb Code     0  startup_stm32f10x_md.o(.text)
    EXTI2_IRQHandler                         0x080002f7   Thumb Code     0  startup_stm32f10x_md.o(.text)
    EXTI3_IRQHandler                         0x080002f7   Thumb Code     0  startup_stm32f10x_md.o(.text)
    EXTI4_IRQHandler                         0x080002f7   Thumb Code     0  startup_stm32f10x_md.o(.text)
    EXTI9_5_IRQHandler                       0x080002f7   Thumb Code     0  startup_stm32f10x_md.o(.text)
    FLASH_IRQHandler                         0x080002f7   Thumb Code     0  startup_stm32f10x_md.o(.text)
    I2C1_ER_IRQHandler                       0x080002f7   Thumb Code     0  startup_stm32f10x_md.o(.text)
    I2C1_EV_IRQHandler                       0x080002f7   Thumb Code     0  startup_stm32f10x_md.o(.text)
    I2C2_ER_IRQHandler                       0x080002f7   Thumb Code     0  startup_stm32f10x_md.o(.text)
    I2C2_EV_IRQHandler                       0x080002f7   Thumb Code     0  startup_stm32f10x_md.o(.text)
    PVD_IRQHandler                           0x080002f7   Thumb Code     0  startup_stm32f10x_md.o(.text)
    RCC_IRQHandler                           0x080002f7   Thumb Code     0  startup_stm32f10x_md.o(.text)
    RTCAlarm_IRQHandler                      0x080002f7   Thumb Code     0  startup_stm32f10x_md.o(.text)
    RTC_IRQHandler                           0x080002f7   Thumb Code     0  startup_stm32f10x_md.o(.text)
    SPI1_IRQHandler                          0x080002f7   Thumb Code     0  startup_stm32f10x_md.o(.text)
    SPI2_IRQHandler                          0x080002f7   Thumb Code     0  startup_stm32f10x_md.o(.text)
    TAMPER_IRQHandler                        0x080002f7   Thumb Code     0  startup_stm32f10x_md.o(.text)
    TIM1_BRK_IRQHandler                      0x080002f7   Thumb Code     0  startup_stm32f10x_md.o(.text)
    TIM1_CC_IRQHandler                       0x080002f7   Thumb Code     0  startup_stm32f10x_md.o(.text)
    TIM1_TRG_COM_IRQHandler                  0x080002f7   Thumb Code     0  startup_stm32f10x_md.o(.text)
    TIM1_UP_IRQHandler                       0x080002f7   Thumb Code     0  startup_stm32f10x_md.o(.text)
    TIM2_IRQHandler                          0x080002f7   Thumb Code     0  startup_stm32f10x_md.o(.text)
    TIM3_IRQHandler                          0x080002f7   Thumb Code     0  startup_stm32f10x_md.o(.text)
    TIM4_IRQHandler                          0x080002f7   Thumb Code     0  startup_stm32f10x_md.o(.text)
    USART1_IRQHandler                        0x080002f7   Thumb Code     0  startup_stm32f10x_md.o(.text)
    USART2_IRQHandler                        0x080002f7   Thumb Code     0  startup_stm32f10x_md.o(.text)
    USART3_IRQHandler                        0x080002f7   Thumb Code     0  startup_stm32f10x_md.o(.text)
    USBWakeUp_IRQHandler                     0x080002f7   Thumb Code     0  startup_stm32f10x_md.o(.text)
    USB_HP_CAN1_TX_IRQHandler                0x080002f7   Thumb Code     0  startup_stm32f10x_md.o(.text)
    USB_LP_CAN1_RX0_IRQHandler               0x080002f7   Thumb Code     0  startup_stm32f10x_md.o(.text)
    WWDG_IRQHandler                          0x080002f7   Thumb Code     0  startup_stm32f10x_md.o(.text)
    __user_initial_stackheap                 0x080002f9   Thumb Code     0  startup_stm32f10x_md.o(.text)
    __user_libspace                          0x0800031d   Thumb Code     8  libspace.o(.text)
    __user_perproc_libspace                  0x0800031d   Thumb Code     0  libspace.o(.text)
    __use_two_region_memory                  0x08000325   Thumb Code     2  heapauxi.o(.text)
    __rt_heap_escrow                         0x08000327   Thumb Code     2  heapauxi.o(.text)
    __rt_heap_expand                         0x08000329   Thumb Code     2  heapauxi.o(.text)
    __I$use$semihosting                      0x0800032b   Thumb Code     0  use_no_semi.o(.text)
    __use_no_semihosting_swi                 0x0800032b   Thumb Code     2  use_no_semi.o(.text)
    __semihosting_library_function           0x0800032d   Thumb Code     0  indicate_semi.o(.text)
    __user_setup_stackheap                   0x0800032d   Thumb Code    74  sys_stackheap_outer.o(.text)
    exit                                     0x08000377   Thumb Code    12  exit.o(.text)
    _sys_exit                                0x08000385   Thumb Code     8  sys_exit.o(.text)
    SVC_Count                                0x08000390   Data           4  svc_table.o(SVC_TABLE)
    SVC_Table                                0x08000394   Data           0  svc_table.o(SVC_TABLE)
    SystemInit                               0x08000479   Thumb Code    78  system_stm32f10x.o(i.SystemInit)
    _init_box                                0x080004d9   Thumb Code    70  rt_membox.o(i._init_box)
    _mutex_acquire                           0x08000521   Thumb Code    26  rtx_conf_cm.o(i._mutex_acquire)
    _mutex_release                           0x08000541   Thumb Code    22  rtx_conf_cm.o(i._mutex_release)
    _para_lock                               0x0800055d   Thumb Code    22  t_mutex.o(i._para_lock)
    _para_unlock                             0x08000579   Thumb Code    22  t_mutex.o(i._para_unlock)
    gt_msleep                                0x08000595   Thumb Code    44  sys_call_rtx.o(i.gt_msleep)
    gt_mutex_lock                            0x080005c9   Thumb Code    12  sys_call_rtx.o(i.gt_mutex_lock)
    gt_mutex_unlock                          0x080005d9   Thumb Code     8  sys_call_rtx.o(i.gt_mutex_unlock)
    gt_task_A                                0x080005e5   Thumb Code    42  t_mutex.o(i.gt_task_A)
    gt_task_B                                0x0800061d   Thumb Code    42  t_mutex.o(i.gt_task_B)
    gt_task_C                                0x08000655   Thumb Code    42  t_mutex.o(i.gt_task_C)
    gt_task_D                                0x0800068d   Thumb Code    42  t_mutex.o(i.gt_task_D)
    gt_task_E                                0x080006c5   Thumb Code    42  t_mutex.o(i.gt_task_E)
    gt_task_F                                0x080006fd   Thumb Code    42  t_mutex.o(i.gt_task_F)
    gt_task_G                                0x08000735   Thumb Code    42  t_mutex.o(i.gt_task_G)
    gt_task_H                                0x0800076d   Thumb Code    42  t_mutex.o(i.gt_task_H)
    gt_task_I                                0x080007a5   Thumb Code    42  t_mutex.o(i.gt_task_I)
    gt_task_create                           0x080007dd   Thumb Code    54  sys_call_rtx.o(i.gt_task_create)
    gt_task_createx                          0x08000821   Thumb Code    28  sys_call_rtx.o(i.gt_task_createx)
    main                                     0x08000845   Thumb Code    20  main.o(i.main)
    os_error                                 0x08000861   Thumb Code     4  rtx_conf_cm.o(i.os_error)
    os_idle_demon                            0x08000865   Thumb Code     4  rtx_conf_cm.o(i.os_idle_demon)
    os_tick_init                             0x08000869   Thumb Code    32  rt_system.o(i.os_tick_init)
    os_tick_irqack                           0x08000891   Thumb Code     2  rt_system.o(i.os_tick_irqack)
    os_tmr_call                              0x08000893   Thumb Code     2  rtx_conf_cm.o(i.os_tmr_call)
    rt_alloc_box                             0x08000895   Thumb Code    26  rt_membox.o(i.rt_alloc_box)
    rt_block                                 0x080008b1   Thumb Code    48  rt_task.o(i.rt_block)
    rt_chk_robin                             0x080008e9   Thumb Code     2  rtx_conf_cm.o(i.rt_chk_robin)
    rt_dec_dly                               0x080008ed   Thumb Code   106  rt_list.o(i.rt_dec_dly)
    rt_dispatch                              0x08000961   Thumb Code    60  rt_task.o(i.rt_dispatch)
    rt_dly_wait                              0x080009a5   Thumb Code     6  rt_time.o(i.rt_dly_wait)
    rt_evt_psh                               0x080009ad   Thumb Code    72  rt_event.o(i.rt_evt_psh)
    rt_free_box                              0x080009f9   Thumb Code    32  rt_membox.o(i.rt_free_box)
    rt_get_first                             0x08000a19   Thumb Code    40  rt_list.o(i.rt_get_first)
    rt_init_robin                            0x08000a85   Thumb Code     2  rtx_conf_cm.o(i.rt_init_robin)
    rt_init_stack                            0x08000a89   Thumb Code    70  hal_cm3.o(i.rt_init_stack)
    rt_mbx_psh                               0x08000ad9   Thumb Code   188  rt_mailbox.o(i.rt_mbx_psh)
    rt_mut_release                           0x08000b99   Thumb Code   166  rt_mutex.o(i.rt_mut_release)
    rt_mut_wait                              0x08000c49   Thumb Code    98  rt_mutex.o(i.rt_mut_wait)
    rt_pop_req                               0x08000cb1   Thumb Code   110  rt_system.o(i.rt_pop_req)
    rt_put_dly                               0x08000d2d   Thumb Code    68  rt_list.o(i.rt_put_dly)
    rt_put_prio                              0x08000d75   Thumb Code    54  rt_list.o(i.rt_put_prio)
    rt_put_rdy_first                         0x08000dad   Thumb Code    14  rt_list.o(i.rt_put_rdy_first)
    rt_resort_prio                           0x08000dc1   Thumb Code    46  rt_list.o(i.rt_resort_prio)
    rt_rmv_dly                               0x08000df5   Thumb Code    40  rt_list.o(i.rt_rmv_dly)
    rt_rmv_list                              0x08000e1d   Thumb Code    44  rt_list.o(i.rt_rmv_list)
    rt_sem_psh                               0x08000e4d   Thumb Code    46  rt_semaphore.o(i.rt_sem_psh)
    rt_stk_check                             0x08000e81   Thumb Code    46  rt_system.o(i.rt_stk_check)
    rt_switch_req                            0x08000eb9   Thumb Code    10  rt_task.o(i.rt_switch_req)
    rt_sys_init                              0x08000ec9   Thumb Code   262  rt_task.o(i.rt_sys_init)
    rt_systick                               0x0800101d   Thumb Code    50  rt_system.o(i.rt_systick)
    rt_tmr_tick                              0x0800105d   Thumb Code    56  rt_timer.o(i.rt_tmr_tick)
    rt_tsk_create                            0x0800109d   Thumb Code   110  rt_task.o(i.rt_tsk_create)
    rt_tsk_self                              0x0800111d   Thumb Code    12  rt_task.o(i.rt_tsk_self)
    task_init                                0x0800112d   Thumb Code   174  main.o(i.task_init)
    os_tick                                  0x0800126c   Data           4  rtx_conf_cm.o(.constdata)
    os_maxtaskrun                            0x08001270   Data           2  rtx_conf_cm.o(.constdata)
    os_stackinfo                             0x08001274   Data           4  rtx_conf_cm.o(.constdata)
    os_rrobin                                0x08001278   Data           4  rtx_conf_cm.o(.constdata)
    os_trv                                   0x0800127c   Data           4  rtx_conf_cm.o(.constdata)
    os_flags                                 0x08001280   Data           1  rtx_conf_cm.o(.constdata)
    os_clockrate                             0x08001284   Data           4  rtx_conf_cm.o(.constdata)
    os_timernum                              0x08001288   Data           4  rtx_conf_cm.o(.constdata)
    mp_tcb_size                              0x0800128c   Data           2  rtx_conf_cm.o(.constdata)
    mp_stk_size                              0x08001290   Data           4  rtx_conf_cm.o(.constdata)
    os_fifo_size                             0x08001294   Data           1  rtx_conf_cm.o(.constdata)
    mp_tmr_size                              0x08001296   Data           2  rtx_conf_cm.o(.constdata)
    Region$$Table$$Base                      0x08001298   Number         0  anon$$obj.o(Region$$Table)
    Region$$Table$$Limit                     0x080012b8   Number         0  anon$$obj.o(Region$$Table)
    locktimes                                0x20000000   Data           4  t_mutex.o(.data)
    unlocktimes                              0x20000004   Data           4  t_mutex.o(.data)
    cca                                      0x20000008   Data           4  t_mutex.o(.data)
    ccb                                      0x2000000c   Data           4  t_mutex.o(.data)
    ccc                                      0x20000010   Data           4  t_mutex.o(.data)
    ccd                                      0x20000014   Data           4  t_mutex.o(.data)
    cce                                      0x20000018   Data           4  t_mutex.o(.data)
    ccf                                      0x2000001c   Data           4  t_mutex.o(.data)
    ccg                                      0x20000020   Data           4  t_mutex.o(.data)
    cch                                      0x20000024   Data           4  t_mutex.o(.data)
    cci                                      0x20000028   Data           4  t_mutex.o(.data)
    tca                                      0x2000002c   Data           4  t_mutex.o(.data)
    tcb                                      0x20000030   Data           4  t_mutex.o(.data)
    tcc                                      0x20000034   Data           4  t_mutex.o(.data)
    tcd                                      0x20000038   Data           4  t_mutex.o(.data)
    tce                                      0x2000003c   Data           4  t_mutex.o(.data)
    tcf                                      0x20000040   Data           4  t_mutex.o(.data)
    tcg                                      0x20000044   Data           4  t_mutex.o(.data)
    tch                                      0x20000048   Data           4  t_mutex.o(.data)
    tci                                      0x2000004c   Data           4  t_mutex.o(.data)
    m_tmr                                    0x20000050   Data           4  rtx_conf_cm.o(.data)
    os_tsk                                   0x20000058   Data           8  rt_task.o(.data)
    firsttask                                0x20000060   Data           4  sys_call_rtx.o(.data)
    os_tick_irqn                             0x20000068   Data           4  rt_system.o(.data)
    os_time                                  0x2000006c   Data           4  rt_time.o(.data)
    os_tmr                                   0x20000070   Data           8  rt_timer.o(.data)
    stk_init                                 0x20000078   Data        2048  main.o(.bss)
    stk_A                                    0x20000878   Data         512  main.o(.bss)
    stk_B                                    0x20000a78   Data         512  main.o(.bss)
    stk_C                                    0x20000c78   Data         512  main.o(.bss)
    stk_D                                    0x20000e78   Data         512  main.o(.bss)
    stk_E                                    0x20001078   Data         512  main.o(.bss)
    stk_F                                    0x20001278   Data         512  main.o(.bss)
    stk_G                                    0x20001478   Data         512  main.o(.bss)
    stk_H                                    0x20001678   Data         512  main.o(.bss)
    stk_I                                    0x20001878   Data         512  main.o(.bss)
    this_mutex                               0x20001a78   Data          16  t_mutex.o(.bss)
    mp_tcb                                   0x20001a88   Data         852  rtx_conf_cm.o(.bss)
    mp_stk                                   0x20001de0   Data         416  rtx_conf_cm.o(.bss)
    os_fifo                                  0x20001f80   Data         132  rtx_conf_cm.o(.bss)
    os_active_TCB                            0x20002004   Data          60  rtx_conf_cm.o(.bss)
    os_idle_TCB                              0x20002660   Data          52  rt_task.o(.bss)
    os_rdy                                   0x20002694   Data          24  rt_list.o(.bss)
    os_dly                                   0x200026ac   Data          24  rt_list.o(.bss)
    __libspace_start                         0x200026c4   Data          96  libspace.o(.bss)
    __temporary_stack_top$libspace           0x20002724   Data           0  libspace.o(.bss)



==============================================================================

Memory Map of the image

  Image Entry point : 0x080000ed

  Load Region LR_IROM1 (Base: 0x08000000, Size: 0x00001330, Max: 0x00010000, ABSOLUTE)

    Execution Region ER_IROM1 (Base: 0x08000000, Size: 0x000012b8, Max: 0x00010000, ABSOLUTE)

    Base Addr    Size         Type   Attr      Idx    E Section Name        Object

    0x08000000   0x000000ec   Data   RO          196    RESET               startup_stm32f10x_md.o
    0x080000ec   0x00000008   Code   RO          544  * !!!main             c_w.l(__main.o)
    0x080000f4   0x00000034   Code   RO          741    !!!scatter          c_w.l(__scatter.o)
    0x08000128   0x0000001a   Code   RO          743    !!handler_copy      c_w.l(__scatter_copy.o)
    0x08000142   0x00000002   PAD
    0x08000144   0x0000001c   Code   RO          745    !!handler_zi        c_w.l(__scatter_zi.o)
    0x08000160   0x00000002   Code   RO          681    .ARM.Collect$$libinit$$00000000  c_w.l(libinit.o)
    0x08000162   0x00000000   Code   RO          579    .ARM.Collect$$libinit$$00000002  c_w.l(libinit2.o)
    0x08000162   0x00000000   Code   RO          582    .ARM.Collect$$libinit$$00000008  c_w.l(libinit2.o)
    0x08000162   0x00000000   Code   RO          584    .ARM.Collect$$libinit$$0000000A  c_w.l(libinit2.o)
    0x08000162   0x00000000   Code   RO          586    .ARM.Collect$$libinit$$0000000C  c_w.l(libinit2.o)
    0x08000162   0x00000000   Code   RO          589    .ARM.Collect$$libinit$$0000000F  c_w.l(libinit2.o)
    0x08000162   0x00000000   Code   RO          591    .ARM.Collect$$libinit$$00000011  c_w.l(libinit2.o)
    0x08000162   0x00000000   Code   RO          593    .ARM.Collect$$libinit$$00000013  c_w.l(libinit2.o)
    0x08000162   0x00000000   Code   RO          595    .ARM.Collect$$libinit$$00000015  c_w.l(libinit2.o)
    0x08000162   0x00000000   Code   RO          597    .ARM.Collect$$libinit$$00000017  c_w.l(libinit2.o)
    0x08000162   0x00000000   Code   RO          599    .ARM.Collect$$libinit$$00000019  c_w.l(libinit2.o)
    0x08000162   0x00000000   Code   RO          601    .ARM.Collect$$libinit$$0000001B  c_w.l(libinit2.o)
    0x08000162   0x00000000   Code   RO          603    .ARM.Collect$$libinit$$0000001D  c_w.l(libinit2.o)
    0x08000162   0x00000000   Code   RO          605    .ARM.Collect$$libinit$$0000001F  c_w.l(libinit2.o)
    0x08000162   0x00000000   Code   RO          607    .ARM.Collect$$libinit$$00000021  c_w.l(libinit2.o)
    0x08000162   0x00000000   Code   RO          609    .ARM.Collect$$libinit$$00000023  c_w.l(libinit2.o)
    0x08000162   0x00000000   Code   RO          613    .ARM.Collect$$libinit$$0000002A  c_w.l(libinit2.o)
    0x08000162   0x00000000   Code   RO          615    .ARM.Collect$$libinit$$0000002C  c_w.l(libinit2.o)
    0x08000162   0x00000000   Code   RO          617    .ARM.Collect$$libinit$$0000002E  c_w.l(libinit2.o)
    0x08000162   0x00000000   Code   RO          619    .ARM.Collect$$libinit$$00000030  c_w.l(libinit2.o)
    0x08000162   0x00000002   Code   RO          620    .ARM.Collect$$libinit$$00000031  c_w.l(libinit2.o)
    0x08000164   0x00000002   Code   RO          738    .ARM.Collect$$libshutdown$$00000000  c_w.l(libshutdown.o)
    0x08000166   0x00000000   Code   RO          696    .ARM.Collect$$libshutdown$$00000003  c_w.l(libshutdown2.o)
    0x08000166   0x00000000   Code   RO          699    .ARM.Collect$$libshutdown$$00000006  c_w.l(libshutdown2.o)
    0x08000166   0x00000000   Code   RO          702    .ARM.Collect$$libshutdown$$00000009  c_w.l(libshutdown2.o)
    0x08000166   0x00000000   Code   RO          704    .ARM.Collect$$libshutdown$$0000000B  c_w.l(libshutdown2.o)
    0x08000166   0x00000000   Code   RO          707    .ARM.Collect$$libshutdown$$0000000E  c_w.l(libshutdown2.o)
    0x08000166   0x00000002   Code   RO          708    .ARM.Collect$$libshutdown$$0000000F  c_w.l(libshutdown2.o)
    0x08000168   0x00000000   Code   RO          546    .ARM.Collect$$rtentry$$00000000  c_w.l(rtentry.o)
    0x08000168   0x00000000   Code   RO          624    .ARM.Collect$$rtentry$$00000002  c_w.l(rtentry2.o)
    0x08000168   0x00000006   Code   RO          636    .ARM.Collect$$rtentry$$00000004  c_w.l(rtentry4.o)
    0x0800016e   0x00000000   Code   RO          626    .ARM.Collect$$rtentry$$00000009  c_w.l(rtentry2.o)
    0x0800016e   0x00000004   Code   RO          627    .ARM.Collect$$rtentry$$0000000A  c_w.l(rtentry2.o)
    0x08000172   0x00000000   Code   RO          629    .ARM.Collect$$rtentry$$0000000C  c_w.l(rtentry2.o)
    0x08000172   0x00000008   Code   RO          630    .ARM.Collect$$rtentry$$0000000D  c_w.l(rtentry2.o)
    0x0800017a   0x00000002   Code   RO          684    .ARM.Collect$$rtexit$$00000000  c_w.l(rtexit.o)
    0x0800017c   0x00000000   Code   RO          712    .ARM.Collect$$rtexit$$00000002  c_w.l(rtexit2.o)
    0x0800017c   0x00000004   Code   RO          713    .ARM.Collect$$rtexit$$00000003  c_w.l(rtexit2.o)
    0x08000180   0x00000006   Code   RO          714    .ARM.Collect$$rtexit$$00000004  c_w.l(rtexit2.o)
    0x08000186   0x00000002   PAD
    0x08000188   0x00000154   Code   RO          440    .emb_text           gtOsStm32F10x.lib(hal_cm3.o)
    0x080002dc   0x00000040   Code   RO          197    .text               startup_stm32f10x_md.o
    0x0800031c   0x00000008   Code   RO          477    .text               c_w.l(libspace.o)
    0x08000324   0x00000006   Code   RO          542    .text               c_w.l(heapauxi.o)
    0x0800032a   0x00000002   Code   RO          657    .text               c_w.l(use_no_semi.o)
    0x0800032c   0x00000000   Code   RO          659    .text               c_w.l(indicate_semi.o)
    0x0800032c   0x0000004a   Code   RO          660    .text               c_w.l(sys_stackheap_outer.o)
    0x08000376   0x0000000c   Code   RO          666    .text               c_w.l(exit.o)
    0x08000382   0x00000002   PAD
    0x08000384   0x0000000c   Code   RO          682    .text               c_w.l(sys_exit.o)
    0x08000390   0x00000004   Code   RO          202    SVC_TABLE           svc_table.o
    0x08000394   0x00000008   Code   RO          208    i.SetSysClock       system_stm32f10x.o
    0x0800039c   0x000000dc   Code   RO          209    i.SetSysClockTo72   system_stm32f10x.o
    0x08000478   0x00000060   Code   RO          211    i.SystemInit        system_stm32f10x.o
    0x080004d8   0x00000046   Code   RO          392    i._init_box         gtOsStm32F10x.lib(rt_membox.o)
    0x0800051e   0x00000002   PAD
    0x08000520   0x00000020   Code   RO          123    i._mutex_acquire    rtx_conf_cm.o
    0x08000540   0x0000001c   Code   RO          125    i._mutex_release    rtx_conf_cm.o
    0x0800055c   0x0000001c   Code   RO           33    i._para_lock        t_mutex.o
    0x08000578   0x0000001c   Code   RO           34    i._para_unlock      t_mutex.o
    0x08000594   0x00000034   Code   RO          305    i.gt_msleep         gtOsStm32F10x.lib(sys_call_rtx.o)
    0x080005c8   0x00000010   Code   RO          308    i.gt_mutex_lock     gtOsStm32F10x.lib(sys_call_rtx.o)
    0x080005d8   0x0000000c   Code   RO          309    i.gt_mutex_unlock   gtOsStm32F10x.lib(sys_call_rtx.o)
    0x080005e4   0x00000038   Code   RO           35    i.gt_task_A         t_mutex.o
    0x0800061c   0x00000038   Code   RO           36    i.gt_task_B         t_mutex.o
    0x08000654   0x00000038   Code   RO           37    i.gt_task_C         t_mutex.o
    0x0800068c   0x00000038   Code   RO           38    i.gt_task_D         t_mutex.o
    0x080006c4   0x00000038   Code   RO           39    i.gt_task_E         t_mutex.o
    0x080006fc   0x00000038   Code   RO           40    i.gt_task_F         t_mutex.o
    0x08000734   0x00000038   Code   RO           41    i.gt_task_G         t_mutex.o
    0x0800076c   0x00000038   Code   RO           42    i.gt_task_H         t_mutex.o
    0x080007a4   0x00000038   Code   RO           43    i.gt_task_I         t_mutex.o
    0x080007dc   0x00000044   Code   RO          318    i.gt_task_create    gtOsStm32F10x.lib(sys_call_rtx.o)
    0x08000820   0x00000024   Code   RO          319    i.gt_task_createx   gtOsStm32F10x.lib(sys_call_rtx.o)
    0x08000844   0x0000001c   Code   RO            1    i.main              main.o
    0x08000860   0x00000004   Code   RO          126    i.os_error          rtx_conf_cm.o
    0x08000864   0x00000004   Code   RO          127    i.os_idle_demon     rtx_conf_cm.o
    0x08000868   0x00000028   Code   RO          410    i.os_tick_init      gtOsStm32F10x.lib(rt_system.o)
    0x08000890   0x00000002   Code   RO          411    i.os_tick_irqack    gtOsStm32F10x.lib(rt_system.o)
    0x08000892   0x00000002   Code   RO          128    i.os_tmr_call       rtx_conf_cm.o
    0x08000894   0x0000001a   Code   RO          393    i.rt_alloc_box      gtOsStm32F10x.lib(rt_membox.o)
    0x080008ae   0x00000002   PAD
    0x080008b0   0x00000038   Code   RO          273    i.rt_block          gtOsStm32F10x.lib(rt_task.o)
    0x080008e8   0x00000002   Code   RO          129    i.rt_chk_robin      rtx_conf_cm.o
    0x080008ea   0x00000002   PAD
    0x080008ec   0x00000074   Code   RO          356    i.rt_dec_dly        gtOsStm32F10x.lib(rt_list.o)
    0x08000960   0x00000044   Code   RO          274    i.rt_dispatch       gtOsStm32F10x.lib(rt_task.o)
    0x080009a4   0x00000006   Code   RO          431    i.rt_dly_wait       gtOsStm32F10x.lib(rt_time.o)
    0x080009aa   0x00000002   PAD
    0x080009ac   0x0000004c   Code   RO          454    i.rt_evt_psh        gtOsStm32F10x.lib(rt_event.o)
    0x080009f8   0x00000020   Code   RO          394    i.rt_free_box       gtOsStm32F10x.lib(rt_membox.o)
    0x08000a18   0x00000028   Code   RO          357    i.rt_get_first      gtOsStm32F10x.lib(rt_list.o)
    0x08000a40   0x00000044   Code   RO          275    i.rt_init_context   gtOsStm32F10x.lib(rt_task.o)
    0x08000a84   0x00000002   Code   RO          130    i.rt_init_robin     rtx_conf_cm.o
    0x08000a86   0x00000002   PAD
    0x08000a88   0x00000050   Code   RO          444    i.rt_init_stack     gtOsStm32F10x.lib(hal_cm3.o)
    0x08000ad8   0x000000c0   Code   RO          381    i.rt_mbx_psh        gtOsStm32F10x.lib(rt_mailbox.o)
    0x08000b98   0x000000b0   Code   RO          268    i.rt_mut_release    gtOsStm32F10x.lib(rt_mutex.o)
    0x08000c48   0x00000068   Code   RO          269    i.rt_mut_wait       gtOsStm32F10x.lib(rt_mutex.o)
    0x08000cb0   0x0000007c   Code   RO          412    i.rt_pop_req        gtOsStm32F10x.lib(rt_system.o)
    0x08000d2c   0x00000048   Code   RO          360    i.rt_put_dly        gtOsStm32F10x.lib(rt_list.o)
    0x08000d74   0x00000036   Code   RO          361    i.rt_put_prio       gtOsStm32F10x.lib(rt_list.o)
    0x08000daa   0x00000002   PAD
    0x08000dac   0x00000014   Code   RO          362    i.rt_put_rdy_first  gtOsStm32F10x.lib(rt_list.o)
    0x08000dc0   0x00000034   Code   RO          363    i.rt_resort_prio    gtOsStm32F10x.lib(rt_list.o)
    0x08000df4   0x00000028   Code   RO          364    i.rt_rmv_dly        gtOsStm32F10x.lib(rt_list.o)
    0x08000e1c   0x00000030   Code   RO          365    i.rt_rmv_list       gtOsStm32F10x.lib(rt_list.o)
    0x08000e4c   0x00000034   Code   RO          401    i.rt_sem_psh        gtOsStm32F10x.lib(rt_semaphore.o)
    0x08000e80   0x00000038   Code   RO          415    i.rt_stk_check      gtOsStm32F10x.lib(rt_system.o)
    0x08000eb8   0x00000010   Code   RO          276    i.rt_switch_req     gtOsStm32F10x.lib(rt_task.o)
    0x08000ec8   0x00000154   Code   RO          277    i.rt_sys_init       gtOsStm32F10x.lib(rt_task.o)
    0x0800101c   0x00000040   Code   RO          417    i.rt_systick        gtOsStm32F10x.lib(rt_system.o)
    0x0800105c   0x00000040   Code   RO          470    i.rt_tmr_tick       gtOsStm32F10x.lib(rt_timer.o)
    0x0800109c   0x00000080   Code   RO          278    i.rt_tsk_create     gtOsStm32F10x.lib(rt_task.o)
    0x0800111c   0x00000010   Code   RO          282    i.rt_tsk_self       gtOsStm32F10x.lib(rt_task.o)
    0x0800112c   0x00000140   Code   RO            2    i.task_init         main.o
    0x0800126c   0x0000002c   Data   RO          132    .constdata          rtx_conf_cm.o
    0x08001298   0x00000020   Data   RO          739    Region$$Table       anon$$obj.o


    Execution Region RW_IRAM1 (Base: 0x20000000, Size: 0x00002d28, Max: 0x00005000, ABSOLUTE)

    Base Addr    Size         Type   Attr      Idx    E Section Name        Object

    0x20000000   0x00000050   Data   RW           45    .data               t_mutex.o
    0x20000050   0x00000008   Data   RW          133    .data               rtx_conf_cm.o
    0x20000058   0x00000008   Data   RW          284    .data               gtOsStm32F10x.lib(rt_task.o)
    0x20000060   0x00000004   Data   RW          325    .data               gtOsStm32F10x.lib(sys_call_rtx.o)
    0x20000064   0x00000008   Data   RW          420    .data               gtOsStm32F10x.lib(rt_system.o)
    0x2000006c   0x00000004   Data   RW          435    .data               gtOsStm32F10x.lib(rt_time.o)
    0x20000070   0x00000008   Data   RW          471    .data               gtOsStm32F10x.lib(rt_timer.o)
    0x20000078   0x00001a00   Zero   RW            3    .bss                main.o
    0x20001a78   0x00000010   Zero   RW           44    .bss                t_mutex.o
    0x20001a88   0x00000bd8   Zero   RW          131    .bss                rtx_conf_cm.o
    0x20002660   0x00000034   Zero   RW          283    .bss                gtOsStm32F10x.lib(rt_task.o)
    0x20002694   0x00000030   Zero   RW          366    .bss                gtOsStm32F10x.lib(rt_list.o)
    0x200026c4   0x00000060   Zero   RW          478    .bss                c_w.l(libspace.o)
    0x20002724   0x00000004   PAD
    0x20002728   0x00000200   Zero   RW          195    HEAP                startup_stm32f10x_md.o
    0x20002928   0x00000400   Zero   RW          194    STACK               startup_stm32f10x_md.o


==============================================================================

Image component sizes


      Code (inc. data)   RO Data    RW Data    ZI Data      Debug   Object Name

       348        154          0          0       6656       3368   main.o
        74         12         44          8       3032      12180   rtx_conf_cm.o
        64         26        236          0       1536        812   startup_stm32f10x_md.o
         4          4          0          0          0        192   svc_table.o
       324         26          0          0          0       4741   system_stm32f10x.o
       560        138          0         80         16       7067   t_mutex.o

    ----------------------------------------------------------------------
      1378        360        312         88      11240      28360   Object Totals
         0          0         32          0          0          0   (incl. Generated)
         4          0          0          0          0          0   (incl. Padding)

    ----------------------------------------------------------------------

      Code (inc. data)   RO Data    RW Data    ZI Data      Debug   Library Member Name

         8          0          0          0          0         68   __main.o
        52          8          0          0          0          0   __scatter.o
        26          0          0          0          0          0   __scatter_copy.o
        28          0          0          0          0          0   __scatter_zi.o
        12          0          0          0          0         72   exit.o
         6          0          0          0          0        152   heapauxi.o
         0          0          0          0          0          0   indicate_semi.o
         2          0          0          0          0          0   libinit.o
         2          0          0          0          0          0   libinit2.o
         2          0          0          0          0          0   libshutdown.o
         2          0          0          0          0          0   libshutdown2.o
         8          4          0          0         96         68   libspace.o
         0          0          0          0          0          0   rtentry.o
        12          0          0          0          0          0   rtentry2.o
         6          0          0          0          0          0   rtentry4.o
         2          0          0          0          0          0   rtexit.o
        10          0          0          0          0          0   rtexit2.o
        12          4          0          0          0         68   sys_exit.o
        74          0          0          0          0         80   sys_stackheap_outer.o
         2          0          0          0          0         68   use_no_semi.o
       420         42          0          0          0        272   hal_cm3.o
        76          4          0          0          0         84   rt_event.o
       442         30          0          0         48        600   rt_list.o
       192          4          0          0          0        108   rt_mailbox.o
       128          0          0          0          0        212   rt_membox.o
       280         16          0          0          0        168   rt_mutex.o
        52          6          0          0          0         84   rt_semaphore.o
       286         46          0          8          0        384   rt_system.o
       692        126          0          8         52        596   rt_task.o
         6          0          0          4          0         68   rt_time.o
        64          8          0          8          0         80   rt_timer.o
       184         38          0          4          0        376   sys_call_rtx.o

    ----------------------------------------------------------------------
      3102        336          0         32        200       3608   Library Totals
        14          0          0          0          4          0   (incl. Padding)

    ----------------------------------------------------------------------

      Code (inc. data)   RO Data    RW Data    ZI Data      Debug   Library Name

       266         16          0          0         96        576   c_w.l
      2822        320          0         32        100       3032   gtOsStm32F10x.lib

    ----------------------------------------------------------------------
      3102        336          0         32        200       3608   Library Totals

    ----------------------------------------------------------------------

==============================================================================


      Code (inc. data)   RO Data    RW Data    ZI Data      Debug   

      4480        696        312        120      11440      28848   Grand Totals
      4480        696        312        120      11440      28848   ELF Image Totals
      4480        696        312        120          0          0   ROM Totals

==============================================================================

    Total RO  Size (Code + RO Data)                 4792 (   4.68kB)
    Total RW  Size (RW Data + ZI Data)             11560 (  11.29kB)
    Total ROM Size (Code + RO Data + RW Data)       4912 (   4.80kB)

==============================================================================

