ARM Linker, 5.03 [Build 76] [MDK-ARM Standard][RL-ARM]

==============================================================================

Section Cross References

    ucos-main.o(i.SysTick_init) refers to ucos-main.o(i.SysTick_Config) for SysTick_Config
    ucos-main.o(i.SysTick_init) refers to system_stm32f10x.o(.data) for SystemCoreClock
    ucos-main.o(i.SysTick_init) refers to os_cfg_app.o(.constdata) for OSCfg_TickRate_Hz
    ucos-main.o(i.main) refers to os_core.o(i.OSInit) for OSInit
    ucos-main.o(i.main) refers to os_task.o(i.OSTaskCreate) for OSTaskCreate
    ucos-main.o(i.main) refers to os_core.o(i.OSStart) for OSStart
    ucos-main.o(i.main) refers to ucos-main.o(.bss) for StartUp_Stk
    ucos-main.o(i.main) refers to app.o(i.Task_Start) for Task_Start
    stm32f10x_it.o(i.SysTick_Handler) refers to os_core.o(i.OSIntEnter) for OSIntEnter
    stm32f10x_it.o(i.SysTick_Handler) refers to os_time.o(i.OSTimeTick) for OSTimeTick
    stm32f10x_it.o(i.SysTick_Handler) refers to os_core.o(i.OSIntExit) for OSIntExit
    startup_stm32f10x_hd.o(STACK) refers (Special) to heapauxi.o(.text) for __use_two_region_memory
    startup_stm32f10x_hd.o(HEAP) refers (Special) to heapauxi.o(.text) for __use_two_region_memory
    startup_stm32f10x_hd.o(RESET) refers (Special) to heapauxi.o(.text) for __use_two_region_memory
    startup_stm32f10x_hd.o(RESET) refers to startup_stm32f10x_hd.o(STACK) for __initial_sp
    startup_stm32f10x_hd.o(RESET) refers to startup_stm32f10x_hd.o(.text) for Reset_Handler
    startup_stm32f10x_hd.o(RESET) refers to stm32f10x_it.o(i.NMI_Handler) for NMI_Handler
    startup_stm32f10x_hd.o(RESET) refers to stm32f10x_it.o(i.HardFault_Handler) for HardFault_Handler
    startup_stm32f10x_hd.o(RESET) refers to stm32f10x_it.o(i.MemManage_Handler) for MemManage_Handler
    startup_stm32f10x_hd.o(RESET) refers to stm32f10x_it.o(i.BusFault_Handler) for BusFault_Handler
    startup_stm32f10x_hd.o(RESET) refers to stm32f10x_it.o(i.UsageFault_Handler) for UsageFault_Handler
    startup_stm32f10x_hd.o(RESET) refers to stm32f10x_it.o(i.SVC_Handler) for SVC_Handler
    startup_stm32f10x_hd.o(RESET) refers to stm32f10x_it.o(i.DebugMon_Handler) for DebugMon_Handler
    startup_stm32f10x_hd.o(RESET) refers to os_cpu_a.o(.text) for OS_CPU_PendSVHandler
    startup_stm32f10x_hd.o(RESET) refers to stm32f10x_it.o(i.SysTick_Handler) for SysTick_Handler
    startup_stm32f10x_hd.o(.text) refers (Special) to heapauxi.o(.text) for __use_two_region_memory
    startup_stm32f10x_hd.o(.text) refers to system_stm32f10x.o(i.SystemInit) for SystemInit
    startup_stm32f10x_hd.o(.text) refers to __main.o(!!!main) for __main
    startup_stm32f10x_hd.o(.text) refers to startup_stm32f10x_hd.o(HEAP) for Heap_Mem
    startup_stm32f10x_hd.o(.text) refers to startup_stm32f10x_hd.o(STACK) for Stack_Mem
    system_stm32f10x.o(i.SetSysClock) refers to system_stm32f10x.o(i.SetSysClockTo72) for SetSysClockTo72
    system_stm32f10x.o(i.SystemCoreClockUpdate) refers to system_stm32f10x.o(.data) for SystemCoreClock
    system_stm32f10x.o(i.SystemCoreClockUpdate) refers to ucos-main.o(.constdata) for Default_Hse_Value
    system_stm32f10x.o(i.SystemInit) refers to system_stm32f10x.o(i.SetSysClock) for SetSysClock
    system_stm32f10x.o(i.SystemInit) refers to ucos-main.o(.constdata) for VEC_OFFSET
    app.o(i.Task_CUSTOMER) refers to os_sem.o(i.OSSemPend) for OSSemPend
    app.o(i.Task_CUSTOMER) refers to os_time.o(i.OSTimeDly) for OSTimeDly
    app.o(i.Task_CUSTOMER) refers to app.o(.bss) for SemOfPRODUCT
    app.o(i.Task_PRODUCT) refers to os_tmr.o(i.OSTmrCreate) for OSTmrCreate
    app.o(i.Task_PRODUCT) refers to os_tmr.o(i.OSTmrStart) for OSTmrStart
    app.o(i.Task_PRODUCT) refers to os_time.o(i.OSTimeDly) for OSTimeDly
    app.o(i.Task_PRODUCT) refers to app.o(i.cbTimerOfPRODUCT) for cbTimerOfPRODUCT
    app.o(i.Task_Sem) refers to os_sem.o(i.OSSemCreate) for OSSemCreate
    app.o(i.Task_Sem) refers to os_time.o(i.OSTimeDlyHMSM) for OSTimeDlyHMSM
    app.o(i.Task_Sem) refers to app.o(.bss) for SemOfPRODUCT
    app.o(i.Task_Start) refers to cpu_core.o(i.CPU_Init) for CPU_Init
    app.o(i.Task_Start) refers to ucos-main.o(i.SysTick_init) for SysTick_init
    app.o(i.Task_Start) refers to os_task.o(i.OSTaskCreate) for OSTaskCreate
    app.o(i.Task_Start) refers to os_task.o(i.OSTaskDel) for OSTaskDel
    app.o(i.Task_Start) refers to app.o(.bss) for Sem_Stk
    app.o(i.Task_Start) refers to app.o(i.Task_Sem) for Task_Sem
    app.o(i.Task_Start) refers to app.o(i.Task_PRODUCT) for Task_PRODUCT
    app.o(i.Task_Start) refers to app.o(i.Task_CUSTOMER) for Task_CUSTOMER
    app.o(i.Task_Start) refers to ucos-main.o(.bss) for StartUp_TCB
    app.o(i.cbTimerOfPRODUCT) refers to os_sem.o(i.OSSemPost) for OSSemPost
    app.o(i.cbTimerOfPRODUCT) refers to app.o(.bss) for SemOfPRODUCT
    os_cfg_app.o(.constdata) refers to os_cfg_app.o(.bss) for OSCfg_IdleTaskStk
    os_cfg_app.o(.constdata) refers to os_cfg_app.o(.bss) for OSCfg_IntQ
[...]
    .text                                    0x08000318   Section        8  libspace.o(.text)
    .text                                    0x08000320   Section        0  sys_exit.o(.text)
    .text                                    0x0800032c   Section        2  use_no_semi.o(.text)
    .text                                    0x0800032e   Section        0  indicate_semi.o(.text)
    i.BSP_CPU_ClkFreq                        0x0800032e   Section        0  cpu_core.o(i.BSP_CPU_ClkFreq)
    i.BusFault_Handler                       0x0800033e   Section        0  stm32f10x_it.o(i.BusFault_Handler)
    i.CPU_Init                               0x08000344   Section        0  cpu_core.o(i.CPU_Init)
    i.CPU_IntDisMeasInit                     0x0800035c   Section        0  cpu_core.o(i.CPU_IntDisMeasInit)
    CPU_IntDisMeasInit                       0x0800035d   Thumb Code    70  cpu_core.o(i.CPU_IntDisMeasInit)
    i.CPU_IntDisMeasMaxCalc                  0x080003a8   Section        0  cpu_core.o(i.CPU_IntDisMeasMaxCalc)
    CPU_IntDisMeasMaxCalc                    0x080003a9   Thumb Code    16  cpu_core.o(i.CPU_IntDisMeasMaxCalc)
    i.CPU_IntDisMeasMaxCurGet                0x080003bc   Section        0  cpu_core.o(i.CPU_IntDisMeasMaxCurGet)
    i.CPU_IntDisMeasMaxCurReset              0x080003d8   Section        0  cpu_core.o(i.CPU_IntDisMeasMaxCurReset)
    i.CPU_IntDisMeasStart                    0x080003f8   Section        0  cpu_core.o(i.CPU_IntDisMeasStart)
    i.CPU_IntDisMeasStop                     0x08000418   Section        0  cpu_core.o(i.CPU_IntDisMeasStop)
    i.CPU_TS_TmrInit                         0x0800044c   Section        0  cpu_core.o(i.CPU_TS_TmrInit)
    i.CPU_TS_TmrRd                           0x0800047c   Section        0  cpu_core.o(i.CPU_TS_TmrRd)
    i.DebugMon_Handler                       0x08000488   Section        0  stm32f10x_it.o(i.DebugMon_Handler)
    i.HardFault_Handler                      0x0800048a   Section        0  stm32f10x_it.o(i.HardFault_Handler)
    i.MemManage_Handler                      0x0800048e   Section        0  stm32f10x_it.o(i.MemManage_Handler)
    i.NMI_Handler                            0x08000492   Section        0  stm32f10x_it.o(i.NMI_Handler)
    i.OSCfg_Init                             0x08000494   Section        0  os_cfg_app.o(i.OSCfg_Init)
    i.OSIdleTaskHook                         0x08000498   Section        0  os_cpu_c.o(i.OSIdleTaskHook)
    i.OSInit                                 0x080004a8   Section        0  os_core.o(i.OSInit)
    i.OSInitHook                             0x080005f0   Section        0  os_cpu_c.o(i.OSInitHook)
    i.OSIntEnter                             0x08000610   Section        0  os_core.o(i.OSIntEnter)
    i.OSIntExit                              0x08000630   Section        0  os_core.o(i.OSIntExit)
    i.OSSched                                0x080006b4   Section        0  os_core.o(i.OSSched)
    i.OSSchedLock                            0x08000728   Section        0  os_core.o(i.OSSchedLock)
    i.OSSchedUnlock                          0x08000784   Section        0  os_core.o(i.OSSchedUnlock)
    i.OSSemCreate                            0x080007f8   Section        0  os_sem.o(i.OSSemCreate)
    i.OSSemPend                              0x08000864   Section        0  os_sem.o(i.OSSemPend)
    i.OSSemPost                              0x080009e0   Section        0  os_sem.o(i.OSSemPost)
    i.OSStart                                0x08000a44   Section        0  os_core.o(i.OSStart)
    i.OSTaskCreate                           0x08000a9c   Section        0  os_task.o(i.OSTaskCreate)
    i.OSTaskCreateHook                       0x08000c74   Section        0  os_cpu_c.o(i.OSTaskCreateHook)
    i.OSTaskDel                              0x08000c84   Section        0  os_task.o(i.OSTaskDel)
    i.OSTaskDelHook                          0x08000de4   Section        0  os_cpu_c.o(i.OSTaskDelHook)
    i.OSTaskReturnHook                       0x08000df4   Section        0  os_cpu_c.o(i.OSTaskReturnHook)
    i.OSTaskSemPend                          0x08000e04   Section        0  os_task.o(i.OSTaskSemPend)
    i.OSTaskStkInit                          0x08000f30   Section        0  os_cpu_c.o(i.OSTaskStkInit)
    i.OSTaskSwHook                           0x08000f94   Section        0  os_cpu_c.o(i.OSTaskSwHook)
    i.OSTimeDly                              0x08000fcc   Section        0  os_time.o(i.OSTimeDly)
    i.OSTimeDlyHMSM                          0x080010b8   Section        0  os_time.o(i.OSTimeDlyHMSM)
    i.OSTimeTick                             0x08001240   Section        0  os_time.o(i.OSTimeTick)
    i.OSTimeTickHook                         0x08001280   Section        0  os_cpu_c.o(i.OSTimeTickHook)
    i.OSTmrCreate                            0x08001290   Section        0  os_tmr.o(i.OSTmrCreate)
    i.OSTmrStart                             0x08001334   Section        0  os_tmr.o(i.OSTmrStart)
    i.OS_Dbg_Init                            0x080013b8   Section        0  os_dbg.o(i.OS_Dbg_Init)
    i.OS_FlagInit                            0x080013bc   Section        0  os_flag.o(i.OS_FlagInit)
    i.OS_FlagPost                            0x080013d4   Section        0  os_flag.o(i.OS_FlagPost)
    i.OS_FlagTaskRdy                         0x08001550   Section        0  os_flag.o(i.OS_FlagTaskRdy)
    i.OS_IdleTask                            0x08001590   Section        0  os_core.o(i.OS_IdleTask)
    i.OS_IdleTaskInit                        0x080015b8   Section        0  os_core.o(i.OS_IdleTaskInit)
    i.OS_IntQPost                            0x08001620   Section        0  os_int.o(i.OS_IntQPost)
    i.OS_IntQRePost                          0x080016d8   Section        0  os_int.o(i.OS_IntQRePost)
    i.OS_IntQTask                            0x080017e4   Section        0  os_int.o(i.OS_IntQTask)
    i.OS_IntQTaskInit                        0x08001858   Section        0  os_int.o(i.OS_IntQTaskInit)
    i.OS_MemInit                             0x08001964   Section        0  os_mem.o(i.OS_MemInit)
    i.OS_MsgPoolCreate                       0x0800197c   Section        0  os_msg.o(i.OS_MsgPoolCreate)
    i.OS_MsgPoolInit                         0x080019ac   Section        0  os_msg.o(i.OS_MsgPoolInit)
    i.OS_MsgQPut                             0x080019f0   Section        0  os_msg.o(i.OS_MsgQPut)
    i.OS_MutexInit                           0x08001a70   Section        0  os_mutex.o(i.OS_MutexInit)
    i.OS_Pend                                0x08001a88   Section        0  os_core.o(i.OS_Pend)
    i.OS_PendDataInit                        0x08001ad8   Section        0  os_core.o(i.OS_PendDataInit)
    i.OS_PendDbgNameAdd                      0x08001b00   Section        0  os_core.o(i.OS_PendDbgNameAdd)
    i.OS_PendDbgNameRemove                   0x08001b48   Section        0  os_core.o(i.OS_PendDbgNameRemove)
    i.OS_PendListInit                        0x08001b64   Section        0  os_core.o(i.OS_PendListInit)
    i.OS_PendListInsertPrio                  0x08001b6e   Section        0  os_core.o(i.OS_PendListInsertPrio)
    i.OS_PendListRemove                      0x08001bc8   Section        0  os_core.o(i.OS_PendListRemove)
    i.OS_PendListRemove1                     0x08001bee   Section        0  os_core.o(i.OS_PendListRemove1)
    i.OS_Post                                0x08001c24   Section        0  os_core.o(i.OS_Post)
    i.OS_Post1                               0x08001cbe   Section        0  os_core.o(i.OS_Post1)
    i.OS_PrioGetHighest                      0x08001ce4   Section        0  os_prio.o(i.OS_PrioGetHighest)
    i.OS_PrioInit                            0x08001d08   Section        0  os_prio.o(i.OS_PrioInit)
    i.OS_PrioInsert                          0x08001d20   Section        0  os_prio.o(i.OS_PrioInsert)
    i.OS_PrioRemove                          0x08001d40   Section        0  os_prio.o(i.OS_PrioRemove)
    i.OS_QInit                               0x08001d60   Section        0  os_q.o(i.OS_QInit)
    i.OS_QPost                               0x08001d78   Section        0  os_q.o(i.OS_QPost)
    i.OS_RdyListInit                         0x08001e80   Section        0  os_core.o(i.OS_RdyListInit)
    i.OS_RdyListInsert                       0x08001ea4   Section        0  os_core.o(i.OS_RdyListInsert)
    i.OS_RdyListInsertHead                   0x08001ed4   Section        0  os_core.o(i.OS_RdyListInsertHead)
    i.OS_RdyListInsertTail                   0x08001f0c   Section        0  os_core.o(i.OS_RdyListInsertTail)
    i.OS_RdyListMoveHeadToTail               0x08001f40   Section        0  os_core.o(i.OS_RdyListMoveHeadToTail)
    i.OS_RdyListRemove                       0x08001f74   Section        0  os_core.o(i.OS_RdyListRemove)
    i.OS_Sched0                              0x08001fc8   Section        0  os_core.o(i.OS_Sched0)
    i.OS_SchedLockTimeMeasStart              0x08002008   Section        0  os_core.o(i.OS_SchedLockTimeMeasStart)
    i.OS_SchedLockTimeMeasStop               0x08002024   Section        0  os_core.o(i.OS_SchedLockTimeMeasStop)
    i.OS_SchedRoundRobin                     0x08002060   Section        0  os_core.o(i.OS_SchedRoundRobin)
    i.OS_SemDbgListAdd                       0x080020c8   Section        0  os_sem.o(i.OS_SemDbgListAdd)
    i.OS_SemInit                             0x080020ec   Section        0  os_sem.o(i.OS_SemInit)
    i.OS_SemPost                             0x08002104   Section        0  os_sem.o(i.OS_SemPost)
    i.OS_TaskBlock                           0x080021e8   Section        0  os_core.o(i.OS_TaskBlock)
    i.OS_TaskDbgListAdd                      0x08002214   Section        0  os_task.o(i.OS_TaskDbgListAdd)
    i.OS_TaskDbgListRemove                   0x08002230   Section        0  os_task.o(i.OS_TaskDbgListRemove)
    i.OS_TaskInit                            0x08002258   Section        0  os_task.o(i.OS_TaskInit)
    i.OS_TaskInitTCB                         0x08002278   Section        0  os_task.o(i.OS_TaskInitTCB)
    i.OS_TaskRdy                             0x080022ec   Section        0  os_core.o(i.OS_TaskRdy)
    i.OS_TaskReturn                          0x08002308   Section        0  os_task.o(i.OS_TaskReturn)
    i.OS_TaskSemPost                         0x08002320   Section        0  os_task.o(i.OS_TaskSemPost)
    i.OS_TickListInit                        0x080024b0   Section        0  os_tick.o(i.OS_TickListInit)
    i.OS_TickListInsert                      0x080024dc   Section        0  os_tick.o(i.OS_TickListInsert)
    i.OS_TickListRemove                      0x080025b4   Section        0  os_tick.o(i.OS_TickListRemove)
    i.OS_TickListUpdate                      0x080025ec   Section        0  os_tick.o(i.OS_TickListUpdate)
    i.OS_TickTask                            0x08002768   Section        0  os_tick.o(i.OS_TickTask)
    i.OS_TickTaskInit                        0x08002790   Section        0  os_tick.o(i.OS_TickTaskInit)
    i.OS_TmrDbgListAdd                       0x0800281c   Section        0  os_tmr.o(i.OS_TmrDbgListAdd)
    i.OS_TmrInit                             0x08002838   Section        0  os_tmr.o(i.OS_TmrInit)
    i.OS_TmrLink                             0x08002938   Section        0  os_tmr.o(i.OS_TmrLink)
    i.OS_TmrTask                             0x080029d0   Section        0  os_tmr.o(i.OS_TmrTask)
    i.OS_TmrUnlink                           0x08002a74   Section        0  os_tmr.o(i.OS_TmrUnlink)
    i.RCC_GetClocksFreq                      0x08002ac0   Section        0  stm32f10x_rcc.o(i.RCC_GetClocksFreq)
    i.SVC_Handler                            0x08002b64   Section        0  stm32f10x_it.o(i.SVC_Handler)
    i.SetSysClock                            0x08002b66   Section        0  system_stm32f10x.o(i.SetSysClock)
    SetSysClock                              0x08002b67   Thumb Code     8  system_stm32f10x.o(i.SetSysClock)
    i.SetSysClockTo72                        0x08002b70   Section        0  system_stm32f10x.o(i.SetSysClockTo72)
    SetSysClockTo72                          0x08002b71   Thumb Code   212  system_stm32f10x.o(i.SetSysClockTo72)
    i.SysTick_Config                         0x08002c4c   Section        0  ucos-main.o(i.SysTick_Config)
    SysTick_Config                           0x08002c4d   Thumb Code    74  ucos-main.o(i.SysTick_Config)
    i.SysTick_Handler                        0x08002ca0   Section        0  stm32f10x_it.o(i.SysTick_Handler)
    i.SysTick_init                           0x08002cb0   Section        0  ucos-main.o(i.SysTick_init)
    i.SystemInit                             0x08002ce8   Section        0  system_stm32f10x.o(i.SystemInit)
    i.Task_CUSTOMER                          0x08002d50   Section        0  app.o(i.Task_CUSTOMER)
    i.Task_PRODUCT                           0x08002d74   Section        0  app.o(i.Task_PRODUCT)
    i.Task_Sem                               0x08002dc0   Section        0  app.o(i.Task_Sem)
    i.Task_Start                             0x08002dfc   Section        0  app.o(i.Task_Start)
    i.UsageFault_Handler                     0x08002ee4   Section        0  stm32f10x_it.o(i.UsageFault_Handler)
    i.cbTimerOfPRODUCT                       0x08002ee8   Section        0  app.o(i.cbTimerOfPRODUCT)
    i.main                                   0x08002f00   Section        0  ucos-main.o(i.main)
    .constdata                               0x08002f58   Section        8  ucos-main.o(.constdata)
    .constdata                               0x08002f60   Section      128  os_cfg_app.o(.constdata)
    .constdata                               0x08002fe0   Section        2  os_core.o(.constdata)
    .data                                    0x20000000   Section       20  system_stm32f10x.o(.data)
    .data                                    0x20000014   Section       28  cpu_core.o(.data)
    .data                                    0x20000030   Section       20  stm32f10x_rcc.o(.data)
    ADCPrescTable                            0x20000030   Data           4  stm32f10x_rcc.o(.data)
    APBAHBPrescTable                         0x20000034   Data          16  stm32f10x_rcc.o(.data)
    .data                                    0x20000044   Section        8  os_prio.o(.data)
    .data                                    0x2000004c   Section        4  os_var.o(.data)
    .data                                    0x20000050   Section        4  os_var.o(.data)
    .data                                    0x20000054   Section        4  os_var.o(.data)
    .data                                    0x20000058   Section        4  os_var.o(.data)
    .data                                    0x2000005c   Section        4  os_var.o(.data)
    .data                                    0x20000060   Section        4  os_var.o(.data)
    .data                                    0x20000064   Section        4  os_var.o(.data)
    .data                                    0x20000068   Section        4  os_var.o(.data)
    .data                                    0x2000006c   Section        1  os_var.o(.data)
    .data                                    0x2000006d   Section        1  os_var.o(.data)
    .data                                    0x20000070   Section        4  os_var.o(.data)
    .data                                    0x20000074   Section        4  os_var.o(.data)
    .data                                    0x20000078   Section        2  os_var.o(.data)
    .data                                    0x2000007a   Section        2  os_var.o(.data)
    .data                                    0x2000007c   Section        2  os_var.o(.data)
    .data                                    0x20000080   Section        4  os_var.o(.data)
    .data                                    0x20000084   Section        4  os_var.o(.data)
    .data                                    0x20000088   Section        2  os_var.o(.data)
    .data                                    0x2000008c   Section        4  os_var.o(.data)
    .data                                    0x20000090   Section        2  os_var.o(.data)
    .data                                    0x20000094   Section        8  os_var.o(.data)
    .data                                    0x2000009c   Section        4  os_var.o(.data)
    .data                                    0x200000a0   Section        2  os_var.o(.data)
    .data                                    0x200000a2   Section        1  os_var.o(.data)
    .data                                    0x200000a3   Section        1  os_var.o(.data)
    .data                                    0x200000a4   Section        1  os_var.o(.data)
    .data                                    0x200000a8   Section        4  os_var.o(.data)
    .data                                    0x200000ac   Section        2  os_var.o(.data)
    .data                                    0x200000b0   Section        4  os_var.o(.data)
    .data                                    0x200000b4   Section        4  os_var.o(.data)
    .data                                    0x200000b8   Section        4  os_var.o(.data)
    .data                                    0x200000bc   Section        1  os_var.o(.data)
    .data                                    0x200000c0   Section        4  os_var.o(.data)
    .data                                    0x200000c4   Section        1  os_var.o(.data)
    .data                                    0x200000c8   Section        4  os_var.o(.data)
    .data                                    0x200000cc   Section        2  os_var.o(.data)
    .data                                    0x200000d0   Section        4  os_var.o(.data)
    .data                                    0x200000d4   Section        4  os_var.o(.data)
    .data                                    0x200000d8   Section        2  os_var.o(.data)
    .data                                    0x200000dc   Section        4  os_var.o(.data)
    .data                                    0x200000e0   Section        4  os_var.o(.data)
    .data                                    0x200000e4   Section        4  os_var.o(.data)
    .data                                    0x200000e8   Section        2  os_var.o(.data)
    .data                                    0x200000ec   Section        4  os_var.o(.data)
    .data                                    0x200000f0   Section        4  os_var.o(.data)
    .data                                    0x200000f4   Section        4  os_var.o(.data)
    .data                                    0x200000f8   Section        4  os_var.o(.data)
    .data                                    0x200000fc   Section        4  os_var.o(.data)
    .data                                    0x20000100   Section        4  os_var.o(.data)
    .data                                    0x20000104   Section        4  os_cpu_c.o(.data)
    .bss                                     0x20000108   Section      932  ucos-main.o(.bss)
    .bss                                     0x200004ac   Section     4036  app.o(.bss)
    SEM_TCB                                  0x200004ac   Data         132  app.o(.bss)
    Sem_Stk                                  0x20000530   Data        2000  app.o(.bss)
    Product_TCB                              0x20000d00   Data         132  app.o(.bss)
    PRO_Stk                                  0x20000d84   Data         800  app.o(.bss)
    Customer_TCB                             0x200010a4   Data         132  app.o(.bss)
    Cus_Stk                                  0x20001128   Data         800  app.o(.bss)
    .bss                                     0x20001470   Section      256  os_cfg_app.o(.bss)
    .bss                                     0x20001570   Section      320  os_cfg_app.o(.bss)
    .bss                                     0x200016b0   Section      512  os_cfg_app.o(.bss)
    .bss                                     0x200018b0   Section      512  os_cfg_app.o(.bss)
    .bss                                     0x20001ab0   Section     1600  os_cfg_app.o(.bss)
    .bss                                     0x200020f0   Section      512  os_cfg_app.o(.bss)
    .bss                                     0x200022f0   Section      136  os_cfg_app.o(.bss)
    .bss                                     0x20002378   Section      512  os_cfg_app.o(.bss)
    .bss                                     0x20002578   Section      136  os_cfg_app.o(.bss)
    .bss                                     0x20002600   Section      132  os_var.o(.bss)
    .bss                                     0x20002684   Section      132  os_var.o(.bss)
    .bss                                     0x20002708   Section      768  os_var.o(.bss)
    .bss                                     0x20002a08   Section      132  os_var.o(.bss)
    .bss                                     0x20002a8c   Section      132  os_var.o(.bss)
    .bss                                     0x20002b10   Section       96  libspace.o(.bss)
    HEAP                                     0x20002b70   Section     4096  startup_stm32f10x_hd.o(HEAP)
    Heap_Mem                                 0x20002b70   Data        4096  startup_stm32f10x_hd.o(HEAP)
    STACK                                    0x20003b70   Section     4096  startup_stm32f10x_hd.o(STACK)
    Stack_Mem                                0x20003b70   Data        4096  startup_stm32f10x_hd.o(STACK)
    __initial_sp                             0x20004b70   Data           0  startup_stm32f10x_hd.o(STACK)

    Global Symbols

    Symbol Name                              Value     Ov Type        Size  Object(Section)

    BuildAttributes$$THM_ISAv4$P$D$K$B$S$PE$A:L22UL41UL21$X:L11$S22US41US21$IEEE1$IW$USESV6$~STKCKD$USESV7$~SHL$OSPACE$ROPI$EBA8$UX$STANDARDLIB$REQ8$PRES8$EABIv2 0x00000000   Number         0  anon$$obj.o ABSOLUTE
    __ARM_use_no_argv                        0x00000000   Number         0  ucos-main.o ABSOLUTE
    __ARM_exceptions_init                     - Undefined Weak Reference
    __alloca_initialize                       - Undefined Weak Reference
    __cpp_initialize__aeabi_                  - Undefined Weak Reference
    __cxa_finalize                            - Undefined Weak Reference
    __rt_locale                               - Undefined Weak Reference
    __sigvec_lookup                           - Undefined Weak Reference
    _atexit_init                              - Undefined Weak Reference
    _call_atexit_fns                          - Undefined Weak Reference
    _clock_init                               - Undefined Weak Reference
    _fp_trap_init                             - Undefined Weak Reference
    _fp_trap_shutdown                         - Undefined Weak Reference
    _get_lc_collate                           - Undefined Weak Reference
    _get_lc_ctype                             - Undefined Weak Reference
    _get_lc_monetary                          - Undefined Weak Reference
    _get_lc_numeric                           - Undefined Weak Reference
    _get_lc_time                              - Undefined Weak Reference
    _getenv_init                              - Undefined Weak Reference
    _handle_redirection                       - Undefined Weak Reference
    _init_alloc                               - Undefined Weak Reference
    _init_user_alloc                          - Undefined Weak Reference
    _initio                                   - Undefined Weak Reference
    _rand_init                                - Undefined Weak Reference
    _signal_finish                            - Undefined Weak Reference
    _signal_init                              - Undefined Weak Reference
    _terminate_alloc                          - Undefined Weak Reference
    _terminate_user_alloc                     - Undefined Weak Reference
    _terminateio                              - Undefined Weak Reference
    __Vectors_Size                           0x00000130   Number         0  startup_stm32f10x_hd.o ABSOLUTE
    __Vectors                                0x08000000   Data           4  startup_stm32f10x_hd.o(RESET)
    __Vectors_End                            0x08000130   Data           0  startup_stm32f10x_hd.o(RESET)
    __main                                   0x08000131   Thumb Code     8  __main.o(!!!main)
    __scatterload                            0x08000139   Thumb Code     0  __scatter.o(!!!scatter)
    __scatterload_rt2                        0x08000139   Thumb Code    44  __scatter.o(!!!scatter)
    __scatterload_rt2_thumb_only             0x08000139   Thumb Code     0  __scatter.o(!!!scatter)
    __scatterload_null                       0x08000147   Thumb Code     0  __scatter.o(!!!scatter)
    __scatterload_copy                       0x0800016d   Thumb Code    26  __scatter_copy.o(!!handler_copy)
    __scatterload_zeroinit                   0x08000189   Thumb Code    28  __scatter_zi.o(!!handler_zi)
    __rt_lib_init                            0x080001a5   Thumb Code     0  libinit.o(.ARM.Collect$$libinit$$00000000)
    __rt_lib_init_alloca_1                   0x080001a7   Thumb Code     0  libinit2.o(.ARM.Collect$$libinit$$0000002C)
    __rt_lib_init_argv_1                     0x080001a7   Thumb Code     0  libinit2.o(.ARM.Collect$$libinit$$0000002A)
    __rt_lib_init_atexit_1                   0x080001a7   Thumb Code     0  libinit2.o(.ARM.Collect$$libinit$$00000019)
    __rt_lib_init_clock_1                    0x080001a7   Thumb Code     0  libinit2.o(.ARM.Collect$$libinit$$0000001F)
    __rt_lib_init_cpp_1                      0x080001a7   Thumb Code     0  libinit2.o(.ARM.Collect$$libinit$$00000030)
    __rt_lib_init_exceptions_1               0x080001a7   Thumb Code     0  libinit2.o(.ARM.Collect$$libinit$$0000002E)
    __rt_lib_init_fp_1                       0x080001a7   Thumb Code     0  libinit2.o(.ARM.Collect$$libinit$$00000002)
    __rt_lib_init_fp_trap_1                  0x080001a7   Thumb Code     0  libinit2.o(.ARM.Collect$$libinit$$0000001D)
    __rt_lib_init_getenv_1                   0x080001a7   Thumb Code     0  libinit2.o(.ARM.Collect$$libinit$$00000021)
    __rt_lib_init_heap_1                     0x080001a7   Thumb Code     0  libinit2.o(.ARM.Collect$$libinit$$00000008)
    __rt_lib_init_lc_collate_1               0x080001a7   Thumb Code     0  libinit2.o(.ARM.Collect$$libinit$$0000000F)
    __rt_lib_init_lc_ctype_1                 0x080001a7   Thumb Code     0  libinit2.o(.ARM.Collect$$libinit$$00000011)
    __rt_lib_init_lc_monetary_1              0x080001a7   Thumb Code     0  libinit2.o(.ARM.Collect$$libinit$$00000013)
    __rt_lib_init_lc_numeric_1               0x080001a7   Thumb Code     0  libinit2.o(.ARM.Collect$$libinit$$00000015)
    __rt_lib_init_lc_time_1                  0x080001a7   Thumb Code     0  libinit2.o(.ARM.Collect$$libinit$$00000017)
    __rt_lib_init_rand_1                     0x080001a7   Thumb Code     0  libinit2.o(.ARM.Collect$$libinit$$0000000C)
    __rt_lib_init_return                     0x080001a7   Thumb Code     0  libinit2.o(.ARM.Collect$$libinit$$00000031)
    __rt_lib_init_signal_1                   0x080001a7   Thumb Code     0  libinit2.o(.ARM.Collect$$libinit$$0000001B)
    __rt_lib_init_stdio_1                    0x080001a7   Thumb Code     0  libinit2.o(.ARM.Collect$$libinit$$00000023)
    __rt_lib_init_user_alloc_1               0x080001a7   Thumb Code     0  libinit2.o(.ARM.Collect$$libinit$$0000000A)
    __rt_lib_shutdown                        0x080001a9   Thumb Code     0  libshutdown.o(.ARM.Collect$$libshutdown$$00000000)
    __rt_lib_shutdown_fp_trap_1              0x080001ab   Thumb Code     0  libshutdown2.o(.ARM.Collect$$libshutdown$$00000006)
    __rt_lib_shutdown_heap_1                 0x080001ab   Thumb Code     0  libshutdown2.o(.ARM.Collect$$libshutdown$$0000000E)
    __rt_lib_shutdown_return                 0x080001ab   Thumb Code     0  libshutdown2.o(.ARM.Collect$$libshutdown$$0000000F)
    __rt_lib_shutdown_signal_1               0x080001ab   Thumb Code     0  libshutdown2.o(.ARM.Collect$$libshutdown$$00000009)
    __rt_lib_shutdown_stdio_1                0x080001ab   Thumb Code     0  libshutdown2.o(.ARM.Collect$$libshutdown$$00000003)
    __rt_lib_shutdown_user_alloc_1           0x080001ab   Thumb Code     0  libshutdown2.o(.ARM.Collect$$libshutdown$$0000000B)
    __rt_entry                               0x080001ad   Thumb Code     0  rtentry.o(.ARM.Collect$$rtentry$$00000000)
    __rt_entry_presh_1                       0x080001ad   Thumb Code     0  rtentry2.o(.ARM.Collect$$rtentry$$00000002)
    __rt_entry_sh                            0x080001ad   Thumb Code     0  rtentry4.o(.ARM.Collect$$rtentry$$00000004)
    __rt_entry_li                            0x080001b3   Thumb Code     0  rtentry2.o(.ARM.Collect$$rtentry$$0000000A)
    __rt_entry_postsh_1                      0x080001b3   Thumb Code     0  rtentry2.o(.ARM.Collect$$rtentry$$00000009)
    __rt_entry_main                          0x080001b7   Thumb Code     0  rtentry2.o(.ARM.Collect$$rtentry$$0000000D)
    __rt_entry_postli_1                      0x080001b7   Thumb Code     0  rtentry2.o(.ARM.Collect$$rtentry$$0000000C)
    __rt_exit                                0x080001bf   Thumb Code     0  rtexit.o(.ARM.Collect$$rtexit$$00000000)
    __rt_exit_ls                             0x080001c1   Thumb Code     0  rtexit2.o(.ARM.Collect$$rtexit$$00000003)
    __rt_exit_prels_1                        0x080001c1   Thumb Code     0  rtexit2.o(.ARM.Collect$$rtexit$$00000002)
    __rt_exit_exit                           0x080001c5   Thumb Code     0  rtexit2.o(.ARM.Collect$$rtexit$$00000004)
    Reset_Handler                            0x080001cd   Thumb Code     8  startup_stm32f10x_hd.o(.text)
    ADC1_2_IRQHandler                        0x080001e7   Thumb Code     0  startup_stm32f10x_hd.o(.text)
    ADC3_IRQHandler                          0x080001e7   Thumb Code     0  startup_stm32f10x_hd.o(.text)
    CAN1_RX1_IRQHandler                      0x080001e7   Thumb Code     0  startup_stm32f10x_hd.o(.text)
    CAN1_SCE_IRQHandler                      0x080001e7   Thumb Code     0  startup_stm32f10x_hd.o(.text)
    DMA1_Channel1_IRQHandler                 0x080001e7   Thumb Code     0  startup_stm32f10x_hd.o(.text)
    DMA1_Channel2_IRQHandler                 0x080001e7   Thumb Code     0  startup_stm32f10x_hd.o(.text)
    DMA1_Channel3_IRQHandler                 0x080001e7   Thumb Code     0  startup_stm32f10x_hd.o(.text)
    DMA1_Channel4_IRQHandler                 0x080001e7   Thumb Code     0  startup_stm32f10x_hd.o(.text)
    DMA1_Channel5_IRQHandler                 0x080001e7   Thumb Code     0  startup_stm32f10x_hd.o(.text)
    DMA1_Channel6_IRQHandler                 0x080001e7   Thumb Code     0  startup_stm32f10x_hd.o(.text)
    DMA1_Channel7_IRQHandler                 0x080001e7   Thumb Code     0  startup_stm32f10x_hd.o(.text)
    DMA2_Channel1_IRQHandler                 0x080001e7   Thumb Code     0  startup_stm32f10x_hd.o(.text)
    DMA2_Channel2_IRQHandler                 0x080001e7   Thumb Code     0  startup_stm32f10x_hd.o(.text)
    DMA2_Channel3_IRQHandler                 0x080001e7   Thumb Code     0  startup_stm32f10x_hd.o(.text)
    DMA2_Channel4_5_IRQHandler               0x080001e7   Thumb Code     0  startup_stm32f10x_hd.o(.text)
    EXTI0_IRQHandler                         0x080001e7   Thumb Code     0  startup_stm32f10x_hd.o(.text)
    EXTI15_10_IRQHandler                     0x080001e7   Thumb Code     0  startup_stm32f10x_hd.o(.text)
    EXTI1_IRQHandler                         0x080001e7   Thumb Code     0  startup_stm32f10x_hd.o(.text)
    EXTI2_IRQHandler                         0x080001e7   Thumb Code     0  startup_stm32f10x_hd.o(.text)
    EXTI3_IRQHandler                         0x080001e7   Thumb Code     0  startup_stm32f10x_hd.o(.text)
    EXTI4_IRQHandler                         0x080001e7   Thumb Code     0  startup_stm32f10x_hd.o(.text)
    EXTI9_5_IRQHandler                       0x080001e7   Thumb Code     0  startup_stm32f10x_hd.o(.text)
    FLASH_IRQHandler                         0x080001e7   Thumb Code     0  startup_stm32f10x_hd.o(.text)
    FSMC_IRQHandler                          0x080001e7   Thumb Code     0  startup_stm32f10x_hd.o(.text)
    I2C1_ER_IRQHandler                       0x080001e7   Thumb Code     0  startup_stm32f10x_hd.o(.text)
    I2C1_EV_IRQHandler                       0x080001e7   Thumb Code     0  startup_stm32f10x_hd.o(.text)
    I2C2_ER_IRQHandler                       0x080001e7   Thumb Code     0  startup_stm32f10x_hd.o(.text)
    I2C2_EV_IRQHandler                       0x080001e7   Thumb Code     0  startup_stm32f10x_hd.o(.text)
    PVD_IRQHandler                           0x080001e7   Thumb Code     0  startup_stm32f10x_hd.o(.text)
    RCC_IRQHandler                           0x080001e7   Thumb Code     0  startup_stm32f10x_hd.o(.text)
    RTCAlarm_IRQHandler                      0x080001e7   Thumb Code     0  startup_stm32f10x_hd.o(.text)
    RTC_IRQHandler                           0x080001e7   Thumb Code     0  startup_stm32f10x_hd.o(.text)
    SDIO_IRQHandler                          0x080001e7   Thumb Code     0  startup_stm32f10x_hd.o(.text)
    SPI1_IRQHandler                          0x080001e7   Thumb Code     0  startup_stm32f10x_hd.o(.text)
    SPI2_IRQHandler                          0x080001e7   Thumb Code     0  startup_stm32f10x_hd.o(.text)
    SPI3_IRQHandler                          0x080001e7   Thumb Code     0  startup_stm32f10x_hd.o(.text)
    TAMPER_IRQHandler                        0x080001e7   Thumb Code     0  startup_stm32f10x_hd.o(.text)
    TIM1_BRK_IRQHandler                      0x080001e7   Thumb Code     0  startup_stm32f10x_hd.o(.text)
    TIM1_CC_IRQHandler                       0x080001e7   Thumb Code     0  startup_stm32f10x_hd.o(.text)
    TIM1_TRG_COM_IRQHandler                  0x080001e7   Thumb Code     0  startup_stm32f10x_hd.o(.text)
    TIM1_UP_IRQHandler                       0x080001e7   Thumb Code     0  startup_stm32f10x_hd.o(.text)
    TIM2_IRQHandler                          0x080001e7   Thumb Code     0  startup_stm32f10x_hd.o(.text)
    TIM3_IRQHandler                          0x080001e7   Thumb Code     0  startup_stm32f10x_hd.o(.text)
    TIM4_IRQHandler                          0x080001e7   Thumb Code     0  startup_stm32f10x_hd.o(.text)
    TIM5_IRQHandler                          0x080001e7   Thumb Code     0  startup_stm32f10x_hd.o(.text)
    TIM6_IRQHandler                          0x080001e7   Thumb Code     0  startup_stm32f10x_hd.o(.text)
    TIM7_IRQHandler                          0x080001e7   Thumb Code     0  startup_stm32f10x_hd.o(.text)
    TIM8_BRK_IRQHandler                      0x080001e7   Thumb Code     0  startup_stm32f10x_hd.o(.text)
    TIM8_CC_IRQHandler                       0x080001e7   Thumb Code     0  startup_stm32f10x_hd.o(.text)
    TIM8_TRG_COM_IRQHandler                  0x080001e7   Thumb Code     0  startup_stm32f10x_hd.o(.text)
    TIM8_UP_IRQHandler                       0x080001e7   Thumb Code     0  startup_stm32f10x_hd.o(.text)
    UART4_IRQHandler                         0x080001e7   Thumb Code     0  startup_stm32f10x_hd.o(.text)
    UART5_IRQHandler                         0x080001e7   Thumb Code     0  startup_stm32f10x_hd.o(.text)
    USART1_IRQHandler                        0x080001e7   Thumb Code     0  startup_stm32f10x_hd.o(.text)
    USART2_IRQHandler                        0x080001e7   Thumb Code     0  startup_stm32f10x_hd.o(.text)
    USART3_IRQHandler                        0x080001e7   Thumb Code     0  startup_stm32f10x_hd.o(.text)
    USBWakeUp_IRQHandler                     0x080001e7   Thumb Code     0  startup_stm32f10x_hd.o(.text)
    USB_HP_CAN1_TX_IRQHandler                0x080001e7   Thumb Code     0  startup_stm32f10x_hd.o(.text)
    USB_LP_CAN1_RX0_IRQHandler               0x080001e7   Thumb Code     0  startup_stm32f10x_hd.o(.text)
    WWDG_IRQHandler                          0x080001e7   Thumb Code     0  startup_stm32f10x_hd.o(.text)
    __user_initial_stackheap                 0x080001e9   Thumb Code     0  startup_stm32f10x_hd.o(.text)
    CPU_IntDis                               0x0800020d   Thumb Code     0  cpu_a.o(.text)
    CPU_IntEn                                0x08000211   Thumb Code     0  cpu_a.o(.text)
    CPU_SR_Save                              0x08000215   Thumb Code     0  cpu_a.o(.text)
    CPU_SR_Restore                           0x0800021d   Thumb Code     0  cpu_a.o(.text)
    CPU_CntLeadZeros                         0x08000223   Thumb Code     0  cpu_a.o(.text)
    CPU_RevBits                              0x08000229   Thumb Code     0  cpu_a.o(.text)
    CPU_WaitForInt                           0x0800022f   Thumb Code     0  cpu_a.o(.text)
    CPU_WaitForExcept                        0x08000233   Thumb Code     0  cpu_a.o(.text)
    OSStartHighRdy                           0x08000239   Thumb Code     0  os_cpu_a.o(.text)
    OS_CPU_PendSVHandler                     0x0800025b   Thumb Code     0  os_cpu_a.o(.text)
    __use_two_region_memory                  0x080002bd   Thumb Code     2  heapauxi.o(.text)
    __rt_heap_escrow$2region                 0x080002bf   Thumb Code     2  heapauxi.o(.text)
    __rt_heap_expand$2region                 0x080002c1   Thumb Code     2  heapauxi.o(.text)
    __user_setup_stackheap                   0x080002c3   Thumb Code    74  sys_stackheap_outer.o(.text)
    exit                                     0x0800030d   Thumb Code    12  exit.o(.text)
    __user_libspace                          0x08000319   Thumb Code     8  libspace.o(.text)
    __user_perproc_libspace                  0x08000319   Thumb Code     0  libspace.o(.text)
    __user_perthread_libspace                0x08000319   Thumb Code     0  libspace.o(.text)
    _sys_exit                                0x08000321   Thumb Code     8  sys_exit.o(.text)
    __I$use$semihosting                      0x0800032d   Thumb Code     0  use_no_semi.o(.text)
    __use_no_semihosting_swi                 0x0800032d   Thumb Code     2  use_no_semi.o(.text)
    BSP_CPU_ClkFreq                          0x0800032f   Thumb Code    16  cpu_core.o(i.BSP_CPU_ClkFreq)
    __semihosting_library_function           0x0800032f   Thumb Code     0  indicate_semi.o(.text)
    BusFault_Handler                         0x0800033f   Thumb Code     4  stm32f10x_it.o(i.BusFault_Handler)
    CPU_Init                                 0x08000345   Thumb Code    20  cpu_core.o(i.CPU_Init)
    CPU_IntDisMeasMaxCurGet                  0x080003bd   Thumb Code    24  cpu_core.o(i.CPU_IntDisMeasMaxCurGet)
    CPU_IntDisMeasMaxCurReset                0x080003d9   Thumb Code    26  cpu_core.o(i.CPU_IntDisMeasMaxCurReset)
    CPU_IntDisMeasStart                      0x080003f9   Thumb Code    24  cpu_core.o(i.CPU_IntDisMeasStart)
    CPU_IntDisMeasStop                       0x08000419   Thumb Code    42  cpu_core.o(i.CPU_IntDisMeasStop)
    CPU_TS_TmrInit                           0x0800044d   Thumb Code    36  cpu_core.o(i.CPU_TS_TmrInit)
    CPU_TS_TmrRd                             0x0800047d   Thumb Code     6  cpu_core.o(i.CPU_TS_TmrRd)
    DebugMon_Handler                         0x08000489   Thumb Code     2  stm32f10x_it.o(i.DebugMon_Handler)
    HardFault_Handler                        0x0800048b   Thumb Code     4  stm32f10x_it.o(i.HardFault_Handler)
    MemManage_Handler                        0x0800048f   Thumb Code     4  stm32f10x_it.o(i.MemManage_Handler)
    NMI_Handler                              0x08000493   Thumb Code     2  stm32f10x_it.o(i.NMI_Handler)
    OSCfg_Init                               0x08000495   Thumb Code     2  os_cfg_app.o(i.OSCfg_Init)
    OSIdleTaskHook                           0x08000499   Thumb Code    12  os_cpu_c.o(i.OSIdleTaskHook)
    OSInit                                   0x080004a9   Thumb Code   254  os_core.o(i.OSInit)
    OSInitHook                               0x080005f1   Thumb Code    20  os_cpu_c.o(i.OSInitHook)
    OSIntEnter                               0x08000611   Thumb Code    22  os_core.o(i.OSIntEnter)
    OSIntExit                                0x08000631   Thumb Code    96  os_core.o(i.OSIntExit)
    OSSched                                  0x080006b5   Thumb Code    82  os_core.o(i.OSSched)
    OSSchedLock                              0x08000729   Thumb Code    80  os_core.o(i.OSSchedLock)
    OSSchedUnlock                            0x08000785   Thumb Code   104  os_core.o(i.OSSchedUnlock)
    OSSemCreate                              0x080007f9   Thumb Code    94  os_sem.o(i.OSSemCreate)
    OSSemPend                                0x08000865   Thumb Code   362  os_sem.o(i.OSSemPend)
    OSSemPost                                0x080009e1   Thumb Code    92  os_sem.o(i.OSSemPost)
    OSStart                                  0x08000a45   Thumb Code    62  os_core.o(i.OSStart)
    OSTaskCreate                             0x08000a9d   Thumb Code   434  os_task.o(i.OSTaskCreate)
    OSTaskCreateHook                         0x08000c75   Thumb Code    12  os_cpu_c.o(i.OSTaskCreateHook)
    OSTaskDel                                0x08000c85   Thumb Code   324  os_task.o(i.OSTaskDel)
    OSTaskDelHook                            0x08000de5   Thumb Code    12  os_cpu_c.o(i.OSTaskDelHook)
    OSTaskReturnHook                         0x08000df5   Thumb Code    12  os_cpu_c.o(i.OSTaskReturnHook)
    OSTaskSemPend                            0x08000e05   Thumb Code   286  os_task.o(i.OSTaskSemPend)
    OSTaskStkInit                            0x08000f31   Thumb Code    94  os_cpu_c.o(i.OSTaskStkInit)
    OSTaskSwHook                             0x08000f95   Thumb Code    44  os_cpu_c.o(i.OSTaskSwHook)
    OSTimeDly                                0x08000fcd   Thumb Code   224  os_time.o(i.OSTimeDly)
    OSTimeDlyHMSM                            0x080010b9   Thumb Code   374  os_time.o(i.OSTimeDlyHMSM)
    OSTimeTick                               0x08001241   Thumb Code    52  os_time.o(i.OSTimeTick)
    OSTimeTickHook                           0x08001281   Thumb Code    12  os_cpu_c.o(i.OSTimeTickHook)
    OSTmrCreate                              0x08001291   Thumb Code   152  os_tmr.o(i.OSTmrCreate)
    OSTmrStart                               0x08001335   Thumb Code   122  os_tmr.o(i.OSTmrStart)
    OS_Dbg_Init                              0x080013b9   Thumb Code     2  os_dbg.o(i.OS_Dbg_Init)
    OS_FlagInit                              0x080013bd   Thumb Code    14  os_flag.o(i.OS_FlagInit)
    OS_FlagPost                              0x080013d5   Thumb Code   372  os_flag.o(i.OS_FlagPost)
    OS_FlagTaskRdy                           0x08001551   Thumb Code    64  os_flag.o(i.OS_FlagTaskRdy)
    OS_IdleTask                              0x08001591   Thumb Code    36  os_core.o(i.OS_IdleTask)
    OS_IdleTaskInit                          0x080015b9   Thumb Code    60  os_core.o(i.OS_IdleTaskInit)
    OS_IntQPost                              0x08001621   Thumb Code   146  os_int.o(i.OS_IntQPost)
    OS_IntQRePost                            0x080016d9   Thumb Code   214  os_int.o(i.OS_IntQRePost)
    OS_IntQTask                              0x080017e5   Thumb Code   102  os_int.o(i.OS_IntQTask)
    OS_IntQTaskInit                          0x08001859   Thumb Code   180  os_int.o(i.OS_IntQTaskInit)
    OS_MemInit                               0x08001965   Thumb Code    14  os_mem.o(i.OS_MemInit)
    OS_MsgPoolCreate                         0x0800197d   Thumb Code    46  os_msg.o(i.OS_MsgPoolCreate)
    OS_MsgPoolInit                           0x080019ad   Thumb Code    56  os_msg.o(i.OS_MsgPoolInit)
    OS_MsgQPut                               0x080019f1   Thumb Code   124  os_msg.o(i.OS_MsgQPut)
    OS_MutexInit                             0x08001a71   Thumb Code    14  os_mutex.o(i.OS_MutexInit)
    OS_Pend                                  0x08001a89   Thumb Code    74  os_core.o(i.OS_Pend)
    OS_PendDataInit                          0x08001ad9   Thumb Code    38  os_core.o(i.OS_PendDataInit)
    OS_PendDbgNameAdd                        0x08001b01   Thumb Code    46  os_core.o(i.OS_PendDbgNameAdd)
    OS_PendDbgNameRemove                     0x08001b49   Thumb Code    22  os_core.o(i.OS_PendDbgNameRemove)
    OS_PendListInit                          0x08001b65   Thumb Code    10  os_core.o(i.OS_PendListInit)
    OS_PendListInsertPrio                    0x08001b6f   Thumb Code    90  os_core.o(i.OS_PendListInsertPrio)
    OS_PendListRemove                        0x08001bc9   Thumb Code    38  os_core.o(i.OS_PendListRemove)
    OS_PendListRemove1                       0x08001bef   Thumb Code    54  os_core.o(i.OS_PendListRemove1)
    OS_Post                                  0x08001c25   Thumb Code   154  os_core.o(i.OS_Post)
    OS_Post1                                 0x08001cbf   Thumb Code    38  os_core.o(i.OS_Post1)
    OS_PrioGetHighest                        0x08001ce5   Thumb Code    32  os_prio.o(i.OS_PrioGetHighest)
    OS_PrioInit                              0x08001d09   Thumb Code    20  os_prio.o(i.OS_PrioInit)
    OS_PrioInsert                            0x08001d21   Thumb Code    28  os_prio.o(i.OS_PrioInsert)
    OS_PrioRemove                            0x08001d41   Thumb Code    28  os_prio.o(i.OS_PrioRemove)
    OS_QInit                                 0x08001d61   Thumb Code    14  os_q.o(i.OS_QInit)
    OS_QPost                                 0x08001d79   Thumb Code   254  os_q.o(i.OS_QPost)
    OS_RdyListInit                           0x08001e81   Thumb Code    32  os_core.o(i.OS_RdyListInit)
    OS_RdyListInsert                         0x08001ea5   Thumb Code    42  os_core.o(i.OS_RdyListInsert)
    OS_RdyListInsertHead                     0x08001ed5   Thumb Code    52  os_core.o(i.OS_RdyListInsertHead)
    OS_RdyListInsertTail                     0x08001f0d   Thumb Code    48  os_core.o(i.OS_RdyListInsertTail)
    OS_RdyListMoveHeadToTail                 0x08001f41   Thumb Code    52  os_core.o(i.OS_RdyListMoveHeadToTail)
    OS_RdyListRemove                         0x08001f75   Thumb Code    78  os_core.o(i.OS_RdyListRemove)
    OS_Sched0                                0x08001fc9   Thumb Code    42  os_core.o(i.OS_Sched0)
    OS_SchedLockTimeMeasStart                0x08002009   Thumb Code    20  os_core.o(i.OS_SchedLockTimeMeasStart)
    OS_SchedLockTimeMeasStop                 0x08002025   Thumb Code    42  os_core.o(i.OS_SchedLockTimeMeasStop)
    OS_SchedRoundRobin                       0x08002061   Thumb Code    88  os_core.o(i.OS_SchedRoundRobin)
    OS_SemDbgListAdd                         0x080020c9   Thumb Code    26  os_sem.o(i.OS_SemDbgListAdd)
    OS_SemInit                               0x080020ed   Thumb Code    14  os_sem.o(i.OS_SemInit)
    OS_SemPost                               0x08002105   Thumb Code   224  os_sem.o(i.OS_SemPost)
    OS_TaskBlock                             0x080021e9   Thumb Code    42  os_core.o(i.OS_TaskBlock)
    OS_TaskDbgListAdd                        0x08002215   Thumb Code    22  os_task.o(i.OS_TaskDbgListAdd)
    OS_TaskDbgListRemove                     0x08002231   Thumb Code    36  os_task.o(i.OS_TaskDbgListRemove)
    OS_TaskInit                              0x08002259   Thumb Code    18  os_task.o(i.OS_TaskInit)
    OS_TaskInitTCB                           0x08002279   Thumb Code   102  os_task.o(i.OS_TaskInitTCB)
    OS_TaskRdy                               0x080022ed   Thumb Code    28  os_core.o(i.OS_TaskRdy)
    OS_TaskReturn                            0x08002309   Thumb Code    20  os_task.o(i.OS_TaskReturn)
    OS_TaskSemPost                           0x08002321   Thumb Code   386  os_task.o(i.OS_TaskSemPost)
    OS_TickListInit                          0x080024b1   Thumb Code    34  os_tick.o(i.OS_TickListInit)
    OS_TickListInsert                        0x080024dd   Thumb Code   202  os_tick.o(i.OS_TickListInsert)
    OS_TickListRemove                        0x080025b5   Thumb Code    54  os_tick.o(i.OS_TickListRemove)
    OS_TickListUpdate                        0x080025ed   Thumb Code   354  os_tick.o(i.OS_TickListUpdate)
    OS_TickTask                              0x08002769   Thumb Code    36  os_tick.o(i.OS_TickTask)
    OS_TickTaskInit                          0x08002791   Thumb Code    88  os_tick.o(i.OS_TickTaskInit)
    OS_TmrDbgListAdd                         0x0800281d   Thumb Code    22  os_tmr.o(i.OS_TmrDbgListAdd)
    OS_TmrInit                               0x08002839   Thumb Code   168  os_tmr.o(i.OS_TmrInit)
    OS_TmrLink                               0x08002939   Thumb Code   140  os_tmr.o(i.OS_TmrLink)
    OS_TmrTask                               0x080029d1   Thumb Code   146  os_tmr.o(i.OS_TmrTask)
    OS_TmrUnlink                             0x08002a75   Thumb Code    68  os_tmr.o(i.OS_TmrUnlink)
    RCC_GetClocksFreq                        0x08002ac1   Thumb Code   142  stm32f10x_rcc.o(i.RCC_GetClocksFreq)
    SVC_Handler                              0x08002b65   Thumb Code     2  stm32f10x_it.o(i.SVC_Handler)
    SysTick_Handler                          0x08002ca1   Thumb Code    16  stm32f10x_it.o(i.SysTick_Handler)
    SysTick_init                             0x08002cb1   Thumb Code    46  ucos-main.o(i.SysTick_init)
    SystemInit                               0x08002ce9   Thumb Code    82  system_stm32f10x.o(i.SystemInit)
    Task_CUSTOMER                            0x08002d51   Thumb Code    32  app.o(i.Task_CUSTOMER)
    Task_PRODUCT                             0x08002d75   Thumb Code    54  app.o(i.Task_PRODUCT)
    Task_Sem                                 0x08002dc1   Thumb Code    38  app.o(i.Task_Sem)
    Task_Start                               0x08002dfd   Thumb Code   166  app.o(i.Task_Start)
    UsageFault_Handler                       0x08002ee5   Thumb Code     4  stm32f10x_it.o(i.UsageFault_Handler)
    cbTimerOfPRODUCT                         0x08002ee9   Thumb Code    20  app.o(i.cbTimerOfPRODUCT)
    main                                     0x08002f01   Thumb Code    68  ucos-main.o(i.main)
    VEC_OFFSET                               0x08002f58   Data           4  ucos-main.o(.constdata)
    Default_Hse_Value                        0x08002f5c   Data           4  ucos-main.o(.constdata)
    OSCfg_TickTaskPrio                       0x08002f60   Data           1  os_cfg_app.o(.constdata)
    OSCfg_TmrTaskPrio                        0x08002f61   Data           1  os_cfg_app.o(.constdata)
    OSCfg_IntQSize                           0x08002f62   Data           2  os_cfg_app.o(.constdata)
    OSCfg_MsgPoolSize                        0x08002f64   Data           2  os_cfg_app.o(.constdata)
    OSCfg_TickWheelSize                      0x08002f66   Data           2  os_cfg_app.o(.constdata)
    OSCfg_TmrWheelSize                       0x08002f68   Data           2  os_cfg_app.o(.constdata)
    OSCfg_IdleTaskStkBasePtr                 0x08002f6c   Data           4  os_cfg_app.o(.constdata)
    OSCfg_IdleTaskStkLimit                   0x08002f70   Data           4  os_cfg_app.o(.constdata)
    OSCfg_IdleTaskStkSize                    0x08002f74   Data           4  os_cfg_app.o(.constdata)
    OSCfg_IdleTaskStkSizeRAM                 0x08002f78   Data           4  os_cfg_app.o(.constdata)
    OSCfg_IntQBasePtr                        0x08002f7c   Data           4  os_cfg_app.o(.constdata)
    OSCfg_IntQSizeRAM                        0x08002f80   Data           4  os_cfg_app.o(.constdata)
    OSCfg_IntQTaskStkBasePtr                 0x08002f84   Data           4  os_cfg_app.o(.constdata)
    OSCfg_IntQTaskStkLimit                   0x08002f88   Data           4  os_cfg_app.o(.constdata)
    OSCfg_IntQTaskStkSize                    0x08002f8c   Data           4  os_cfg_app.o(.constdata)
    OSCfg_IntQTaskStkSizeRAM                 0x08002f90   Data           4  os_cfg_app.o(.constdata)
    OSCfg_ISRStkBasePtr                      0x08002f94   Data           4  os_cfg_app.o(.constdata)
    OSCfg_ISRStkSize                         0x08002f98   Data           4  os_cfg_app.o(.constdata)
    OSCfg_ISRStkSizeRAM                      0x08002f9c   Data           4  os_cfg_app.o(.constdata)
    OSCfg_MsgPoolSizeRAM                     0x08002fa0   Data           4  os_cfg_app.o(.constdata)
    OSCfg_MsgPoolBasePtr                     0x08002fa4   Data           4  os_cfg_app.o(.constdata)
    OSCfg_StkSizeMin                         0x08002fa8   Data           4  os_cfg_app.o(.constdata)
    OSCfg_TickRate_Hz                        0x08002fac   Data           4  os_cfg_app.o(.constdata)
    OSCfg_TickTaskStkBasePtr                 0x08002fb0   Data           4  os_cfg_app.o(.constdata)
    OSCfg_TickTaskStkLimit                   0x08002fb4   Data           4  os_cfg_app.o(.constdata)
    OSCfg_TickTaskStkSize                    0x08002fb8   Data           4  os_cfg_app.o(.constdata)
    OSCfg_TickTaskStkSizeRAM                 0x08002fbc   Data           4  os_cfg_app.o(.constdata)
    OSCfg_TickWheelSizeRAM                   0x08002fc0   Data           4  os_cfg_app.o(.constdata)
    OSCfg_TmrTaskRate_Hz                     0x08002fc4   Data           4  os_cfg_app.o(.constdata)
    OSCfg_TmrTaskStkBasePtr                  0x08002fc8   Data           4  os_cfg_app.o(.constdata)
    OSCfg_TmrTaskStkLimit                    0x08002fcc   Data           4  os_cfg_app.o(.constdata)
    OSCfg_TmrTaskStkSize                     0x08002fd0   Data           4  os_cfg_app.o(.constdata)
    OSCfg_TmrTaskStkSizeRAM                  0x08002fd4   Data           4  os_cfg_app.o(.constdata)
    OSCfg_TmrWheelSizeRAM                    0x08002fd8   Data           4  os_cfg_app.o(.constdata)
    OSCfg_DataSizeRAM                        0x08002fdc   Data           4  os_cfg_app.o(.constdata)
    Region$$Table$$Base                      0x08002fe4   Number         0  anon$$obj.o(Region$$Table)
    Region$$Table$$Limit                     0x08003004   Number         0  anon$$obj.o(Region$$Table)
    SystemCoreClock                          0x20000000   Data           4  system_stm32f10x.o(.data)
    AHBPrescTable                            0x20000004   Data          16  system_stm32f10x.o(.data)
    CPU_IntDisMeasCtr                        0x20000014   Data           2  cpu_core.o(.data)
    CPU_IntDisNestCtr                        0x20000016   Data           2  cpu_core.o(.data)
    CPU_TS_TmrFreq_Hz                        0x20000018   Data           4  cpu_core.o(.data)
    CPU_IntDisMeasStart_cnts                 0x2000001c   Data           4  cpu_core.o(.data)
    CPU_IntDisMeasStop_cnts                  0x20000020   Data           4  cpu_core.o(.data)
    CPU_IntDisMeasOvrhd_cnts                 0x20000024   Data           4  cpu_core.o(.data)
    CPU_IntDisMeasMaxCur_cnts                0x20000028   Data           4  cpu_core.o(.data)
    CPU_IntDisMeasMax_cnts                   0x2000002c   Data           4  cpu_core.o(.data)
    OSPrioTbl                                0x20000044   Data           8  os_prio.o(.data)
    OS_AppTaskCreateHookPtr                  0x2000004c   Data           4  os_var.o(.data)
    OS_AppTaskDelHookPtr                     0x20000050   Data           4  os_var.o(.data)
    OS_AppTaskReturnHookPtr                  0x20000054   Data           4  os_var.o(.data)
    OS_AppIdleTaskHookPtr                    0x20000058   Data           4  os_var.o(.data)
    OS_AppStatTaskHookPtr                    0x2000005c   Data           4  os_var.o(.data)
    OS_AppTaskSwHookPtr                      0x20000060   Data           4  os_var.o(.data)
    OS_AppTimeTickHookPtr                    0x20000064   Data           4  os_var.o(.data)
    OSIdleTaskCtr                            0x20000068   Data           4  os_var.o(.data)
    OSIntNestingCtr                          0x2000006c   Data           1  os_var.o(.data)
    OSRunning                                0x2000006d   Data           1  os_var.o(.data)
    OSIntQInPtr                              0x20000070   Data           4  os_var.o(.data)
    OSIntQOutPtr                             0x20000074   Data           4  os_var.o(.data)
    OSIntQNbrEntries                         0x20000078   Data           2  os_var.o(.data)
    OSIntQMaxNbrEntries                      0x2000007a   Data           2  os_var.o(.data)
    OSIntQOvfCtr                             0x2000007c   Data           2  os_var.o(.data)
    OSIntQTaskTimeMax                        0x20000080   Data           4  os_var.o(.data)
    OSFlagDbgListPtr                         0x20000084   Data           4  os_var.o(.data)
    OSFlagQty                                0x20000088   Data           2  os_var.o(.data)
    OSMemDbgListPtr                          0x2000008c   Data           4  os_var.o(.data)
    OSMemQty                                 0x20000090   Data           2  os_var.o(.data)
    OSMsgPool                                0x20000094   Data           8  os_var.o(.data)
    OSMutexDbgListPtr                        0x2000009c   Data           4  os_var.o(.data)
    OSMutexQty                               0x200000a0   Data           2  os_var.o(.data)
    OSPrioCur                                0x200000a2   Data           1  os_var.o(.data)
    OSPrioHighRdy                            0x200000a3   Data           1  os_var.o(.data)
    OSPrioSaved                              0x200000a4   Data           1  os_var.o(.data)
    OSQDbgListPtr                            0x200000a8   Data           4  os_var.o(.data)
    OSQQty                                   0x200000ac   Data           2  os_var.o(.data)
    OSSchedLockTimeBegin                     0x200000b0   Data           4  os_var.o(.data)
    OSSchedLockTimeMax                       0x200000b4   Data           4  os_var.o(.data)
    OSSchedLockTimeMaxCur                    0x200000b8   Data           4  os_var.o(.data)
    OSSchedLockNestingCtr                    0x200000bc   Data           1  os_var.o(.data)
    OSSchedRoundRobinDfltTimeQuanta          0x200000c0   Data           4  os_var.o(.data)
    OSSchedRoundRobinEn                      0x200000c4   Data           1  os_var.o(.data)
    OSSemDbgListPtr                          0x200000c8   Data           4  os_var.o(.data)
    OSSemQty                                 0x200000cc   Data           2  os_var.o(.data)
    OSTaskCtxSwCtr                           0x200000d0   Data           4  os_var.o(.data)
    OSTaskDbgListPtr                         0x200000d4   Data           4  os_var.o(.data)
    OSTaskQty                                0x200000d8   Data           2  os_var.o(.data)
    OSTickCtr                                0x200000dc   Data           4  os_var.o(.data)
    OSTickTaskTimeMax                        0x200000e0   Data           4  os_var.o(.data)
    OSTmrDbgListPtr                          0x200000e4   Data           4  os_var.o(.data)
    OSTmrQty                                 0x200000e8   Data           2  os_var.o(.data)
    OSTmrTaskTimeMax                         0x200000ec   Data           4  os_var.o(.data)
    OSTmrTickCtr                             0x200000f0   Data           4  os_var.o(.data)
    OSTmrUpdateCnt                           0x200000f4   Data           4  os_var.o(.data)
    OSTmrUpdateCtr                           0x200000f8   Data           4  os_var.o(.data)
    OSTCBCurPtr                              0x200000fc   Data           4  os_var.o(.data)
    OSTCBHighRdyPtr                          0x20000100   Data           4  os_var.o(.data)
    OS_CPU_ExceptStkBase                     0x20000104   Data           4  os_cpu_c.o(.data)
    StartUp_TCB                              0x20000108   Data         132  ucos-main.o(.bss)
    StartUp_Stk                              0x2000018c   Data         800  ucos-main.o(.bss)
    SemOfPRODUCT                             0x20001448   Data          40  app.o(.bss)
    OSCfg_IdleTaskStk                        0x20001470   Data         256  os_cfg_app.o(.bss)
    OSCfg_IntQ                               0x20001570   Data         320  os_cfg_app.o(.bss)
    OSCfg_IntQTaskStk                        0x200016b0   Data         512  os_cfg_app.o(.bss)
    OSCfg_ISRStk                             0x200018b0   Data         512  os_cfg_app.o(.bss)
    OSCfg_MsgPool                            0x20001ab0   Data        1600  os_cfg_app.o(.bss)
    OSCfg_TickTaskStk                        0x200020f0   Data         512  os_cfg_app.o(.bss)
    OSCfg_TickWheel                          0x200022f0   Data         136  os_cfg_app.o(.bss)
    OSCfg_TmrTaskStk                         0x20002378   Data         512  os_cfg_app.o(.bss)
    OSCfg_TmrWheel                           0x20002578   Data         136  os_cfg_app.o(.bss)
    OSIdleTaskTCB                            0x20002600   Data         132  os_var.o(.bss)
    OSIntQTaskTCB                            0x20002684   Data         132  os_var.o(.bss)
    OSRdyList                                0x20002708   Data         768  os_var.o(.bss)
    OSTickTaskTCB                            0x20002a08   Data         132  os_var.o(.bss)
    OSTmrTaskTCB                             0x20002a8c   Data         132  os_var.o(.bss)
    __libspace_start                         0x20002b10   Data          96  libspace.o(.bss)
    __temporary_stack_top$libspace           0x20002b70   Data           0  libspace.o(.bss)



==============================================================================

Memory Map of the image

  Image Entry point : 0x08000131

  Load Region LR_IROM1 (Base: 0x08000000, Size: 0x0000310c, Max: 0x00080000, ABSOLUTE)

    Execution Region ER_IROM1 (Base: 0x08000000, Size: 0x00003004, Max: 0x00080000, ABSOLUTE)

    Base Addr    Size         Type   Attr      Idx    E Section Name        Object

    0x08000000   0x00000130   Data   RO          173    RESET               startup_stm32f10x_hd.o
    0x08000130   0x00000008   Code   RO         1592  * !!!main             c_w.l(__main.o)
    0x08000138   0x00000034   Code   RO         1746    !!!scatter          c_w.l(__scatter.o)
    0x0800016c   0x0000001a   Code   RO         1748    !!handler_copy      c_w.l(__scatter_copy.o)
    0x08000186   0x00000002   PAD
    0x08000188   0x0000001c   Code   RO         1750    !!handler_zi        c_w.l(__scatter_zi.o)
    0x080001a4   0x00000002   Code   RO         1619    .ARM.Collect$$libinit$$00000000  c_w.l(libinit.o)
    0x080001a6   0x00000000   Code   RO         1626    .ARM.Collect$$libinit$$00000002  c_w.l(libinit2.o)
    0x080001a6   0x00000000   Code   RO         1629    .ARM.Collect$$libinit$$00000008  c_w.l(libinit2.o)
    0x080001a6   0x00000000   Code   RO         1631    .ARM.Collect$$libinit$$0000000A  c_w.l(libinit2.o)
    0x080001a6   0x00000000   Code   RO         1633    .ARM.Collect$$libinit$$0000000C  c_w.l(libinit2.o)
    0x080001a6   0x00000000   Code   RO         1636    .ARM.Collect$$libinit$$0000000F  c_w.l(libinit2.o)
    0x080001a6   0x00000000   Code   RO         1638    .ARM.Collect$$libinit$$00000011  c_w.l(libinit2.o)
    0x080001a6   0x00000000   Code   RO         1640    .ARM.Collect$$libinit$$00000013  c_w.l(libinit2.o)
    0x080001a6   0x00000000   Code   RO         1642    .ARM.Collect$$libinit$$00000015  c_w.l(libinit2.o)
    0x080001a6   0x00000000   Code   RO         1644    .ARM.Collect$$libinit$$00000017  c_w.l(libinit2.o)
    0x080001a6   0x00000000   Code   RO         1646    .ARM.Collect$$libinit$$00000019  c_w.l(libinit2.o)
    0x080001a6   0x00000000   Code   RO         1648    .ARM.Collect$$libinit$$0000001B  c_w.l(libinit2.o)
    0x080001a6   0x00000000   Code   RO         1650    .ARM.Collect$$libinit$$0000001D  c_w.l(libinit2.o)
    0x080001a6   0x00000000   Code   RO         1652    .ARM.Collect$$libinit$$0000001F  c_w.l(libinit2.o)
    0x080001a6   0x00000000   Code   RO         1654    .ARM.Collect$$libinit$$00000021  c_w.l(libinit2.o)
    0x080001a6   0x00000000   Code   RO         1656    .ARM.Collect$$libinit$$00000023  c_w.l(libinit2.o)
    0x080001a6   0x00000000   Code   RO         1660    .ARM.Collect$$libinit$$0000002A  c_w.l(libinit2.o)
    0x080001a6   0x00000000   Code   RO         1662    .ARM.Collect$$libinit$$0000002C  c_w.l(libinit2.o)
    0x080001a6   0x00000000   Code   RO         1664    .ARM.Collect$$libinit$$0000002E  c_w.l(libinit2.o)
    0x080001a6   0x00000000   Code   RO         1666    .ARM.Collect$$libinit$$00000030  c_w.l(libinit2.o)
    0x080001a6   0x00000002   Code   RO         1667    .ARM.Collect$$libinit$$00000031  c_w.l(libinit2.o)
    0x080001a8   0x00000002   Code   RO         1687    .ARM.Collect$$libshutdown$$00000000  c_w.l(libshutdown.o)
    0x080001aa   0x00000000   Code   RO         1701    .ARM.Collect$$libshutdown$$00000003  c_w.l(libshutdown2.o)
    0x080001aa   0x00000000   Code   RO         1704    .ARM.Collect$$libshutdown$$00000006  c_w.l(libshutdown2.o)
    0x080001aa   0x00000000   Code   RO         1707    .ARM.Collect$$libshutdown$$00000009  c_w.l(libshutdown2.o)
    0x080001aa   0x00000000   Code   RO         1709    .ARM.Collect$$libshutdown$$0000000B  c_w.l(libshutdown2.o)
    0x080001aa   0x00000000   Code   RO         1712    .ARM.Collect$$libshutdown$$0000000E  c_w.l(libshutdown2.o)
    0x080001aa   0x00000002   Code   RO         1713    .ARM.Collect$$libshutdown$$0000000F  c_w.l(libshutdown2.o)
    0x080001ac   0x00000000   Code   RO         1594    .ARM.Collect$$rtentry$$00000000  c_w.l(rtentry.o)
    0x080001ac   0x00000000   Code   RO         1596    .ARM.Collect$$rtentry$$00000002  c_w.l(rtentry2.o)
    0x080001ac   0x00000006   Code   RO         1608    .ARM.Collect$$rtentry$$00000004  c_w.l(rtentry4.o)
    0x080001b2   0x00000000   Code   RO         1598    .ARM.Collect$$rtentry$$00000009  c_w.l(rtentry2.o)
    0x080001b2   0x00000004   Code   RO         1599    .ARM.Collect$$rtentry$$0000000A  c_w.l(rtentry2.o)
    0x080001b6   0x00000000   Code   RO         1601    .ARM.Collect$$rtentry$$0000000C  c_w.l(rtentry2.o)
    0x080001b6   0x00000008   Code   RO         1602    .ARM.Collect$$rtentry$$0000000D  c_w.l(rtentry2.o)
    0x080001be   0x00000002   Code   RO         1623    .ARM.Collect$$rtexit$$00000000  c_w.l(rtexit.o)
    0x080001c0   0x00000000   Code   RO         1669    .ARM.Collect$$rtexit$$00000002  c_w.l(rtexit2.o)
    0x080001c0   0x00000004   Code   RO         1670    .ARM.Collect$$rtexit$$00000003  c_w.l(rtexit2.o)
    0x080001c4   0x00000006   Code   RO         1671    .ARM.Collect$$rtexit$$00000004  c_w.l(rtexit2.o)
    0x080001ca   0x00000002   PAD
    0x080001cc   0x00000040   Code   RO          174    .text               startup_stm32f10x_hd.o
    0x0800020c   0x0000002a   Code   RO         1516    .text               gtOsStm32F10x.lib(cpu_a.o)
    0x08000236   0x00000002   PAD
    0x08000238   0x00000084   Code   RO         1585    .text               gtOsStm32F10x.lib(os_cpu_a.o)
    0x080002bc   0x00000006   Code   RO         1590    .text               c_w.l(heapauxi.o)
    0x080002c2   0x0000004a   Code   RO         1610    .text               c_w.l(sys_stackheap_outer.o)
    0x0800030c   0x0000000c   Code   RO         1612    .text               c_w.l(exit.o)
    0x08000318   0x00000008   Code   RO         1620    .text               c_w.l(libspace.o)
    0x08000320   0x0000000c   Code   RO         1679    .text               c_w.l(sys_exit.o)
    0x0800032c   0x00000002   Code   RO         1690    .text               c_w.l(use_no_semi.o)
    0x0800032e   0x00000000   Code   RO         1692    .text               c_w.l(indicate_semi.o)
    0x0800032e   0x00000010   Code   RO          841    i.BSP_CPU_ClkFreq   gtOsStm32F10x.lib(cpu_core.o)
    0x0800033e   0x00000004   Code   RO          120    i.BusFault_Handler  stm32f10x_it.o
    0x08000342   0x00000002   PAD
    0x08000344   0x00000018   Code   RO          842    i.CPU_Init          gtOsStm32F10x.lib(cpu_core.o)
    0x0800035c   0x0000004c   Code   RO          843    i.CPU_IntDisMeasInit  gtOsStm32F10x.lib(cpu_core.o)
    0x080003a8   0x00000014   Code   RO          844    i.CPU_IntDisMeasMaxCalc  gtOsStm32F10x.lib(cpu_core.o)
    0x080003bc   0x0000001c   Code   RO          845    i.CPU_IntDisMeasMaxCurGet  gtOsStm32F10x.lib(cpu_core.o)
    0x080003d8   0x00000020   Code   RO          846    i.CPU_IntDisMeasMaxCurReset  gtOsStm32F10x.lib(cpu_core.o)
    0x080003f8   0x00000020   Code   RO          848    i.CPU_IntDisMeasStart  gtOsStm32F10x.lib(cpu_core.o)
    0x08000418   0x00000034   Code   RO          849    i.CPU_IntDisMeasStop  gtOsStm32F10x.lib(cpu_core.o)
    0x0800044c   0x00000030   Code   RO          854    i.CPU_TS_TmrInit    gtOsStm32F10x.lib(cpu_core.o)
    0x0800047c   0x0000000c   Code   RO          855    i.CPU_TS_TmrRd      gtOsStm32F10x.lib(cpu_core.o)
    0x08000488   0x00000002   Code   RO          121    i.DebugMon_Handler  stm32f10x_it.o
    0x0800048a   0x00000004   Code   RO          122    i.HardFault_Handler  stm32f10x_it.o
    0x0800048e   0x00000004   Code   RO          123    i.MemManage_Handler  stm32f10x_it.o
    0x08000492   0x00000002   Code   RO          124    i.NMI_Handler       stm32f10x_it.o
    0x08000494   0x00000002   Code   RO          282    i.OSCfg_Init        gtOsStm32F10x.lib(os_cfg_app.o)
    0x08000496   0x00000002   PAD
    0x08000498   0x00000010   Code   RO         1519    i.OSIdleTaskHook    gtOsStm32F10x.lib(os_cpu_c.o)
    0x080004a8   0x00000148   Code   RO          319    i.OSInit            gtOsStm32F10x.lib(os_core.o)
    0x080005f0   0x00000020   Code   RO         1520    i.OSInitHook        gtOsStm32F10x.lib(os_cpu_c.o)
    0x08000610   0x00000020   Code   RO          320    i.OSIntEnter        gtOsStm32F10x.lib(os_core.o)
    0x08000630   0x00000084   Code   RO          321    i.OSIntExit         gtOsStm32F10x.lib(os_core.o)
    0x080006b4   0x00000074   Code   RO          322    i.OSSched           gtOsStm32F10x.lib(os_core.o)
    0x08000728   0x0000005c   Code   RO          323    i.OSSchedLock       gtOsStm32F10x.lib(os_core.o)
    0x08000784   0x00000074   Code   RO          326    i.OSSchedUnlock     gtOsStm32F10x.lib(os_core.o)
    0x080007f8   0x0000006c   Code   RO          558    i.OSSemCreate       gtOsStm32F10x.lib(os_sem.o)
    0x08000864   0x0000017c   Code   RO          560    i.OSSemPend         gtOsStm32F10x.lib(os_sem.o)
    0x080009e0   0x00000064   Code   RO          562    i.OSSemPost         gtOsStm32F10x.lib(os_sem.o)
    0x08000a44   0x00000058   Code   RO          327    i.OSStart           gtOsStm32F10x.lib(os_core.o)
    0x08000a9c   0x000001d8   Code   RO          631    i.OSTaskCreate      gtOsStm32F10x.lib(os_task.o)
    0x08000c74   0x00000010   Code   RO         1522    i.OSTaskCreateHook  gtOsStm32F10x.lib(os_cpu_c.o)
    0x08000c84   0x00000160   Code   RO          632    i.OSTaskDel         gtOsStm32F10x.lib(os_task.o)
    0x08000de4   0x00000010   Code   RO         1523    i.OSTaskDelHook     gtOsStm32F10x.lib(os_cpu_c.o)
    0x08000df4   0x00000010   Code   RO         1524    i.OSTaskReturnHook  gtOsStm32F10x.lib(os_cpu_c.o)
    0x08000e04   0x0000012c   Code   RO          633    i.OSTaskSemPend     gtOsStm32F10x.lib(os_task.o)
    0x08000f30   0x00000064   Code   RO         1525    i.OSTaskStkInit     gtOsStm32F10x.lib(os_cpu_c.o)
    0x08000f94   0x00000038   Code   RO         1526    i.OSTaskSwHook      gtOsStm32F10x.lib(os_cpu_c.o)
    0x08000fcc   0x000000ec   Code   RO          709    i.OSTimeDly         gtOsStm32F10x.lib(os_time.o)
    0x080010b8   0x00000188   Code   RO          710    i.OSTimeDlyHMSM     gtOsStm32F10x.lib(os_time.o)
    0x08001240   0x00000040   Code   RO          714    i.OSTimeTick        gtOsStm32F10x.lib(os_time.o)
    0x08001280   0x00000010   Code   RO         1527    i.OSTimeTickHook    gtOsStm32F10x.lib(os_cpu_c.o)
    0x08001290   0x000000a4   Code   RO          751    i.OSTmrCreate       gtOsStm32F10x.lib(os_tmr.o)
    0x08001334   0x00000084   Code   RO          754    i.OSTmrStart        gtOsStm32F10x.lib(os_tmr.o)
    0x080013b8   0x00000002   Code   RO         1011    i.OS_Dbg_Init       gtOsStm32F10x.lib(os_dbg.o)
    0x080013ba   0x00000002   PAD
    0x080013bc   0x00000018   Code   RO         1036    i.OS_FlagInit       gtOsStm32F10x.lib(os_flag.o)
    0x080013d4   0x0000017c   Code   RO         1037    i.OS_FlagPost       gtOsStm32F10x.lib(os_flag.o)
    0x08001550   0x00000040   Code   RO         1038    i.OS_FlagTaskRdy    gtOsStm32F10x.lib(os_flag.o)
    0x08001590   0x00000028   Code   RO          329    i.OS_IdleTask       gtOsStm32F10x.lib(os_core.o)
    0x080015b8   0x00000068   Code   RO          330    i.OS_IdleTaskInit   gtOsStm32F10x.lib(os_core.o)
    0x08001620   0x000000b8   Code   RO         1110    i.OS_IntQPost       gtOsStm32F10x.lib(os_int.o)
    0x080016d8   0x0000010c   Code   RO         1111    i.OS_IntQRePost     gtOsStm32F10x.lib(os_int.o)
    0x080017e4   0x00000074   Code   RO         1112    i.OS_IntQTask       gtOsStm32F10x.lib(os_int.o)
    0x08001858   0x0000010c   Code   RO         1113    i.OS_IntQTaskInit   gtOsStm32F10x.lib(os_int.o)
    0x08001964   0x00000018   Code   RO         1144    i.OS_MemInit        gtOsStm32F10x.lib(os_mem.o)
    0x0800197c   0x0000002e   Code   RO         1177    i.OS_MsgPoolCreate  gtOsStm32F10x.lib(os_msg.o)
    0x080019aa   0x00000002   PAD
    0x080019ac   0x00000044   Code   RO         1178    i.OS_MsgPoolInit    gtOsStm32F10x.lib(os_msg.o)
    0x080019f0   0x00000080   Code   RO         1183    i.OS_MsgQPut        gtOsStm32F10x.lib(os_msg.o)
    0x08001a70   0x00000018   Code   RO         1238    i.OS_MutexInit      gtOsStm32F10x.lib(os_mutex.o)
    0x08001a88   0x00000050   Code   RO          331    i.OS_Pend           gtOsStm32F10x.lib(os_core.o)
    0x08001ad8   0x00000026   Code   RO          334    i.OS_PendDataInit   gtOsStm32F10x.lib(os_core.o)
    0x08001afe   0x00000002   PAD
    0x08001b00   0x00000048   Code   RO          335    i.OS_PendDbgNameAdd  gtOsStm32F10x.lib(os_core.o)
    0x08001b48   0x0000001c   Code   RO          336    i.OS_PendDbgNameRemove  gtOsStm32F10x.lib(os_core.o)
    0x08001b64   0x0000000a   Code   RO          338    i.OS_PendListInit   gtOsStm32F10x.lib(os_core.o)
    0x08001b6e   0x0000005a   Code   RO          340    i.OS_PendListInsertPrio  gtOsStm32F10x.lib(os_core.o)
    0x08001bc8   0x00000026   Code   RO          341    i.OS_PendListRemove  gtOsStm32F10x.lib(os_core.o)
    0x08001bee   0x00000036   Code   RO          342    i.OS_PendListRemove1  gtOsStm32F10x.lib(os_core.o)
    0x08001c24   0x0000009a   Code   RO          345    i.OS_Post           gtOsStm32F10x.lib(os_core.o)
    0x08001cbe   0x00000026   Code   RO          346    i.OS_Post1          gtOsStm32F10x.lib(os_core.o)
    0x08001ce4   0x00000024   Code   RO         1291    i.OS_PrioGetHighest  gtOsStm32F10x.lib(os_prio.o)
    0x08001d08   0x00000018   Code   RO         1292    i.OS_PrioInit       gtOsStm32F10x.lib(os_prio.o)
    0x08001d20   0x00000020   Code   RO         1293    i.OS_PrioInsert     gtOsStm32F10x.lib(os_prio.o)
    0x08001d40   0x00000020   Code   RO         1294    i.OS_PrioRemove     gtOsStm32F10x.lib(os_prio.o)
    0x08001d60   0x00000018   Code   RO         1337    i.OS_QInit          gtOsStm32F10x.lib(os_q.o)
    0x08001d78   0x00000108   Code   RO         1338    i.OS_QPost          gtOsStm32F10x.lib(os_q.o)
    0x08001e80   0x00000024   Code   RO          347    i.OS_RdyListInit    gtOsStm32F10x.lib(os_core.o)
    0x08001ea4   0x00000030   Code   RO          348    i.OS_RdyListInsert  gtOsStm32F10x.lib(os_core.o)
    0x08001ed4   0x00000038   Code   RO          349    i.OS_RdyListInsertHead  gtOsStm32F10x.lib(os_core.o)
    0x08001f0c   0x00000034   Code   RO          350    i.OS_RdyListInsertTail  gtOsStm32F10x.lib(os_core.o)
    0x08001f40   0x00000034   Code   RO          351    i.OS_RdyListMoveHeadToTail  gtOsStm32F10x.lib(os_core.o)
    0x08001f74   0x00000054   Code   RO          352    i.OS_RdyListRemove  gtOsStm32F10x.lib(os_core.o)
    0x08001fc8   0x00000040   Code   RO          353    i.OS_Sched0         gtOsStm32F10x.lib(os_core.o)
    0x08002008   0x0000001c   Code   RO          354    i.OS_SchedLockTimeMeasStart  gtOsStm32F10x.lib(os_core.o)
    0x08002024   0x0000003c   Code   RO          355    i.OS_SchedLockTimeMeasStop  gtOsStm32F10x.lib(os_core.o)
    0x08002060   0x00000068   Code   RO          356    i.OS_SchedRoundRobin  gtOsStm32F10x.lib(os_core.o)
    0x080020c8   0x00000024   Code   RO          565    i.OS_SemDbgListAdd  gtOsStm32F10x.lib(os_sem.o)
    0x080020ec   0x00000018   Code   RO          567    i.OS_SemInit        gtOsStm32F10x.lib(os_sem.o)
    0x08002104   0x000000e4   Code   RO          568    i.OS_SemPost        gtOsStm32F10x.lib(os_sem.o)
    0x080021e8   0x0000002a   Code   RO          357    i.OS_TaskBlock      gtOsStm32F10x.lib(os_core.o)
    0x08002212   0x00000002   PAD
    0x08002214   0x0000001c   Code   RO          637    i.OS_TaskDbgListAdd  gtOsStm32F10x.lib(os_task.o)
    0x08002230   0x00000028   Code   RO          638    i.OS_TaskDbgListRemove  gtOsStm32F10x.lib(os_task.o)
    0x08002258   0x00000020   Code   RO          639    i.OS_TaskInit       gtOsStm32F10x.lib(os_task.o)
    0x08002278   0x00000074   Code   RO          640    i.OS_TaskInitTCB    gtOsStm32F10x.lib(os_task.o)
    0x080022ec   0x0000001c   Code   RO          358    i.OS_TaskRdy        gtOsStm32F10x.lib(os_core.o)
    0x08002308   0x00000018   Code   RO          641    i.OS_TaskReturn     gtOsStm32F10x.lib(os_task.o)
    0x08002320   0x00000190   Code   RO          642    i.OS_TaskSemPost    gtOsStm32F10x.lib(os_task.o)
    0x080024b0   0x0000002c   Code   RO         1401    i.OS_TickListInit   gtOsStm32F10x.lib(os_tick.o)
    0x080024dc   0x000000d8   Code   RO         1402    i.OS_TickListInsert  gtOsStm32F10x.lib(os_tick.o)
    0x080025b4   0x00000036   Code   RO         1403    i.OS_TickListRemove  gtOsStm32F10x.lib(os_tick.o)
    0x080025ea   0x00000002   PAD
    0x080025ec   0x0000017c   Code   RO         1405    i.OS_TickListUpdate  gtOsStm32F10x.lib(os_tick.o)
    0x08002768   0x00000028   Code   RO         1406    i.OS_TickTask       gtOsStm32F10x.lib(os_tick.o)
    0x08002790   0x0000008c   Code   RO         1407    i.OS_TickTaskInit   gtOsStm32F10x.lib(os_tick.o)
    0x0800281c   0x0000001c   Code   RO          758    i.OS_TmrDbgListAdd  gtOsStm32F10x.lib(os_tmr.o)
    0x08002838   0x00000100   Code   RO          760    i.OS_TmrInit        gtOsStm32F10x.lib(os_tmr.o)
    0x08002938   0x00000098   Code   RO          761    i.OS_TmrLink        gtOsStm32F10x.lib(os_tmr.o)
    0x080029d0   0x000000a4   Code   RO          763    i.OS_TmrTask        gtOsStm32F10x.lib(os_tmr.o)
    0x08002a74   0x0000004c   Code   RO          764    i.OS_TmrUnlink      gtOsStm32F10x.lib(os_tmr.o)
    0x08002ac0   0x000000a4   Code   RO          956    i.RCC_GetClocksFreq  Stm32F10x_Std.lib(stm32f10x_rcc.o)
    0x08002b64   0x00000002   Code   RO          125    i.SVC_Handler       stm32f10x_it.o
    0x08002b66   0x00000008   Code   RO          180    i.SetSysClock       system_stm32f10x.o
    0x08002b6e   0x00000002   PAD
    0x08002b70   0x000000dc   Code   RO          181    i.SetSysClockTo72   system_stm32f10x.o
    0x08002c4c   0x00000054   Code   RO            3    i.SysTick_Config    ucos-main.o
    0x08002ca0   0x00000010   Code   RO          126    i.SysTick_Handler   stm32f10x_it.o
    0x08002cb0   0x00000038   Code   RO            4    i.SysTick_init      ucos-main.o
    0x08002ce8   0x00000068   Code   RO          183    i.SystemInit        system_stm32f10x.o
    0x08002d50   0x00000024   Code   RO          238    i.Task_CUSTOMER     app.o
    0x08002d74   0x0000004c   Code   RO          239    i.Task_PRODUCT      app.o
    0x08002dc0   0x0000003c   Code   RO          240    i.Task_Sem          app.o
    0x08002dfc   0x000000e8   Code   RO          241    i.Task_Start        app.o
    0x08002ee4   0x00000004   Code   RO          127    i.UsageFault_Handler  stm32f10x_it.o
    0x08002ee8   0x00000018   Code   RO          242    i.cbTimerOfPRODUCT  app.o
    0x08002f00   0x00000058   Code   RO            6    i.main              ucos-main.o
    0x08002f58   0x00000008   Data   RO            8    .constdata          ucos-main.o
    0x08002f60   0x00000080   Data   RO          292    .constdata          gtOsStm32F10x.lib(os_cfg_app.o)
    0x08002fe0   0x00000002   Data   RO          359    .constdata          gtOsStm32F10x.lib(os_core.o)
    0x08002fe2   0x00000002   PAD
    0x08002fe4   0x00000020   Data   RO         1744    Region$$Table       anon$$obj.o


    Execution Region RW_IRAM1 (Base: 0x20000000, Size: 0x00004b70, Max: 0x00010000, ABSOLUTE)

    Base Addr    Size         Type   Attr      Idx    E Section Name        Object

    0x20000000   0x00000014   Data   RW          184    .data               system_stm32f10x.o
    0x20000014   0x0000001c   Data   RW          857    .data               gtOsStm32F10x.lib(cpu_core.o)
    0x20000030   0x00000014   Data   RW          976    .data               Stm32F10x_Std.lib(stm32f10x_rcc.o)
    0x20000044   0x00000008   Data   RW         1295    .data               gtOsStm32F10x.lib(os_prio.o)
    0x2000004c   0x00000004   Data   RW         1454    .data               gtOsStm32F10x.lib(os_var.o)
    0x20000050   0x00000004   Data   RW         1455    .data               gtOsStm32F10x.lib(os_var.o)
    0x20000054   0x00000004   Data   RW         1456    .data               gtOsStm32F10x.lib(os_var.o)
    0x20000058   0x00000004   Data   RW         1457    .data               gtOsStm32F10x.lib(os_var.o)
    0x2000005c   0x00000004   Data   RW         1458    .data               gtOsStm32F10x.lib(os_var.o)
    0x20000060   0x00000004   Data   RW         1459    .data               gtOsStm32F10x.lib(os_var.o)
    0x20000064   0x00000004   Data   RW         1460    .data               gtOsStm32F10x.lib(os_var.o)
    0x20000068   0x00000004   Data   RW         1461    .data               gtOsStm32F10x.lib(os_var.o)
    0x2000006c   0x00000001   Data   RW         1462    .data               gtOsStm32F10x.lib(os_var.o)
    0x2000006d   0x00000001   Data   RW         1464    .data               gtOsStm32F10x.lib(os_var.o)
    0x2000006e   0x00000002   PAD
    0x20000070   0x00000004   Data   RW         1465    .data               gtOsStm32F10x.lib(os_var.o)
    0x20000074   0x00000004   Data   RW         1466    .data               gtOsStm32F10x.lib(os_var.o)
    0x20000078   0x00000002   Data   RW         1467    .data               gtOsStm32F10x.lib(os_var.o)
    0x2000007a   0x00000002   Data   RW         1468    .data               gtOsStm32F10x.lib(os_var.o)
    0x2000007c   0x00000002   Data   RW         1469    .data               gtOsStm32F10x.lib(os_var.o)
    0x2000007e   0x00000002   PAD
    0x20000080   0x00000004   Data   RW         1470    .data               gtOsStm32F10x.lib(os_var.o)
    0x20000084   0x00000004   Data   RW         1471    .data               gtOsStm32F10x.lib(os_var.o)
    0x20000088   0x00000002   Data   RW         1472    .data               gtOsStm32F10x.lib(os_var.o)
    0x2000008a   0x00000002   PAD
    0x2000008c   0x00000004   Data   RW         1473    .data               gtOsStm32F10x.lib(os_var.o)
    0x20000090   0x00000002   Data   RW         1474    .data               gtOsStm32F10x.lib(os_var.o)
    0x20000092   0x00000002   PAD
    0x20000094   0x00000008   Data   RW         1475    .data               gtOsStm32F10x.lib(os_var.o)
    0x2000009c   0x00000004   Data   RW         1476    .data               gtOsStm32F10x.lib(os_var.o)
    0x200000a0   0x00000002   Data   RW         1477    .data               gtOsStm32F10x.lib(os_var.o)
    0x200000a2   0x00000001   Data   RW         1478    .data               gtOsStm32F10x.lib(os_var.o)
    0x200000a3   0x00000001   Data   RW         1479    .data               gtOsStm32F10x.lib(os_var.o)
    0x200000a4   0x00000001   Data   RW         1480    .data               gtOsStm32F10x.lib(os_var.o)
    0x200000a5   0x00000003   PAD
    0x200000a8   0x00000004   Data   RW         1481    .data               gtOsStm32F10x.lib(os_var.o)
    0x200000ac   0x00000002   Data   RW         1482    .data               gtOsStm32F10x.lib(os_var.o)
    0x200000ae   0x00000002   PAD
    0x200000b0   0x00000004   Data   RW         1483    .data               gtOsStm32F10x.lib(os_var.o)
    0x200000b4   0x00000004   Data   RW         1484    .data               gtOsStm32F10x.lib(os_var.o)
    0x200000b8   0x00000004   Data   RW         1485    .data               gtOsStm32F10x.lib(os_var.o)
    0x200000bc   0x00000001   Data   RW         1486    .data               gtOsStm32F10x.lib(os_var.o)
    0x200000bd   0x00000003   PAD
    0x200000c0   0x00000004   Data   RW         1487    .data               gtOsStm32F10x.lib(os_var.o)
    0x200000c4   0x00000001   Data   RW         1488    .data               gtOsStm32F10x.lib(os_var.o)
    0x200000c5   0x00000003   PAD
    0x200000c8   0x00000004   Data   RW         1489    .data               gtOsStm32F10x.lib(os_var.o)
    0x200000cc   0x00000002   Data   RW         1490    .data               gtOsStm32F10x.lib(os_var.o)
    0x200000ce   0x00000002   PAD
    0x200000d0   0x00000004   Data   RW         1491    .data               gtOsStm32F10x.lib(os_var.o)
    0x200000d4   0x00000004   Data   RW         1492    .data               gtOsStm32F10x.lib(os_var.o)
    0x200000d8   0x00000002   Data   RW         1493    .data               gtOsStm32F10x.lib(os_var.o)
    0x200000da   0x00000002   PAD
    0x200000dc   0x00000004   Data   RW         1494    .data               gtOsStm32F10x.lib(os_var.o)
    0x200000e0   0x00000004   Data   RW         1495    .data               gtOsStm32F10x.lib(os_var.o)
    0x200000e4   0x00000004   Data   RW         1496    .data               gtOsStm32F10x.lib(os_var.o)
    0x200000e8   0x00000002   Data   RW         1497    .data               gtOsStm32F10x.lib(os_var.o)
    0x200000ea   0x00000002   PAD
    0x200000ec   0x00000004   Data   RW         1498    .data               gtOsStm32F10x.lib(os_var.o)
    0x200000f0   0x00000004   Data   RW         1499    .data               gtOsStm32F10x.lib(os_var.o)
    0x200000f4   0x00000004   Data   RW         1500    .data               gtOsStm32F10x.lib(os_var.o)
    0x200000f8   0x00000004   Data   RW         1501    .data               gtOsStm32F10x.lib(os_var.o)
    0x200000fc   0x00000004   Data   RW         1502    .data               gtOsStm32F10x.lib(os_var.o)
    0x20000100   0x00000004   Data   RW         1503    .data               gtOsStm32F10x.lib(os_var.o)
    0x20000104   0x00000004   Data   RW         1528    .data               gtOsStm32F10x.lib(os_cpu_c.o)
    0x20000108   0x000003a4   Zero   RW            7    .bss                ucos-main.o
    0x200004ac   0x00000fc4   Zero   RW          243    .bss                app.o
    0x20001470   0x00000100   Zero   RW          283    .bss                gtOsStm32F10x.lib(os_cfg_app.o)
    0x20001570   0x00000140   Zero   RW          284    .bss                gtOsStm32F10x.lib(os_cfg_app.o)
    0x200016b0   0x00000200   Zero   RW          285    .bss                gtOsStm32F10x.lib(os_cfg_app.o)
    0x200018b0   0x00000200   Zero   RW          286    .bss                gtOsStm32F10x.lib(os_cfg_app.o)
    0x20001ab0   0x00000640   Zero   RW          287    .bss                gtOsStm32F10x.lib(os_cfg_app.o)
    0x200020f0   0x00000200   Zero   RW          288    .bss                gtOsStm32F10x.lib(os_cfg_app.o)
    0x200022f0   0x00000088   Zero   RW          289    .bss                gtOsStm32F10x.lib(os_cfg_app.o)
    0x20002378   0x00000200   Zero   RW          290    .bss                gtOsStm32F10x.lib(os_cfg_app.o)
    0x20002578   0x00000088   Zero   RW          291    .bss                gtOsStm32F10x.lib(os_cfg_app.o)
    0x20002600   0x00000084   Zero   RW         1449    .bss                gtOsStm32F10x.lib(os_var.o)
    0x20002684   0x00000084   Zero   RW         1450    .bss                gtOsStm32F10x.lib(os_var.o)
    0x20002708   0x00000300   Zero   RW         1451    .bss                gtOsStm32F10x.lib(os_var.o)
    0x20002a08   0x00000084   Zero   RW         1452    .bss                gtOsStm32F10x.lib(os_var.o)
    0x20002a8c   0x00000084   Zero   RW         1453    .bss                gtOsStm32F10x.lib(os_var.o)
    0x20002b10   0x00000060   Zero   RW         1621    .bss                c_w.l(libspace.o)
    0x20002b70   0x00001000   Zero   RW          172    HEAP                startup_stm32f10x_hd.o
    0x20003b70   0x00001000   Zero   RW          171    STACK               startup_stm32f10x_hd.o


==============================================================================

Image component sizes


      Code (inc. data)   RO Data    RW Data    ZI Data      Debug   Object Name

       428        118          0          0       4036      20212   app.o
        64         26        304          0       8192        752   startup_stm32f10x_hd.o
        38          0          0          0          0       3061   stm32f10x_it.o
       332         30          0         20          0       1994   system_stm32f10x.o
       228         40          8          0        932     258266   ucos-main.o

    ----------------------------------------------------------------------
      1094        214        344         20      13160     284285   Object Totals
         0          0         32          0          0          0   (incl. Generated)
         4          0          0          0          0          0   (incl. Padding)

    ----------------------------------------------------------------------

      Code (inc. data)   RO Data    RW Data    ZI Data      Debug   Library Member Name

       164         22          0         20          0         80   stm32f10x_rcc.o
         8          0          0          0          0         68   __main.o
        52          8          0          0          0          0   __scatter.o
        26          0          0          0          0          0   __scatter_copy.o
        28          0          0          0          0          0   __scatter_zi.o
        12          0          0          0          0         72   exit.o
         6          0          0          0          0        152   heapauxi.o
         0          0          0          0          0          0   indicate_semi.o
         2          0          0          0          0          0   libinit.o
         2          0          0          0          0          0   libinit2.o
         2          0          0          0          0          0   libshutdown.o
         2          0          0          0          0          0   libshutdown2.o
         8          4          0          0         96         68   libspace.o
         0          0          0          0          0          0   rtentry.o
        12          0          0          0          0          0   rtentry2.o
         6          0          0          0          0          0   rtentry4.o
         2          0          0          0          0          0   rtexit.o
        10          0          0          0          0          0   rtexit2.o
        12          4          0          0          0         68   sys_exit.o
        74          0          0          0          0         80   sys_stackheap_outer.o
         2          0          0          0          0         68   use_no_semi.o
        42          0          0          0          0        228   cpu_a.o
       340         60          0         28          0       7670   cpu_core.o
         2          0        128          0       4496      18996   os_cfg_app.o
      2304        386          2          0          0      16300   os_core.o
       132         32          0          0          0        248   os_cpu_a.o
       268         50          0          4          0       4411   os_cpu_c.o
         2          0          0          0          0        398   os_dbg.o
       468         26          0          0          0       2339   os_flag.o
       836        194          0          0          0       2806   os_int.o
        24         10          0          0          0        649   os_mem.o
       242         16          0          0          0       1941   os_msg.o
        24         10          0          0          0        737   os_mutex.o
       124         16          0          8          0       2214   os_prio.o
       288         20          0          0          0       1660   os_q.o
       876         64          0          0          0       4143   os_sem.o
      1764        160          0          0          0       6106   os_task.o
       874        114          0          0          0       3954   os_tick.o
       692         42          0          0          0       2393   os_time.o
       972        154          0          0          0       4536   os_tmr.o
         0          0          0        159       1296      17639   os_var.o

    ----------------------------------------------------------------------
     10722       1392        132        244       5888     100024   Library Totals
        18          0          2         25          0          0   (incl. Padding)

    ----------------------------------------------------------------------

      Code (inc. data)   RO Data    RW Data    ZI Data      Debug   Library Name

       164         22          0         20          0         80   Stm32F10x_Std.lib
       266         16          0          0         96        576   c_w.l
     10274       1354        130        199       5792      99368   gtOsStm32F10x.lib

    ----------------------------------------------------------------------
     10722       1392        132        244       5888     100024   Library Totals

    ----------------------------------------------------------------------

==============================================================================


      Code (inc. data)   RO Data    RW Data    ZI Data      Debug   

     11816       1606        476        264      19048     378017   Grand Totals
     11816       1606        476        264      19048     378017   ELF Image Totals
     11816       1606        476        264          0          0   ROM Totals

==============================================================================

    Total RO  Size (Code + RO Data)                12292 (  12.00kB)
    Total RW  Size (RW Data + ZI Data)             19312 (  18.86kB)
    Total ROM Size (Code + RO Data + RW Data)      12556 (  12.26kB)

==============================================================================

