L 1 "..\app\stm32f10x_it.c"
N/**
N  ******************************************************************************
N  * @file    Project/STM32F10x_StdPeriph_Template/stm32f10x_it.c 
N  * @author  MCD Application Team
N  * @version V3.5.0
N  * @date    08-April-2011
N  * @brief   Main Interrupt Service Routines.
N  *          This file provides template for all exceptions handler and 
N  *          peripherals interrupt service routine.
N  ******************************************************************************
N  * @attention
N  *
N  * THE PRESENT FIRMWARE WHICH IS FOR GUIDANCE ONLY AIMS AT PROVIDING CUSTOMERS
N  * WITH CODING INFORMATION REGARDING THEIR PRODUCTS IN ORDER FOR THEM TO SAVE
N  * TIME. AS A RESULT, STMICROELECTRONICS SHALL NOT BE HELD LIABLE FOR ANY
N  * DIRECT, INDIRECT OR CONSEQUENTIAL DAMAGES WITH RESPECT TO ANY CLAIMS ARISING
N  * FROM THE CONTENT OF SUCH FIRMWARE AND/OR THE USE MADE BY CUSTOMERS OF THE
N  * CODING INFORMATION CONTAINED HEREIN IN CONNECTION WITH THEIR PRODUCTS.
N  *
N  * <h2><center>&copy; COPYRIGHT 2011 STMicroelectronics</center></h2>
N  ******************************************************************************
N  */
N
N/* Includes ------------------------------------------------------------------*/
N/** @addtogroup STM32F10x_StdPeriph_Template
N  * @{
N  */
N
N/* Private typedef -----------------------------------------------------------*/
N/* Private define ------------------------------------------------------------*/
N/* Private macro -------------------------------------------------------------*/
N/* Private variables ---------------------------------------------------------*/
N/* Private function prototypes -----------------------------------------------*/
N/* Private functions ---------------------------------------------------------*/
N
N/******************************************************************************/
N/*            Cortex-M3 Processor Exceptions Handlers                         */
N/******************************************************************************/
N
N/**
N  * @brief  This function handles NMI exception.
N  * @param  None
N  * @retval None
N  */
Nvoid NMI_Handler(void)
N{
N}
N
N/**
N  * @brief  This function handles Hard Fault exception.
N  * @param  None
N  * @retval None
N  */
Nvoid HardFault_Handler(void)
N{
N  /* Go to infinite loop when Hard Fault exception occurs */
N  while (1)
N  {
N  }
N}
N
N/**
N  * @brief  This function handles Memory Manage exception.
N  * @param  None
N  * @retval None
N  */
Nvoid MemManage_Handler(void)
N{
N  /* Go to infinite loop when Memory Manage exception occurs */
N  while (1)
N  {
N  }
N}
N
N/**
N  * @brief  This function handles Bus Fault exception.
N  * @param  None
N  * @retval None
N  */
Nvoid BusFault_Handler(void)
N{
N  /* Go to infinite loop when Bus Fault exception occurs */
N  while (1)
N  {
N  }
N}
N
N/**
N  * @brief  This function handles Usage Fault exception.
N  * @param  None
N  * @retval None
N  */
Nvoid UsageFault_Handler(void)
N{
N  /* Go to infinite loop when Usage Fault exception occurs */
N  while (1)
N  {
N  }
N}
N
N/**
N  * @brief  This function handles SVCall exception.
N  * @param  None
N  * @retval None
N  */
Nvoid SVC_Handler(void)
N{
N}
N
N/**
N  * @brief  This function handles Debug Monitor exception.
N  * @param  None
N  * @retval None
N  */
Nvoid DebugMon_Handler(void)
N{
N}
N
N/**
N  * @brief  This function handles PendSVC exception.
N  * @param  None
N  * @retval None
N  */
N#if 0
Svoid PendSV_Handler(void)
S{
S}
N#endif
N
N/**
N  * @brief  This function handles SysTick Handler.
N  * @param  None
N  * @retval None
N  */
Nvoid SysTick_Handler(void)
N{
N	OSIntEnter(); 	 //用于统计中断的嵌套层数，对嵌套层数+1
N	OSTimeTick();	   //统计时间，遍历任务，对延时任务计时减1
N	OSIntExit();	   //对嵌套层数减1，在退出中断前启动任务调度
N}
N
N/******************************************************************************/
N/*                 STM32F10x Peripherals Interrupt Handlers                   */
N/*  Add here the Interrupt Handler for the used peripheral(s) (PPP), for the  */
N/*  available peripheral interrupt handler's name please refer to the startup */
N/*  file (startup_stm32f10x_xx.s).                                            */
N/******************************************************************************/
N
N/**
N  * @brief  This function handles PPP interrupt request.
N  * @param  None
N  * @retval None
N  */
N/*void PPP_IRQHandler(void)
N{
N}*/
N
N/**
N  * @}
N  */ 
N
N
N/******************* (C) COPYRIGHT 2011 STMicroelectronics *****END OF FILE****/
